Component: ARM Compiler 5.06 update 3 (build 300) Tool: armlink [4d35c9]

==============================================================================

Section Cross References

    hsmtemplatemain.o(i.main) refers to _printf_percent.o(.ARM.Collect$$_printf_percent$$00000000) for _printf_percent
    hsmtemplatemain.o(i.main) refers to _printf_s.o(.ARM.Collect$$_printf_percent$$00000014) for _printf_s
    hsmtemplatemain.o(i.main) refers to _printf_str.o(.text) for _printf_str
    hsmtemplatemain.o(i.main) refers to sysctl.o(i.SysCtlClockSet) for SysCtlClockSet
    hsmtemplatemain.o(i.main) refers to termio.o(i.TERMIO_Init) for TERMIO_Init
    hsmtemplatemain.o(i.main) refers to puts.o(.text) for puts
    hsmtemplatemain.o(i.main) refers to noretval__2printf.o(.text) for __2printf
    hsmtemplatemain.o(i.main) refers to hardware.o(i.InitAll) for InitAll
    hsmtemplatemain.o(i.main) refers to es_framework.o(i.ES_Initialize) for ES_Initialize
    hsmtemplatemain.o(i.main) refers to es_framework.o(i.ES_Run) for ES_Run
    eventcheckers.o(i.Check4Keystroke) refers to termio.o(i.kbhit) for kbhit
    eventcheckers.o(i.Check4Keystroke) refers to getc.o(.text) for getc
    eventcheckers.o(i.Check4Keystroke) refers to masterhsm.o(i.PostMasterSM) for PostMasterSM
    eventcheckers.o(i.Check4Keystroke) refers to pwm0_tiva.o(i.PWM0_SetDuty) for PWM0_SetDuty
    eventcheckers.o(i.Check4Keystroke) refers to motors.o(i.Motor1Enable) for Motor1Enable
    eventcheckers.o(i.Check4Keystroke) refers to motors.o(i.Motor1Direction) for Motor1Direction
    eventcheckers.o(i.Check4Keystroke) refers to noretval__2printf.o(.text) for __2printf
    eventcheckers.o(i.Check4Keystroke) refers to retarget.o(.data) for __stdin
    mapkeys.o(i.InitMapKeys) refers to mapkeys.o(.data) for .data
    mapkeys.o(i.PostMapKeys) refers to es_framework.o(i.ES_PostToService) for ES_PostToService
    mapkeys.o(i.PostMapKeys) refers to mapkeys.o(.data) for .data
    mapkeys.o(i.RunMapKeys) refers to toupper.o(.text) for toupper
    mapkeys.o(i.RunMapKeys) refers to masterhsm.o(i.PostMasterSM) for PostMasterSM
    calibratinghsm.o(i.QueryCalibratingSM) refers to calibratinghsm.o(.data) for .data
    calibratinghsm.o(i.RunCalibratingSM) refers to puts.o(.text) for puts
    calibratinghsm.o(i.RunCalibratingSM) refers to calibratinghsm.o(.data) for .data
    calibratinghsm.o(i.RunCalibratingSM) refers to calibratinghsm.o(.constdata) for .constdata
    calibratinghsm.o(i.RunCalibratingSM) refers to calibratinghsm.o(.conststring) for .conststring
    calibratinghsm.o(i.StartCalibratingSM) refers to puts.o(.text) for puts
    calibratinghsm.o(i.StartCalibratingSM) refers to calibratinghsm.o(i.RunCalibratingSM) for RunCalibratingSM
    calibratinghsm.o(i.StartCalibratingSM) refers to calibratinghsm.o(.data) for .data
    crimpinghsm.o(i.QueryCrimpingSM) refers to crimpinghsm.o(.data) for .data
    crimpinghsm.o(i.RunCrimpingSM) refers to puts.o(.text) for puts
    crimpinghsm.o(i.RunCrimpingSM) refers to crimpinghsm.o(.data) for .data
    crimpinghsm.o(i.RunCrimpingSM) refers to crimpinghsm.o(.constdata) for .constdata
    crimpinghsm.o(i.RunCrimpingSM) refers to crimpinghsm.o(.conststring) for .conststring
    crimpinghsm.o(i.StartCrimpingSM) refers to crimpinghsm.o(i.RunCrimpingSM) for RunCrimpingSM
    crimpinghsm.o(i.StartCrimpingSM) refers to crimpinghsm.o(.data) for .data
    masterhsm.o(i.InitMasterSM) refers to masterhsm.o(i.StartMasterSM) for StartMasterSM
    masterhsm.o(i.InitMasterSM) refers to masterhsm.o(.data) for .data
    masterhsm.o(i.PostMasterSM) refers to es_framework.o(i.ES_PostToService) for ES_PostToService
    masterhsm.o(i.PostMasterSM) refers to masterhsm.o(.data) for .data
    masterhsm.o(i.RunMasterSM) refers to puts.o(.text) for puts
    masterhsm.o(i.RunMasterSM) refers to calibratinghsm.o(i.RunCalibratingSM) for RunCalibratingSM
    masterhsm.o(i.RunMasterSM) refers to calibratinghsm.o(i.StartCalibratingSM) for StartCalibratingSM
    masterhsm.o(i.RunMasterSM) refers to testinghsm.o(i.RunTestingSM) for RunTestingSM
    masterhsm.o(i.RunMasterSM) refers to testinghsm.o(i.StartTestingSM) for StartTestingSM
    masterhsm.o(i.RunMasterSM) refers to crimpinghsm.o(i.RunCrimpingSM) for RunCrimpingSM
    masterhsm.o(i.RunMasterSM) refers to crimpinghsm.o(i.StartCrimpingSM) for StartCrimpingSM
    masterhsm.o(i.RunMasterSM) refers to zeroingmotorshsm.o(i.RunZeroingMotorsSM) for RunZeroingMotorsSM
    masterhsm.o(i.RunMasterSM) refers to zeroingmotorshsm.o(i.StartZeroingMotorsSM) for StartZeroingMotorsSM
    masterhsm.o(i.RunMasterSM) refers to masterhsm.o(.data) for .data
    masterhsm.o(i.RunMasterSM) refers to masterhsm.o(.constdata) for .constdata
    masterhsm.o(i.StartMasterSM) refers to masterhsm.o(i.RunMasterSM) for RunMasterSM
    masterhsm.o(i.StartMasterSM) refers to masterhsm.o(.data) for .data
    testinghsm.o(i.QueryTestingSM) refers to testinghsm.o(.data) for .data
[...]
    Removing gpio.o(i.GPIOPinTypeComparatorOutput), (28 bytes).
    Removing gpio.o(i.GPIOPinTypeDIVSCLK), (28 bytes).
    Removing gpio.o(i.GPIOPinTypeEPI), (28 bytes).
    Removing gpio.o(i.GPIOPinTypeEthernetLED), (28 bytes).
    Removing gpio.o(i.GPIOPinTypeEthernetMII), (28 bytes).
    Removing gpio.o(i.GPIOPinTypeGPIOOutput), (28 bytes).
    Removing gpio.o(i.GPIOPinTypeGPIOOutputOD), (28 bytes).
    Removing gpio.o(i.GPIOPinTypeHibernateRTCCLK), (28 bytes).
    Removing gpio.o(i.GPIOPinTypeI2C), (28 bytes).
    Removing gpio.o(i.GPIOPinTypeI2CSCL), (28 bytes).
    Removing gpio.o(i.GPIOPinTypeLCD), (28 bytes).
    Removing gpio.o(i.GPIOPinTypeOneWire), (28 bytes).
    Removing gpio.o(i.GPIOPinTypePWM), (28 bytes).
    Removing gpio.o(i.GPIOPinTypeQEI), (28 bytes).
    Removing gpio.o(i.GPIOPinTypeSSI), (28 bytes).
    Removing gpio.o(i.GPIOPinTypeTimer), (28 bytes).
    Removing gpio.o(i.GPIOPinTypeTrace), (28 bytes).
    Removing gpio.o(i.GPIOPinTypeUSBAnalog), (28 bytes).
    Removing gpio.o(i.GPIOPinTypeUSBDigital), (28 bytes).
    Removing gpio.o(i.GPIOPinTypeWakeHigh), (30 bytes).
    Removing gpio.o(i.GPIOPinTypeWakeLow), (30 bytes).
    Removing gpio.o(i.GPIOPinWakeStatus), (6 bytes).
    Removing gpio.o(i.GPIOPinWrite), (6 bytes).
    Removing interrupt.o(i.IntDisable), (100 bytes).
    Removing interrupt.o(i.IntEnable), (100 bytes).
    Removing interrupt.o(i.IntIsEnabled), (96 bytes).
    Removing interrupt.o(i.IntMasterDisable), (14 bytes).
    Removing interrupt.o(i.IntPendClear), (68 bytes).
    Removing interrupt.o(i.IntPendSet), (84 bytes).
    Removing interrupt.o(i.IntPriorityGet), (28 bytes).
    Removing interrupt.o(i.IntPriorityGroupingGet), (36 bytes).
    Removing interrupt.o(i.IntPriorityGroupingSet), (28 bytes).
    Removing interrupt.o(i.IntPriorityMaskGet), (4 bytes).
    Removing interrupt.o(i.IntPriorityMaskSet), (4 bytes).
    Removing interrupt.o(i.IntPrioritySet), (40 bytes).
    Removing interrupt.o(i.IntRegister), (52 bytes).
    Removing interrupt.o(i.IntTrigger), (12 bytes).
    Removing interrupt.o(i.IntUnregister), (20 bytes).
    Removing interrupt.o(i._IntDefaultHandler), (2 bytes).
    Removing interrupt.o(.constdata), (268 bytes).
    Removing interrupt.o(vtable), (620 bytes).
    Removing sysctl.o(i.SysCtlAltClkConfig), (12 bytes).
    Removing sysctl.o(i.SysCtlClockFreqSet), (708 bytes).
    Removing sysctl.o(i.SysCtlClockGet), (340 bytes).
    Removing sysctl.o(i.SysCtlClockOutConfig), (20 bytes).
    Removing sysctl.o(i.SysCtlDeepSleep), (32 bytes).
    Removing sysctl.o(i.SysCtlDeepSleepClockConfigSet), (112 bytes).
    Removing sysctl.o(i.SysCtlDeepSleepClockSet), (12 bytes).
    Removing sysctl.o(i.SysCtlDeepSleepPowerSet), (12 bytes).
    Removing sysctl.o(i.SysCtlFlashSectorSizeGet), (56 bytes).
    Removing sysctl.o(i.SysCtlFlashSizeGet), (56 bytes).
    Removing sysctl.o(i.SysCtlGPIOAHBDisable), (28 bytes).
    Removing sysctl.o(i.SysCtlGPIOAHBEnable), (24 bytes).
    Removing sysctl.o(i.SysCtlIntClear), (12 bytes).
    Removing sysctl.o(i.SysCtlIntDisable), (16 bytes).
    Removing sysctl.o(i.SysCtlIntEnable), (16 bytes).
    Removing sysctl.o(i.SysCtlIntRegister), (20 bytes).
    Removing sysctl.o(i.SysCtlIntStatus), (16 bytes).
    Removing sysctl.o(i.SysCtlIntUnregister), (18 bytes).
    Removing sysctl.o(i.SysCtlLDODeepSleepGet), (12 bytes).
    Removing sysctl.o(i.SysCtlLDODeepSleepSet), (12 bytes).
    Removing sysctl.o(i.SysCtlLDOSleepGet), (12 bytes).
    Removing sysctl.o(i.SysCtlLDOSleepSet), (12 bytes).
    Removing sysctl.o(i.SysCtlMOSCConfigSet), (12 bytes).
    Removing sysctl.o(i.SysCtlNMIClear), (16 bytes).
    Removing sysctl.o(i.SysCtlNMIStatus), (12 bytes).
    Removing sysctl.o(i.SysCtlPIOSCCalibrate), (76 bytes).
    Removing sysctl.o(i.SysCtlPWMClockGet), (24 bytes).
    Removing sysctl.o(i.SysCtlPWMClockSet), (20 bytes).
    Removing sysctl.o(i.SysCtlPeripheralClockGating), (68 bytes).
    Removing sysctl.o(i.SysCtlPeripheralDeepSleepDisable), (40 bytes).
    Removing sysctl.o(i.SysCtlPeripheralDeepSleepEnable), (40 bytes).
    Removing sysctl.o(i.SysCtlPeripheralDisable), (40 bytes).
    Removing sysctl.o(i.SysCtlPeripheralPowerOff), (40 bytes).
    Removing sysctl.o(i.SysCtlPeripheralPowerOn), (40 bytes).
    Removing sysctl.o(i.SysCtlPeripheralPresent), (44 bytes).
    Removing sysctl.o(i.SysCtlPeripheralReady), (44 bytes).
    Removing sysctl.o(i.SysCtlPeripheralReset), (60 bytes).
    Removing sysctl.o(i.SysCtlPeripheralSleepDisable), (40 bytes).
    Removing sysctl.o(i.SysCtlPeripheralSleepEnable), (40 bytes).
    Removing sysctl.o(i.SysCtlReset), (16 bytes).
    Removing sysctl.o(i.SysCtlResetBehaviorGet), (12 bytes).
    Removing sysctl.o(i.SysCtlResetBehaviorSet), (12 bytes).
    Removing sysctl.o(i.SysCtlResetCauseClear), (16 bytes).
    Removing sysctl.o(i.SysCtlResetCauseGet), (12 bytes).
    Removing sysctl.o(i.SysCtlSRAMSizeGet), (16 bytes).
    Removing sysctl.o(i.SysCtlSleep), (4 bytes).
    Removing sysctl.o(i.SysCtlSleepPowerSet), (12 bytes).
    Removing sysctl.o(i.SysCtlUSBPLLDisable), (16 bytes).
    Removing sysctl.o(i.SysCtlUSBPLLEnable), (16 bytes).
    Removing sysctl.o(i.SysCtlVCOGet), (120 bytes).
    Removing sysctl.o(i.SysCtlVoltageEventClear), (16 bytes).
    Removing sysctl.o(i.SysCtlVoltageEventConfig), (12 bytes).
    Removing sysctl.o(i.SysCtlVoltageEventStatus), (12 bytes).
    Removing sysctl.o(.constdata), (596 bytes).
    Removing systick.o(i.SysTickDisable), (14 bytes).
    Removing systick.o(i.SysTickIntDisable), (14 bytes).
    Removing systick.o(i.SysTickIntRegister), (24 bytes).
    Removing systick.o(i.SysTickIntUnregister), (18 bytes).
    Removing systick.o(i.SysTickPeriodGet), (10 bytes).
    Removing systick.o(i.SysTickValueGet), (8 bytes).
    Removing uart.o(i.UART9BitAddrSend), (38 bytes).
    Removing uart.o(i.UART9BitAddrSet), (10 bytes).
    Removing uart.o(i.UART9BitDisable), (14 bytes).
    Removing uart.o(i.UART9BitEnable), (14 bytes).
    Removing uart.o(i.UARTBreakCtl), (18 bytes).
    Removing uart.o(i.UARTBusy), (8 bytes).
    Removing uart.o(i.UARTCharGet), (12 bytes).
    Removing uart.o(i.UARTCharGetNonBlocking), (16 bytes).
    Removing uart.o(i.UARTCharPutNonBlocking), (16 bytes).
    Removing uart.o(i.UARTCharsAvail), (10 bytes).
    Removing uart.o(i.UARTClockSourceGet), (6 bytes).
    Removing uart.o(i.UARTConfigGetExpClk), (46 bytes).
    Removing uart.o(i.UARTConfigSetExpClk), (110 bytes).
    Removing uart.o(i.UARTDMADisable), (10 bytes).
    Removing uart.o(i.UARTDMAEnable), (8 bytes).
    Removing uart.o(i.UARTDisable), (30 bytes).
    Removing uart.o(i.UARTDisableSIR), (10 bytes).
    Removing uart.o(i.UARTEnable), (20 bytes).
    Removing uart.o(i.UARTEnableSIR), (18 bytes).
    Removing uart.o(i.UARTFIFODisable), (10 bytes).
    Removing uart.o(i.UARTFIFOEnable), (10 bytes).
    Removing uart.o(i.UARTFIFOLevelGet), (16 bytes).
    Removing uart.o(i.UARTFIFOLevelSet), (6 bytes).
    Removing uart.o(i.UARTFlowControlGet), (8 bytes).
    Removing uart.o(i.UARTFlowControlSet), (12 bytes).
    Removing uart.o(i.UARTIntClear), (4 bytes).
    Removing uart.o(i.UARTIntDisable), (10 bytes).
    Removing uart.o(i.UARTIntEnable), (8 bytes).
    Removing uart.o(i.UARTIntRegister), (88 bytes).
    Removing uart.o(i.UARTIntStatus), (10 bytes).
    Removing uart.o(i.UARTIntUnregister), (88 bytes).
    Removing uart.o(i.UARTLoopbackEnable), (10 bytes).
    Removing uart.o(i.UARTModemControlClear), (14 bytes).
    Removing uart.o(i.UARTModemControlGet), (8 bytes).
    Removing uart.o(i.UARTModemControlSet), (12 bytes).
    Removing uart.o(i.UARTModemStatusGet), (10 bytes).
    Removing uart.o(i.UARTParityModeGet), (8 bytes).
    Removing uart.o(i.UARTParityModeSet), (12 bytes).
    Removing uart.o(i.UARTRxErrorClear), (6 bytes).
    Removing uart.o(i.UARTRxErrorGet), (8 bytes).
    Removing uart.o(i.UARTSmartCardDisable), (10 bytes).
    Removing uart.o(i.UARTSmartCardEnable), (22 bytes).
    Removing uart.o(i.UARTSpaceAvail), (10 bytes).
    Removing uart.o(i.UARTTxIntModeGet), (8 bytes).
    Removing uart.o(i.UARTTxIntModeSet), (12 bytes).
    Removing uart.o(.constdata), (128 bytes).

223 unused section(s) (total 10610 bytes) removed from the image.

==============================================================================

Image Symbol Table

    Local Symbols

    Symbol Name                              Value     Ov Type        Size  Object(Section)

    RESET                                    0x00000000   Section      648  startup_rvmdk.o(RESET)
    ../clib/angel/boardlib.s                 0x00000000   Number         0  boardinit2.o ABSOLUTE
    ../clib/angel/boardlib.s                 0x00000000   Number         0  boardinit3.o ABSOLUTE
    ../clib/angel/boardlib.s                 0x00000000   Number         0  boardinit1.o ABSOLUTE
    ../clib/angel/boardlib.s                 0x00000000   Number         0  boardshut.o ABSOLUTE
    ../clib/angel/handlers.s                 0x00000000   Number         0  __scatter_copy.o ABSOLUTE
    ../clib/angel/handlers.s                 0x00000000   Number         0  __scatter_zi.o ABSOLUTE
    ../clib/angel/kernel.s                   0x00000000   Number         0  rtexit.o ABSOLUTE
    ../clib/angel/kernel.s                   0x00000000   Number         0  __rtentry2.o ABSOLUTE
    ../clib/angel/kernel.s                   0x00000000   Number         0  __rtentry4.o ABSOLUTE
    ../clib/angel/kernel.s                   0x00000000   Number         0  __rtentry.o ABSOLUTE
    ../clib/angel/kernel.s                   0x00000000   Number         0  rtexit2.o ABSOLUTE
    ../clib/angel/rt.s                       0x00000000   Number         0  rt_raise.o ABSOLUTE
    ../clib/angel/rt.s                       0x00000000   Number         0  rt_locale.o ABSOLUTE
    ../clib/angel/rt.s                       0x00000000   Number         0  rt_ctype_table.o ABSOLUTE
    ../clib/angel/rt.s                       0x00000000   Number         0  rt_locale_intlibspace.o ABSOLUTE
    ../clib/angel/scatter.s                  0x00000000   Number         0  __scatter.o ABSOLUTE
    ../clib/angel/startup.s                  0x00000000   Number         0  __main.o ABSOLUTE
    ../clib/angel/sys.s                      0x00000000   Number         0  use_no_semi.o ABSOLUTE
    ../clib/angel/sys.s                      0x00000000   Number         0  sys_stackheap_outer.o ABSOLUTE
    ../clib/angel/sys.s                      0x00000000   Number         0  libspace.o ABSOLUTE
    ../clib/angel/sys.s                      0x00000000   Number         0  indicate_semi.o ABSOLUTE
    ../clib/angel/sysapp.c                   0x00000000   Number         0  sys_command.o ABSOLUTE
    ../clib/armsys.c                         0x00000000   Number         0  no_argv.o ABSOLUTE
    ../clib/armsys.c                         0x00000000   Number         0  _get_argv_nomalloc.o ABSOLUTE
    ../clib/armsys.c                         0x00000000   Number         0  argv_veneer.o ABSOLUTE
    ../clib/armsys.c                         0x00000000   Number         0  argv_veneer.o ABSOLUTE
    ../clib/ctype.c                          0x00000000   Number         0  toupper.o ABSOLUTE
    ../clib/heapalloc.c                      0x00000000   Number         0  hrguard.o ABSOLUTE
    ../clib/heapaux.c                        0x00000000   Number         0  heapauxi.o ABSOLUTE
    ../clib/libinit.s                        0x00000000   Number         0  libinit2.o ABSOLUTE
    ../clib/libinit.s                        0x00000000   Number         0  libshutdown.o ABSOLUTE
    ../clib/libinit.s                        0x00000000   Number         0  libinit.o ABSOLUTE
    ../clib/libinit.s                        0x00000000   Number         0  libshutdown2.o ABSOLUTE
    ../clib/locale.s                         0x00000000   Number         0  lc_ctype_c.o ABSOLUTE
    ../clib/memcpset.s                       0x00000000   Number         0  strcmpv7m.o ABSOLUTE
    ../clib/printf.c                         0x00000000   Number         0  __printf_ss_wp.o ABSOLUTE
    ../clib/printf.c                         0x00000000   Number         0  __printf_flags_wp.o ABSOLUTE
    ../clib/printf.c                         0x00000000   Number         0  __printf_ss.o ABSOLUTE
    ../clib/printf.c                         0x00000000   Number         0  __printf_flags.o ABSOLUTE
    ../clib/printf.c                         0x00000000   Number         0  _printf_dec.o ABSOLUTE
    ../clib/printf.c                         0x00000000   Number         0  _printf_str.o ABSOLUTE
    ../clib/printf.c                         0x00000000   Number         0  __printf.o ABSOLUTE
    ../clib/printf.c                         0x00000000   Number         0  noretval__2printf.o ABSOLUTE
    ../clib/printf.c                         0x00000000   Number         0  __2printf.o ABSOLUTE
    ../clib/printf.c                         0x00000000   Number         0  __printf_nopercent.o ABSOLUTE
    ../clib/printf.c                         0x00000000   Number         0  _printf_char_common.o ABSOLUTE
    ../clib/printf.c                         0x00000000   Number         0  __printf_wp.o ABSOLUTE
    ../clib/printf.c                         0x00000000   Number         0  _printf_char_file.o ABSOLUTE
    ../clib/printf.c                         0x00000000   Number         0  _printf_char.o ABSOLUTE
    ../clib/printf.c                         0x00000000   Number         0  _printf_intcommon.o ABSOLUTE
    ../clib/printf.c                         0x00000000   Number         0  __printf_flags_ss.o ABSOLUTE
    ../clib/printf.c                         0x00000000   Number         0  __printf_flags_ss_wp.o ABSOLUTE
    ../clib/printf_percent.s                 0x00000000   Number         0  _printf_s.o ABSOLUTE
    ../clib/printf_percent.s                 0x00000000   Number         0  _printf_d.o ABSOLUTE
    ../clib/printf_percent.s                 0x00000000   Number         0  _printf_percent.o ABSOLUTE
    ../clib/printf_percent.s                 0x00000000   Number         0  _printf_percent_end.o ABSOLUTE
    ../clib/signal.c                         0x00000000   Number         0  defsig_other.o ABSOLUTE
    ../clib/signal.c                         0x00000000   Number         0  defsig_segv_inner.o ABSOLUTE
    ../clib/signal.c                         0x00000000   Number         0  defsig_abrt_inner.o ABSOLUTE
    ../clib/signal.c                         0x00000000   Number         0  defsig_pvfn_inner.o ABSOLUTE
    ../clib/signal.c                         0x00000000   Number         0  defsig_cppl_inner.o ABSOLUTE
    ../clib/signal.c                         0x00000000   Number         0  __raise.o ABSOLUTE
    ../clib/signal.c                         0x00000000   Number         0  defsig_stak_inner.o ABSOLUTE
    ../clib/signal.c                         0x00000000   Number         0  defsig_rtmem_inner.o ABSOLUTE
    ../clib/signal.c                         0x00000000   Number         0  defsig_exit.o ABSOLUTE
    ../clib/signal.c                         0x00000000   Number         0  defsig_rtred_inner.o ABSOLUTE
    ../clib/signal.c                         0x00000000   Number         0  defsig_fpe_inner.o ABSOLUTE
    ../clib/signal.c                         0x00000000   Number         0  defsig_rtmem_formal.o ABSOLUTE
    ../clib/signal.c                         0x00000000   Number         0  defsig_rtmem_outer.o ABSOLUTE
    ../clib/signal.c                         0x00000000   Number         0  defsig_general.o ABSOLUTE
    ../clib/signal.s                         0x00000000   Number         0  defsig.o ABSOLUTE
    ../clib/stdio.c                          0x00000000   Number         0  getc.o ABSOLUTE
    ../clib/stdio.c                          0x00000000   Number         0  puts.o ABSOLUTE
    ../clib/stdlib.c                         0x00000000   Number         0  exit.o ABSOLUTE
    ../fplib/fpinit.s                        0x00000000   Number         0  fpinit.o ABSOLUTE
    Source\ADMulti.c                         0x00000000   Number         0  admulti.o ABSOLUTE
    Source\CAN.c                             0x00000000   Number         0  can.o ABSOLUTE
    Source\CalibratingHSM.c                  0x00000000   Number         0  calibratinghsm.o ABSOLUTE
    Source\CrimpingHSM.c                     0x00000000   Number         0  crimpinghsm.o ABSOLUTE
    Source\ES_CheckEvents.c                  0x00000000   Number         0  es_checkevents.o ABSOLUTE
    Source\ES_DeferRecall.c                  0x00000000   Number         0  es_deferrecall.o ABSOLUTE
    Source\ES_Framework.c                    0x00000000   Number         0  es_framework.o ABSOLUTE
    Source\ES_LookupTables.c                 0x00000000   Number         0  es_lookuptables.o ABSOLUTE
    Source\ES_Port.c                         0x00000000   Number         0  es_port.o ABSOLUTE
    Source\ES_PostList.c                     0x00000000   Number         0  es_postlist.o ABSOLUTE
    Source\ES_Queue.c                        0x00000000   Number         0  es_queue.o ABSOLUTE
    Source\ES_Timers.c                       0x00000000   Number         0  es_timers.o ABSOLUTE
    Source\EnablePA25_PB23_PD7_PF0.c         0x00000000   Number         0  enablepa25_pb23_pd7_pf0.o ABSOLUTE
    Source\Encoders.c                        0x00000000   Number         0  encoders.o ABSOLUTE
    Source\EventCheckers.c                   0x00000000   Number         0  eventcheckers.o ABSOLUTE
    Source\HSMTemplateMain.c                 0x00000000   Number         0  hsmtemplatemain.o ABSOLUTE
    Source\Hardware.c                        0x00000000   Number         0  hardware.o ABSOLUTE
    Source\MapKeys.c                         0x00000000   Number         0  mapkeys.o ABSOLUTE
    Source\MasterHSM.c                       0x00000000   Number         0  masterhsm.o ABSOLUTE
    Source\Motors.c                          0x00000000   Number         0  motors.o ABSOLUTE
    Source\PWM0_Tiva.c                       0x00000000   Number         0  pwm0_tiva.o ABSOLUTE
    Source\TestingHSM.c                      0x00000000   Number         0  testinghsm.o ABSOLUTE
    Source\WaitingForModeSelect.c            0x00000000   Number         0  waitingformodeselect.o ABSOLUTE
    Source\ZeroingMotorsHSM.c                0x00000000   Number         0  zeroingmotorshsm.o ABSOLUTE
    Source\retarget.c                        0x00000000   Number         0  retarget.o ABSOLUTE
    Source\termio.c                          0x00000000   Number         0  termio.o ABSOLUTE
    Source\uartstdio.c                       0x00000000   Number         0  uartstdio.o ABSOLUTE
    StartUp\startup_rvmdk.S                  0x00000000   Number         0  startup_rvmdk.o ABSOLUTE
    can.c                                    0x00000000   Number         0  can.o ABSOLUTE
    cpu.c                                    0x00000000   Number         0  cpu.o ABSOLUTE
    cpu.c                                    0x00000000   Number         0  cpu.o ABSOLUTE
    dc.s                                     0x00000000   Number         0  dc.o ABSOLUTE
    gpio.c                                   0x00000000   Number         0  gpio.o ABSOLUTE
    interrupt.c                              0x00000000   Number         0  interrupt.o ABSOLUTE
    sysctl.c                                 0x00000000   Number         0  sysctl.o ABSOLUTE
    sysctl.c                                 0x00000000   Number         0  sysctl.o ABSOLUTE
    systick.c                                0x00000000   Number         0  systick.o ABSOLUTE
    uart.c                                   0x00000000   Number         0  uart.o ABSOLUTE
    $v0                                      0x0000026c   Number         0  startup_rvmdk.o(RESET)
    NmiSR                                    0x00000281   Thumb Code     0  startup_rvmdk.o(RESET)
    FaultISR                                 0x00000283   Thumb Code     0  startup_rvmdk.o(RESET)
    IntDefaultHandler                        0x00000285   Thumb Code     0  startup_rvmdk.o(RESET)
    !!!main                                  0x00000288   Section        8  __main.o(!!!main)
    !!!scatter                               0x00000290   Section       52  __scatter.o(!!!scatter)
    !!handler_copy                           0x000002c4   Section       26  __scatter_copy.o(!!handler_copy)
    !!handler_zi                             0x000002e0   Section       28  __scatter_zi.o(!!handler_zi)
    .ARM.Collect$$_printf_percent$$00000000  0x000002fc   Section        0  _printf_percent.o(.ARM.Collect$$_printf_percent$$00000000)
    .ARM.Collect$$_printf_percent$$00000014  0x000002fc   Section        6  _printf_s.o(.ARM.Collect$$_printf_percent$$00000014)
    .ARM.Collect$$_printf_percent$$00000017  0x00000302   Section        4  _printf_percent_end.o(.ARM.Collect$$_printf_percent$$00000017)
    .ARM.Collect$$libinit$$00000000          0x00000306   Section        2  libinit.o(.ARM.Collect$$libinit$$00000000)
    .ARM.Collect$$libinit$$00000001          0x00000308   Section        4  libinit2.o(.ARM.Collect$$libinit$$00000001)
    .ARM.Collect$$libinit$$00000004          0x0000030c   Section        0  libinit2.o(.ARM.Collect$$libinit$$00000004)
    .ARM.Collect$$libinit$$0000000A          0x0000030c   Section        0  libinit2.o(.ARM.Collect$$libinit$$0000000A)
    .ARM.Collect$$libinit$$0000000C          0x0000030c   Section        0  libinit2.o(.ARM.Collect$$libinit$$0000000C)
    .ARM.Collect$$libinit$$0000000E          0x0000030c   Section        0  libinit2.o(.ARM.Collect$$libinit$$0000000E)
    .ARM.Collect$$libinit$$0000000F          0x0000030c   Section        6  libinit2.o(.ARM.Collect$$libinit$$0000000F)
    .ARM.Collect$$libinit$$00000011          0x00000312   Section        0  libinit2.o(.ARM.Collect$$libinit$$00000011)
    .ARM.Collect$$libinit$$00000012          0x00000312   Section       12  libinit2.o(.ARM.Collect$$libinit$$00000012)
    .ARM.Collect$$libinit$$00000013          0x0000031e   Section        0  libinit2.o(.ARM.Collect$$libinit$$00000013)
    .ARM.Collect$$libinit$$00000015          0x0000031e   Section        0  libinit2.o(.ARM.Collect$$libinit$$00000015)
    .ARM.Collect$$libinit$$00000017          0x0000031e   Section        0  libinit2.o(.ARM.Collect$$libinit$$00000017)
    .ARM.Collect$$libinit$$00000019          0x0000031e   Section        0  libinit2.o(.ARM.Collect$$libinit$$00000019)
    .ARM.Collect$$libinit$$0000001B          0x0000031e   Section        0  libinit2.o(.ARM.Collect$$libinit$$0000001B)
    .ARM.Collect$$libinit$$0000001D          0x0000031e   Section        0  libinit2.o(.ARM.Collect$$libinit$$0000001D)
    .ARM.Collect$$libinit$$0000001F          0x0000031e   Section        0  libinit2.o(.ARM.Collect$$libinit$$0000001F)
    .ARM.Collect$$libinit$$00000021          0x0000031e   Section        0  libinit2.o(.ARM.Collect$$libinit$$00000021)
    .ARM.Collect$$libinit$$00000023          0x0000031e   Section        0  libinit2.o(.ARM.Collect$$libinit$$00000023)
    .ARM.Collect$$libinit$$00000025          0x0000031e   Section        0  libinit2.o(.ARM.Collect$$libinit$$00000025)
    .ARM.Collect$$libinit$$0000002C          0x0000031e   Section        0  libinit2.o(.ARM.Collect$$libinit$$0000002C)
    .ARM.Collect$$libinit$$0000002E          0x0000031e   Section        0  libinit2.o(.ARM.Collect$$libinit$$0000002E)
    .ARM.Collect$$libinit$$00000030          0x0000031e   Section        0  libinit2.o(.ARM.Collect$$libinit$$00000030)
    .ARM.Collect$$libinit$$00000032          0x0000031e   Section        0  libinit2.o(.ARM.Collect$$libinit$$00000032)
    .ARM.Collect$$libinit$$00000033          0x0000031e   Section        2  libinit2.o(.ARM.Collect$$libinit$$00000033)
    .ARM.Collect$$libshutdown$$00000000      0x00000320   Section        2  libshutdown.o(.ARM.Collect$$libshutdown$$00000000)
    .ARM.Collect$$libshutdown$$00000002      0x00000322   Section        0  libshutdown2.o(.ARM.Collect$$libshutdown$$00000002)
    .ARM.Collect$$libshutdown$$00000004      0x00000322   Section        0  libshutdown2.o(.ARM.Collect$$libshutdown$$00000004)
    .ARM.Collect$$libshutdown$$00000007      0x00000322   Section        0  libshutdown2.o(.ARM.Collect$$libshutdown$$00000007)
    .ARM.Collect$$libshutdown$$0000000A      0x00000322   Section        0  libshutdown2.o(.ARM.Collect$$libshutdown$$0000000A)
    .ARM.Collect$$libshutdown$$0000000C      0x00000322   Section        0  libshutdown2.o(.ARM.Collect$$libshutdown$$0000000C)
    .ARM.Collect$$libshutdown$$0000000F      0x00000322   Section        0  libshutdown2.o(.ARM.Collect$$libshutdown$$0000000F)
    .ARM.Collect$$libshutdown$$00000010      0x00000322   Section        2  libshutdown2.o(.ARM.Collect$$libshutdown$$00000010)
    .ARM.Collect$$rtentry$$00000000          0x00000324   Section        0  __rtentry.o(.ARM.Collect$$rtentry$$00000000)
    .ARM.Collect$$rtentry$$00000002          0x00000324   Section        0  __rtentry2.o(.ARM.Collect$$rtentry$$00000002)
    .ARM.Collect$$rtentry$$00000004          0x00000324   Section        6  __rtentry4.o(.ARM.Collect$$rtentry$$00000004)
    .ARM.Collect$$rtentry$$00000009          0x0000032a   Section        0  __rtentry2.o(.ARM.Collect$$rtentry$$00000009)
    .ARM.Collect$$rtentry$$0000000A          0x0000032a   Section        4  __rtentry2.o(.ARM.Collect$$rtentry$$0000000A)
    .ARM.Collect$$rtentry$$0000000C          0x0000032e   Section        0  __rtentry2.o(.ARM.Collect$$rtentry$$0000000C)
    .ARM.Collect$$rtentry$$0000000D          0x0000032e   Section        8  __rtentry2.o(.ARM.Collect$$rtentry$$0000000D)
    .ARM.Collect$$rtexit$$00000000           0x00000336   Section        2  rtexit.o(.ARM.Collect$$rtexit$$00000000)
    .ARM.Collect$$rtexit$$00000002           0x00000338   Section        0  rtexit2.o(.ARM.Collect$$rtexit$$00000002)
    .ARM.Collect$$rtexit$$00000003           0x00000338   Section        4  rtexit2.o(.ARM.Collect$$rtexit$$00000003)
    .ARM.Collect$$rtexit$$00000004           0x0000033c   Section        6  rtexit2.o(.ARM.Collect$$rtexit$$00000004)
    .emb_text                                0x00000344   Section        6  sysctl.o(.emb_text)
    $v0                                      0x00000344   Number         0  sysctl.o(.emb_text)
    .emb_text                                0x0000034c   Section       38  cpu.o(.emb_text)
    $v0                                      0x0000034c   Number         0  cpu.o(.emb_text)
    .text                                    0x00000374   Section       24  startup_rvmdk.o(.text)
    $v0                                      0x00000374   Number         0  startup_rvmdk.o(.text)
    .text                                    0x0000038c   Section        2  use_no_semi.o(.text)
    .text                                    0x0000038e   Section        0  toupper.o(.text)
    .text                                    0x000003ac   Section        0  noretval__2printf.o(.text)
    .text                                    0x000003c4   Section        0  __printf.o(.text)
    .text                                    0x0000042c   Section        0  _printf_str.o(.text)
    .text                                    0x0000047e   Section        0  getc.o(.text)
    .text                                    0x00000484   Section        0  puts.o(.text)
    .text                                    0x000004b0   Section        0  heapauxi.o(.text)
    .text                                    0x000004b8   Section       16  rt_ctype_table.o(.text)
    .text                                    0x000004c8   Section        0  _printf_char.o(.text)
    .text                                    0x000004f4   Section        0  _printf_char_file.o(.text)
    .text                                    0x00000518   Section        8  rt_locale_intlibspace.o(.text)
    .text                                    0x00000520   Section        0  _printf_char_common.o(.text)
    _printf_input_char                       0x00000521   Thumb Code    10  _printf_char_common.o(.text)
    .text                                    0x00000550   Section        8  libspace.o(.text)
    .text                                    0x00000558   Section       74  sys_stackheap_outer.o(.text)
    .text                                    0x000005a2   Section        0  exit.o(.text)
    .text                                    0x000005b4   Section      128  strcmpv7m.o(.text)
    i.ADC_MultiInit                          0x00000634   Section        0  admulti.o(i.ADC_MultiInit)
    i.CANIntClear                            0x000006fc   Section        0  can.o(i.CANIntClear)
    i.CANIntHandler                          0x00000728   Section        0  can.o(i.CANIntHandler)
    i.CANIntStatus                           0x0000078c   Section        0  can.o(i.CANIntStatus)
    i.CANStatusGet                           0x000007ac   Section        0  can.o(i.CANStatusGet)
    i.CPUgetPRIMASK_cpsid                    0x000007f0   Section        0  es_port.o(i.CPUgetPRIMASK_cpsid)
    i.CPUsetPRIMASK                          0x000007f8   Section        0  es_port.o(i.CPUsetPRIMASK)
    i.Check4Keystroke                        0x00000800   Section        0  eventcheckers.o(i.Check4Keystroke)
    i.ES_CheckUserEvents                     0x0000093c   Section        0  es_checkevents.o(i.ES_CheckUserEvents)
    i.ES_DeQueue                             0x00000964   Section        0  es_queue.o(i.ES_DeQueue)
    i.ES_EnQueueFIFO                         0x000009b8   Section        0  es_queue.o(i.ES_EnQueueFIFO)
    i.ES_GetMSBitSet                         0x00000a00   Section        0  es_lookuptables.o(i.ES_GetMSBitSet)
    i.ES_InitQueue                           0x00000a34   Section        0  es_queue.o(i.ES_InitQueue)
    i.ES_Initialize                          0x00000a44   Section        0  es_framework.o(i.ES_Initialize)
    i.ES_PostToService                       0x00000a90   Section        0  es_framework.o(i.ES_PostToService)
    i.ES_Run                                 0x00000ac8   Section        0  es_framework.o(i.ES_Run)
    i.ES_Timer_Init                          0x00000b28   Section        0  es_timers.o(i.ES_Timer_Init)
    i.ES_Timer_Tick_Resp                     0x00000b2c   Section        0  es_timers.o(i.ES_Timer_Tick_Resp)
    i.Encoder1A_ISR                          0x00000b98   Section        0  encoders.o(i.Encoder1A_ISR)
    i.Encoder1I_ISR                          0x00000bd0   Section        0  encoders.o(i.Encoder1I_ISR)
    i.Encoder2A_ISR                          0x00000bec   Section        0  encoders.o(i.Encoder2A_ISR)
    i.Encoder2I_ISR                          0x00000c24   Section        0  encoders.o(i.Encoder2I_ISR)
    i.GPIODirModeSet                         0x00000c40   Section        0  gpio.o(i.GPIODirModeSet)
    i.GPIOPadConfigSet                       0x00000c68   Section        0  gpio.o(i.GPIOPadConfigSet)
    i.GPIOPinConfigure                       0x00000da0   Section        0  gpio.o(i.GPIOPinConfigure)
    i.GPIOPinTypeGPIOInput                   0x00000de4   Section        0  gpio.o(i.GPIOPinTypeGPIOInput)
    i.GPIOPinTypeUART                        0x00000e00   Section        0  gpio.o(i.GPIOPinTypeUART)
    i.InitAll                                0x00000e1c   Section        0  hardware.o(i.InitAll)
    i.InitEncoders                           0x00000e40   Section        0  encoders.o(i.InitEncoders)
    i.InitMapKeys                            0x00000f7c   Section        0  mapkeys.o(i.InitMapKeys)
    i.InitMasterSM                           0x00000f88   Section        0  masterhsm.o(i.InitMasterSM)
    i.InitMotors                             0x00000fa4   Section        0  motors.o(i.InitMotors)
    i.InitPorts                              0x00000fd4   Section        0  hardware.o(i.InitPorts)
    i.IntMasterEnable                        0x00001030   Section        0  interrupt.o(i.IntMasterEnable)
    i.Motor1Direction                        0x0000103e   Section        0  motors.o(i.Motor1Direction)
    i.Motor1Enable                           0x00001060   Section        0  motors.o(i.Motor1Enable)
    i.PWM0_Init                              0x00001084   Section        0  pwm0_tiva.o(i.PWM0_Init)
    i.PWM0_SetDuty                           0x00001124   Section        0  pwm0_tiva.o(i.PWM0_SetDuty)
    i.PWM1_Init                              0x000011a4   Section        0  pwm0_tiva.o(i.PWM1_Init)
    i.PWM1_SetDuty                           0x00001250   Section        0  pwm0_tiva.o(i.PWM1_SetDuty)
    i.PortFunctionInit                       0x000012ec   Section        0  enablepa25_pb23_pd7_pf0.o(i.PortFunctionInit)
    i.PostMasterSM                           0x0000138c   Section        0  masterhsm.o(i.PostMasterSM)
    i.RunCalibratingSM                       0x0000139c   Section        0  calibratinghsm.o(i.RunCalibratingSM)
    i.RunCrimpingSM                          0x00001470   Section        0  crimpinghsm.o(i.RunCrimpingSM)
    i.RunMapKeys                             0x000014cc   Section        0  mapkeys.o(i.RunMapKeys)
    i.RunMasterSM                            0x000014f4   Section        0  masterhsm.o(i.RunMasterSM)
    i.RunTestingSM                           0x000016dc   Section        0  testinghsm.o(i.RunTestingSM)
    i.RunZeroingMotorsSM                     0x00001738   Section        0  zeroingmotorshsm.o(i.RunZeroingMotorsSM)
    i.StartCalibratingSM                     0x00001794   Section        0  calibratinghsm.o(i.StartCalibratingSM)
    i.StartCrimpingSM                        0x000017d0   Section        0  crimpinghsm.o(i.StartCrimpingSM)
    i.StartMasterSM                          0x000017e4   Section        0  masterhsm.o(i.StartMasterSM)
    i.StartTestingSM                         0x000017f4   Section        0  testinghsm.o(i.StartTestingSM)
    i.StartZeroingMotorsSM                   0x00001808   Section        0  zeroingmotorshsm.o(i.StartZeroingMotorsSM)
    i.SysCtlClockSet                         0x0000181c   Section        0  sysctl.o(i.SysCtlClockSet)
    i.SysCtlPeripheralEnable                 0x0000193c   Section        0  sysctl.o(i.SysCtlPeripheralEnable)
    i.SysTickEnable                          0x00001964   Section        0  systick.o(i.SysTickEnable)
    i.SysTickIntEnable                       0x00001972   Section        0  systick.o(i.SysTickIntEnable)
    i.SysTickIntHandler                      0x00001980   Section        0  es_port.o(i.SysTickIntHandler)
    i.SysTickPeriodSet                       0x00001994   Section        0  systick.o(i.SysTickPeriodSet)
    i.TERMIO_GetChar                         0x0000199e   Section        0  termio.o(i.TERMIO_GetChar)
    i.TERMIO_Init                            0x000019a4   Section        0  termio.o(i.TERMIO_Init)
    i.TERMIO_PutChar                         0x000019f4   Section        0  termio.o(i.TERMIO_PutChar)
    i.UARTCharPut                            0x00001a00   Section        0  uart.o(i.UARTCharPut)
    i.UARTClockSourceSet                     0x00001a0c   Section        0  uart.o(i.UARTClockSourceSet)
    i.UARTStdioConfig                        0x00001a14   Section        0  uartstdio.o(i.UARTStdioConfig)
    i.UARTgetc                               0x00001a70   Section        0  uartstdio.o(i.UARTgetc)
    i._HW_Process_Pending_Ints               0x00001a88   Section        0  es_port.o(i._HW_Process_Pending_Ints)
    i._HW_Timer_Init                         0x00001aa8   Section        0  es_port.o(i._HW_Timer_Init)
    i._sys_exit                              0x00001abe   Section        0  retarget.o(i._sys_exit)
    i.ferror                                 0x00001ac0   Section        0  retarget.o(i.ferror)
    i.fgetc                                  0x00001ac6   Section        0  retarget.o(i.fgetc)
    i.fputc                                  0x00001aca   Section        0  retarget.o(i.fputc)
    i.kbhit                                  0x00001ad8   Section        0  termio.o(i.kbhit)
    i.main                                   0x00001aec   Section        0  hsmtemplatemain.o(i.main)
    locale$$code                             0x00001c38   Section       44  lc_ctype_c.o(locale$$code)
    x$fpl$fpinit                             0x00001c64   Section       10  fpinit.o(x$fpl$fpinit)
    $v0                                      0x00001c64   Number         0  fpinit.o(x$fpl$fpinit)
    .constdata                               0x00001c70   Section        4  calibratinghsm.o(.constdata)
    .constdata                               0x00001c74   Section        4  crimpinghsm.o(.constdata)
    .constdata                               0x00001c78   Section        4  masterhsm.o(.constdata)
    .constdata                               0x00001c7c   Section        4  testinghsm.o(.constdata)
    .constdata                               0x00001c80   Section        4  zeroingmotorshsm.o(.constdata)
    .constdata                               0x00001c84   Section       48  admulti.o(.constdata)
    HowMany2Mask                             0x00001c84   Data          16  admulti.o(.constdata)
    HowMany2Mux                              0x00001c94   Data          16  admulti.o(.constdata)
    HowMany2CTL                              0x00001ca4   Data          16  admulti.o(.constdata)
    .constdata                               0x00001cb4   Section        4  es_checkevents.o(.constdata)
    ES_EventList                             0x00001cb4   Data           4  es_checkevents.o(.constdata)
    .constdata                               0x00001cb8   Section       32  es_framework.o(.constdata)
    ServDescList                             0x00001cb8   Data          16  es_framework.o(.constdata)
    EventQueues                              0x00001cc8   Data          16  es_framework.o(.constdata)
    .constdata                               0x00001cd8   Section       32  es_lookuptables.o(.constdata)
    .constdata                               0x00001cf8   Section       15  es_lookuptables.o(.constdata)
    .constdata                               0x00001d08   Section       64  es_timers.o(.constdata)
    Timer2PostFunc                           0x00001d08   Data          64  es_timers.o(.constdata)
    .constdata                               0x00001d48   Section       28  uartstdio.o(.constdata)
    g_pcHex                                  0x00001d48   Data           4  uartstdio.o(.constdata)
    g_ui32UARTBase                           0x00001d4c   Data          12  uartstdio.o(.constdata)
    g_ui32UARTPeriph                         0x00001d58   Data          12  uartstdio.o(.constdata)
    .constdata                               0x00001d64   Section      528  gpio.o(.constdata)
    g_ppui32GPIOIntMapBlizzard               0x00001d64   Data         192  gpio.o(.constdata)
    g_ppui32GPIOIntMapSnowflake              0x00001e24   Data         192  gpio.o(.constdata)
    g_pui32GPIOBaseAddrs                     0x00001ee4   Data         144  gpio.o(.constdata)
    .conststring                             0x00001f74   Section      161  calibratinghsm.o(.conststring)
    .conststring                             0x00002018   Section       74  crimpinghsm.o(.conststring)
    .conststring                             0x00002064   Section       72  testinghsm.o(.conststring)
    .conststring                             0x000020ac   Section       78  zeroingmotorshsm.o(.conststring)
    .conststring                             0x000020fc   Section       69  pwm0_tiva.o(.conststring)
    .conststring                             0x00002144   Section       17  uartstdio.o(.conststring)
    locale$$data                             0x00002178   Section      272  lc_ctype_c.o(locale$$data)
    __lcctype_c_name                         0x0000217c   Data           2  lc_ctype_c.o(locale$$data)
    __lcctype_c_start                        0x00002184   Data           0  lc_ctype_c.o(locale$$data)
    __lcctype_c_end                          0x00002288   Data           0  lc_ctype_c.o(locale$$data)
    .data                                    0x20000000   Section        1  mapkeys.o(.data)
    MyPriority                               0x20000000   Data           1  mapkeys.o(.data)
    .data                                    0x20000001   Section        1  calibratinghsm.o(.data)
    CurrentState                             0x20000001   Data           1  calibratinghsm.o(.data)
    .data                                    0x20000002   Section        1  crimpinghsm.o(.data)
    CurrentState                             0x20000002   Data           1  crimpinghsm.o(.data)
    .data                                    0x20000003   Section        2  masterhsm.o(.data)
    CurrentState                             0x20000003   Data           1  masterhsm.o(.data)
    MyPriority                               0x20000004   Data           1  masterhsm.o(.data)
    .data                                    0x20000005   Section        1  testinghsm.o(.data)
    CurrentState                             0x20000005   Data           1  testinghsm.o(.data)
    .data                                    0x20000006   Section        1  zeroingmotorshsm.o(.data)
    CurrentState                             0x20000006   Data           1  zeroingmotorshsm.o(.data)
    .data                                    0x20000007   Section        1  admulti.o(.data)
    NumChannelsConverting                    0x20000007   Data           1  admulti.o(.data)
    .data                                    0x20000008   Section        8  can.o(.data)
    .data                                    0x20000010   Section        8  can.o(.data)
    .data                                    0x20000018   Section       40  encoders.o(.data)
    LastTime                                 0x20000018   Data           4  encoders.o(.data)
    LastTime                                 0x2000001c   Data           4  encoders.o(.data)
    LastTime                                 0x20000020   Data           4  encoders.o(.data)
    LastTime                                 0x20000024   Data           4  encoders.o(.data)
    Encoder1AEdges                           0x20000028   Data           4  encoders.o(.data)
    Encoder1IEdges                           0x2000002c   Data           4  encoders.o(.data)
    Encoder2AEdges                           0x20000030   Data           4  encoders.o(.data)
    Encoder2IEdges                           0x20000034   Data           4  encoders.o(.data)
    Motor1Period                             0x20000038   Data           4  encoders.o(.data)
    Motor2Period                             0x2000003c   Data           4  encoders.o(.data)
    .data                                    0x20000040   Section        2  pwm0_tiva.o(.data)
    LastCH0Duty                              0x20000040   Data           1  pwm0_tiva.o(.data)
    LastPWM1Duty                             0x20000041   Data           1  pwm0_tiva.o(.data)
    .data                                    0x20000042   Section        6  es_framework.o(.data)
    ThisEvent                                0x20000044   Data           4  es_framework.o(.data)
    .data                                    0x20000048   Section        4  es_port.o(.data)
    TickCount                                0x20000048   Data           1  es_port.o(.data)
    SysTickCounter                           0x2000004a   Data           2  es_port.o(.data)
    .data                                    0x2000004c   Section        4  es_queue.o(.data)
    .data                                    0x20000050   Section       10  es_timers.o(.data)
    NextTimer2Process                        0x20000050   Data           1  es_timers.o(.data)
    NeedsProcessing                          0x20000052   Data           2  es_timers.o(.data)
    TMR_ActiveFlags                          0x20000054   Data           2  es_timers.o(.data)
    NewEvent                                 0x20000056   Data           4  es_timers.o(.data)
    .data                                    0x2000005c   Section        4  retarget.o(.data)
    .data                                    0x20000060   Section        4  retarget.o(.data)
    .data                                    0x20000064   Section        8  uartstdio.o(.data)
    bLastWasCR                               0x20000064   Data           1  uartstdio.o(.data)
    g_ui32Base                               0x20000068   Data           4  uartstdio.o(.data)
    .bss                                     0x2000006c   Section       12  es_framework.o(.bss)
    Queue0                                   0x2000006c   Data          12  es_framework.o(.bss)
    .bss                                     0x20000078   Section       16  es_framework.o(.bss)
    Queue1                                   0x20000078   Data          16  es_framework.o(.bss)
    .bss                                     0x20000088   Section       32  es_timers.o(.bss)
    TMR_TimerArray                           0x20000088   Data          32  es_timers.o(.bss)
    .bss                                     0x200000a8   Section       96  libspace.o(.bss)
    HEAP                                     0x20000108   Section        0  startup_rvmdk.o(HEAP)
    STACK                                    0x20000108   Section     2048  startup_rvmdk.o(STACK)
    HeapMem                                  0x20000108   Data           0  startup_rvmdk.o(HEAP)
    StackMem                                 0x20000108   Data           0  startup_rvmdk.o(STACK)

    Global Symbols

    Symbol Name                              Value     Ov Type        Size  Object(Section)

    BuildAttributes$$THM_ISAv4$E$P$D$K$B$S$7EM$VFPi3$EXTD16$VFPS$VFMA$PE$A:L22UL41UL21$X:L11$S22US41US21$IEEE1$IW$USESV6$~STKCKD$USESV7$~SHL$OTIME$ROPI$EBA8$UX$STANDARDLIB$REQ8$PRES8$EABIv2 0x00000000   Number         0  anon$$obj.o ABSOLUTE
    __ARM_use_no_argv                        0x00000000   Number         0  hsmtemplatemain.o ABSOLUTE
    __Vectors                                0x00000000   Data           0  startup_rvmdk.o(RESET)
    __ARM_exceptions_init                     - Undefined Weak Reference
    __alloca_initialize                       - Undefined Weak Reference
    __arm_preinit_                            - Undefined Weak Reference
    __cpp_initialize__aeabi_                  - Undefined Weak Reference
    __cxa_finalize                            - Undefined Weak Reference
    __sigvec_lookup                           - Undefined Weak Reference
    _atexit_init                              - Undefined Weak Reference
    _call_atexit_fns                          - Undefined Weak Reference
    _clock_init                               - Undefined Weak Reference
    _fp_trap_init                             - Undefined Weak Reference
    _fp_trap_shutdown                         - Undefined Weak Reference
    _get_lc_collate                           - Undefined Weak Reference
    _get_lc_monetary                          - Undefined Weak Reference
    _get_lc_numeric                           - Undefined Weak Reference
    _get_lc_time                              - Undefined Weak Reference
    _getenv_init                              - Undefined Weak Reference
    _handle_redirection                       - Undefined Weak Reference
    _init_alloc                               - Undefined Weak Reference
    _init_user_alloc                          - Undefined Weak Reference
    _initio                                   - Undefined Weak Reference
    _printf_mbtowc                            - Undefined Weak Reference
    _printf_post_padding                      - Undefined Weak Reference
    _printf_pre_padding                       - Undefined Weak Reference
    _printf_truncate_signed                   - Undefined Weak Reference
    _printf_truncate_unsigned                 - Undefined Weak Reference
    _rand_init                                - Undefined Weak Reference
    _signal_finish                            - Undefined Weak Reference
    _signal_init                              - Undefined Weak Reference
    _terminate_alloc                          - Undefined Weak Reference
    _terminate_user_alloc                     - Undefined Weak Reference
    _terminateio                              - Undefined Weak Reference
    Reset_Handler                            0x0000026d   Thumb Code     0  startup_rvmdk.o(RESET)
    __main                                   0x00000289   Thumb Code     8  __main.o(!!!main)
    __scatterload                            0x00000291   Thumb Code     0  __scatter.o(!!!scatter)
    __scatterload_rt2                        0x00000291   Thumb Code    44  __scatter.o(!!!scatter)
    __scatterload_rt2_thumb_only             0x00000291   Thumb Code     0  __scatter.o(!!!scatter)
    __scatterload_null                       0x0000029f   Thumb Code     0  __scatter.o(!!!scatter)
    __scatterload_copy                       0x000002c5   Thumb Code    26  __scatter_copy.o(!!handler_copy)
    __scatterload_zeroinit                   0x000002e1   Thumb Code    28  __scatter_zi.o(!!handler_zi)
    _printf_percent                          0x000002fd   Thumb Code     0  _printf_percent.o(.ARM.Collect$$_printf_percent$$00000000)
    _printf_s                                0x000002fd   Thumb Code     0  _printf_s.o(.ARM.Collect$$_printf_percent$$00000014)
    _printf_percent_end                      0x00000303   Thumb Code     0  _printf_percent_end.o(.ARM.Collect$$_printf_percent$$00000017)
    __rt_lib_init                            0x00000307   Thumb Code     0  libinit.o(.ARM.Collect$$libinit$$00000000)
    __rt_lib_init_fp_1                       0x00000309   Thumb Code     0  libinit2.o(.ARM.Collect$$libinit$$00000001)
    __rt_lib_init_heap_1                     0x0000030d   Thumb Code     0  libinit2.o(.ARM.Collect$$libinit$$0000000A)
    __rt_lib_init_lc_common                  0x0000030d   Thumb Code     0  libinit2.o(.ARM.Collect$$libinit$$0000000F)
    __rt_lib_init_preinit_1                  0x0000030d   Thumb Code     0  libinit2.o(.ARM.Collect$$libinit$$00000004)
    __rt_lib_init_rand_1                     0x0000030d   Thumb Code     0  libinit2.o(.ARM.Collect$$libinit$$0000000E)
    __rt_lib_init_user_alloc_1               0x0000030d   Thumb Code     0  libinit2.o(.ARM.Collect$$libinit$$0000000C)
    __rt_lib_init_lc_collate_1               0x00000313   Thumb Code     0  libinit2.o(.ARM.Collect$$libinit$$00000011)
    __rt_lib_init_lc_ctype_2                 0x00000313   Thumb Code     0  libinit2.o(.ARM.Collect$$libinit$$00000012)
    __rt_lib_init_alloca_1                   0x0000031f   Thumb Code     0  libinit2.o(.ARM.Collect$$libinit$$0000002E)
    __rt_lib_init_argv_1                     0x0000031f   Thumb Code     0  libinit2.o(.ARM.Collect$$libinit$$0000002C)
    __rt_lib_init_atexit_1                   0x0000031f   Thumb Code     0  libinit2.o(.ARM.Collect$$libinit$$0000001B)
    __rt_lib_init_clock_1                    0x0000031f   Thumb Code     0  libinit2.o(.ARM.Collect$$libinit$$00000021)
    __rt_lib_init_cpp_1                      0x0000031f   Thumb Code     0  libinit2.o(.ARM.Collect$$libinit$$00000032)
    __rt_lib_init_exceptions_1               0x0000031f   Thumb Code     0  libinit2.o(.ARM.Collect$$libinit$$00000030)
    __rt_lib_init_fp_trap_1                  0x0000031f   Thumb Code     0  libinit2.o(.ARM.Collect$$libinit$$0000001F)
    __rt_lib_init_getenv_1                   0x0000031f   Thumb Code     0  libinit2.o(.ARM.Collect$$libinit$$00000023)
    __rt_lib_init_lc_ctype_1                 0x0000031f   Thumb Code     0  libinit2.o(.ARM.Collect$$libinit$$00000013)
    __rt_lib_init_lc_monetary_1              0x0000031f   Thumb Code     0  libinit2.o(.ARM.Collect$$libinit$$00000015)
    __rt_lib_init_lc_numeric_1               0x0000031f   Thumb Code     0  libinit2.o(.ARM.Collect$$libinit$$00000017)
    __rt_lib_init_lc_time_1                  0x0000031f   Thumb Code     0  libinit2.o(.ARM.Collect$$libinit$$00000019)
    __rt_lib_init_return                     0x0000031f   Thumb Code     0  libinit2.o(.ARM.Collect$$libinit$$00000033)
    __rt_lib_init_signal_1                   0x0000031f   Thumb Code     0  libinit2.o(.ARM.Collect$$libinit$$0000001D)
    __rt_lib_init_stdio_1                    0x0000031f   Thumb Code     0  libinit2.o(.ARM.Collect$$libinit$$00000025)
    __rt_lib_shutdown                        0x00000321   Thumb Code     0  libshutdown.o(.ARM.Collect$$libshutdown$$00000000)
    __rt_lib_shutdown_cpp_1                  0x00000323   Thumb Code     0  libshutdown2.o(.ARM.Collect$$libshutdown$$00000002)
    __rt_lib_shutdown_fp_trap_1              0x00000323   Thumb Code     0  libshutdown2.o(.ARM.Collect$$libshutdown$$00000007)
    __rt_lib_shutdown_heap_1                 0x00000323   Thumb Code     0  libshutdown2.o(.ARM.Collect$$libshutdown$$0000000F)
    __rt_lib_shutdown_return                 0x00000323   Thumb Code     0  libshutdown2.o(.ARM.Collect$$libshutdown$$00000010)
    __rt_lib_shutdown_signal_1               0x00000323   Thumb Code     0  libshutdown2.o(.ARM.Collect$$libshutdown$$0000000A)
    __rt_lib_shutdown_stdio_1                0x00000323   Thumb Code     0  libshutdown2.o(.ARM.Collect$$libshutdown$$00000004)
    __rt_lib_shutdown_user_alloc_1           0x00000323   Thumb Code     0  libshutdown2.o(.ARM.Collect$$libshutdown$$0000000C)
    __rt_entry                               0x00000325   Thumb Code     0  __rtentry.o(.ARM.Collect$$rtentry$$00000000)
    __rt_entry_presh_1                       0x00000325   Thumb Code     0  __rtentry2.o(.ARM.Collect$$rtentry$$00000002)
    __rt_entry_sh                            0x00000325   Thumb Code     0  __rtentry4.o(.ARM.Collect$$rtentry$$00000004)
    __rt_entry_li                            0x0000032b   Thumb Code     0  __rtentry2.o(.ARM.Collect$$rtentry$$0000000A)
    __rt_entry_postsh_1                      0x0000032b   Thumb Code     0  __rtentry2.o(.ARM.Collect$$rtentry$$00000009)
    __rt_entry_main                          0x0000032f   Thumb Code     0  __rtentry2.o(.ARM.Collect$$rtentry$$0000000D)
    __rt_entry_postli_1                      0x0000032f   Thumb Code     0  __rtentry2.o(.ARM.Collect$$rtentry$$0000000C)
    __rt_exit                                0x00000337   Thumb Code     0  rtexit.o(.ARM.Collect$$rtexit$$00000000)
    __rt_exit_ls                             0x00000339   Thumb Code     0  rtexit2.o(.ARM.Collect$$rtexit$$00000003)
    __rt_exit_prels_1                        0x00000339   Thumb Code     0  rtexit2.o(.ARM.Collect$$rtexit$$00000002)
    __rt_exit_exit                           0x0000033d   Thumb Code     0  rtexit2.o(.ARM.Collect$$rtexit$$00000004)
    SysCtlDelay                              0x00000345   Thumb Code     6  sysctl.o(.emb_text)
    CPUcpsid                                 0x0000034d   Thumb Code     8  cpu.o(.emb_text)
    CPUprimask                               0x00000355   Thumb Code     6  cpu.o(.emb_text)
    CPUcpsie                                 0x0000035b   Thumb Code     8  cpu.o(.emb_text)
    CPUwfi                                   0x00000363   Thumb Code     4  cpu.o(.emb_text)
    CPUbasepriSet                            0x00000367   Thumb Code     6  cpu.o(.emb_text)
    CPUbasepriGet                            0x0000036d   Thumb Code     6  cpu.o(.emb_text)
    __user_initial_stackheap                 0x00000375   Thumb Code     0  startup_rvmdk.o(.text)
    __I$use$semihosting                      0x0000038d   Thumb Code     0  use_no_semi.o(.text)
    __use_no_semihosting_swi                 0x0000038d   Thumb Code     2  use_no_semi.o(.text)
    toupper                                  0x0000038f   Thumb Code    30  toupper.o(.text)
    __2printf                                0x000003ad   Thumb Code    20  noretval__2printf.o(.text)
    __printf                                 0x000003c5   Thumb Code   104  __printf.o(.text)
    _printf_str                              0x0000042d   Thumb Code    82  _printf_str.o(.text)
    getc                                     0x0000047f   Thumb Code     4  getc.o(.text)
    puts                                     0x00000485   Thumb Code    40  puts.o(.text)
    __use_two_region_memory                  0x000004b1   Thumb Code     2  heapauxi.o(.text)
    __rt_heap_escrow$2region                 0x000004b3   Thumb Code     2  heapauxi.o(.text)
    __rt_heap_expand$2region                 0x000004b5   Thumb Code     2  heapauxi.o(.text)
    __rt_ctype_table                         0x000004b9   Thumb Code    16  rt_ctype_table.o(.text)
    _printf_cs_common                        0x000004c9   Thumb Code    20  _printf_char.o(.text)
    _printf_char                             0x000004dd   Thumb Code    16  _printf_char.o(.text)
    _printf_string                           0x000004ed   Thumb Code     8  _printf_char.o(.text)
    _printf_char_file                        0x000004f5   Thumb Code    32  _printf_char_file.o(.text)
    __rt_locale                              0x00000519   Thumb Code     8  rt_locale_intlibspace.o(.text)
    _printf_char_common                      0x0000052b   Thumb Code    32  _printf_char_common.o(.text)
    __user_libspace                          0x00000551   Thumb Code     8  libspace.o(.text)
    __user_perproc_libspace                  0x00000551   Thumb Code     0  libspace.o(.text)
    __user_perthread_libspace                0x00000551   Thumb Code     0  libspace.o(.text)
    __user_setup_stackheap                   0x00000559   Thumb Code    74  sys_stackheap_outer.o(.text)
    exit                                     0x000005a3   Thumb Code    18  exit.o(.text)
    strcmp                                   0x000005b5   Thumb Code   128  strcmpv7m.o(.text)
    ADC_MultiInit                            0x00000635   Thumb Code   170  admulti.o(i.ADC_MultiInit)
    CANIntClear                              0x000006fd   Thumb Code    42  can.o(i.CANIntClear)
    CANIntHandler                            0x00000729   Thumb Code    60  can.o(i.CANIntHandler)
    CANIntStatus                             0x0000078d   Thumb Code    32  can.o(i.CANIntStatus)
    CANStatusGet                             0x000007ad   Thumb Code    68  can.o(i.CANStatusGet)
    CPUgetPRIMASK_cpsid                      0x000007f1   Thumb Code     8  es_port.o(i.CPUgetPRIMASK_cpsid)
    CPUsetPRIMASK                            0x000007f9   Thumb Code     6  es_port.o(i.CPUsetPRIMASK)
    Check4Keystroke                          0x00000801   Thumb Code   168  eventcheckers.o(i.Check4Keystroke)
    ES_CheckUserEvents                       0x0000093d   Thumb Code    34  es_checkevents.o(i.ES_CheckUserEvents)
    ES_DeQueue                               0x00000965   Thumb Code    80  es_queue.o(i.ES_DeQueue)
    ES_EnQueueFIFO                           0x000009b9   Thumb Code    66  es_queue.o(i.ES_EnQueueFIFO)
    ES_GetMSBitSet                           0x00000a01   Thumb Code    48  es_lookuptables.o(i.ES_GetMSBitSet)
    ES_InitQueue                             0x00000a35   Thumb Code    16  es_queue.o(i.ES_InitQueue)
    ES_Initialize                            0x00000a45   Thumb Code    72  es_framework.o(i.ES_Initialize)
    ES_PostToService                         0x00000a91   Thumb Code    42  es_framework.o(i.ES_PostToService)
    ES_Run                                   0x00000ac9   Thumb Code    84  es_framework.o(i.ES_Run)
    ES_Timer_Init                            0x00000b29   Thumb Code     4  es_timers.o(i.ES_Timer_Init)
    ES_Timer_Tick_Resp                       0x00000b2d   Thumb Code    90  es_timers.o(i.ES_Timer_Tick_Resp)
    Encoder1A_ISR                            0x00000b99   Thumb Code    42  encoders.o(i.Encoder1A_ISR)
    Encoder1I_ISR                            0x00000bd1   Thumb Code    20  encoders.o(i.Encoder1I_ISR)
    Encoder2A_ISR                            0x00000bed   Thumb Code    42  encoders.o(i.Encoder2A_ISR)
    Encoder2I_ISR                            0x00000c25   Thumb Code    20  encoders.o(i.Encoder2I_ISR)
    GPIODirModeSet                           0x00000c41   Thumb Code    40  gpio.o(i.GPIODirModeSet)
    GPIOPadConfigSet                         0x00000c69   Thumb Code   312  gpio.o(i.GPIOPadConfigSet)
    GPIOPinConfigure                         0x00000da1   Thumb Code    60  gpio.o(i.GPIOPinConfigure)
    GPIOPinTypeGPIOInput                     0x00000de5   Thumb Code    28  gpio.o(i.GPIOPinTypeGPIOInput)
    GPIOPinTypeUART                          0x00000e01   Thumb Code    28  gpio.o(i.GPIOPinTypeUART)
    InitAll                                  0x00000e1d   Thumb Code    36  hardware.o(i.InitAll)
    InitEncoders                             0x00000e41   Thumb Code   278  encoders.o(i.InitEncoders)
    InitMapKeys                              0x00000f7d   Thumb Code     8  mapkeys.o(i.InitMapKeys)
    InitMasterSM                             0x00000f89   Thumb Code    22  masterhsm.o(i.InitMasterSM)
    InitMotors                               0x00000fa5   Thumb Code    38  motors.o(i.InitMotors)
    InitPorts                                0x00000fd5   Thumb Code    88  hardware.o(i.InitPorts)
    IntMasterEnable                          0x00001031   Thumb Code    14  interrupt.o(i.IntMasterEnable)
    Motor1Direction                          0x0000103f   Thumb Code    34  motors.o(i.Motor1Direction)
    Motor1Enable                             0x00001061   Thumb Code    34  motors.o(i.Motor1Enable)
    PWM0_Init                                0x00001085   Thumb Code   130  pwm0_tiva.o(i.PWM0_Init)
    PWM0_SetDuty                             0x00001125   Thumb Code    86  pwm0_tiva.o(i.PWM0_SetDuty)
    PWM1_Init                                0x000011a5   Thumb Code   142  pwm0_tiva.o(i.PWM1_Init)
    PWM1_SetDuty                             0x00001251   Thumb Code    86  pwm0_tiva.o(i.PWM1_SetDuty)
    PortFunctionInit                         0x000012ed   Thumb Code   132  enablepa25_pb23_pd7_pf0.o(i.PortFunctionInit)
    PostMasterSM                             0x0000138d   Thumb Code    10  masterhsm.o(i.PostMasterSM)
    RunCalibratingSM                         0x0000139d   Thumb Code   108  calibratinghsm.o(i.RunCalibratingSM)
    RunCrimpingSM                            0x00001471   Thumb Code    80  crimpinghsm.o(i.RunCrimpingSM)
    RunMapKeys                               0x000014cd   Thumb Code    40  mapkeys.o(i.RunMapKeys)
    RunMasterSM                              0x000014f5   Thumb Code   312  masterhsm.o(i.RunMasterSM)
    RunTestingSM                             0x000016dd   Thumb Code    80  testinghsm.o(i.RunTestingSM)
    RunZeroingMotorsSM                       0x00001739   Thumb Code    80  zeroingmotorshsm.o(i.RunZeroingMotorsSM)
    StartCalibratingSM                       0x00001795   Thumb Code    32  calibratinghsm.o(i.StartCalibratingSM)
    StartCrimpingSM                          0x000017d1   Thumb Code    16  crimpinghsm.o(i.StartCrimpingSM)
    StartMasterSM                            0x000017e5   Thumb Code    10  masterhsm.o(i.StartMasterSM)
    StartTestingSM                           0x000017f5   Thumb Code    16  testinghsm.o(i.StartTestingSM)
    StartZeroingMotorsSM                     0x00001809   Thumb Code    16  zeroingmotorshsm.o(i.StartZeroingMotorsSM)
    SysCtlClockSet                           0x0000181d   Thumb Code   270  sysctl.o(i.SysCtlClockSet)
    SysCtlPeripheralEnable                   0x0000193d   Thumb Code    36  sysctl.o(i.SysCtlPeripheralEnable)
    SysTickEnable                            0x00001965   Thumb Code    14  systick.o(i.SysTickEnable)
    SysTickIntEnable                         0x00001973   Thumb Code    14  systick.o(i.SysTickIntEnable)
    SysTickIntHandler                        0x00001981   Thumb Code    16  es_port.o(i.SysTickIntHandler)
    SysTickPeriodSet                         0x00001995   Thumb Code    10  systick.o(i.SysTickPeriodSet)
    TERMIO_GetChar                           0x0000199f   Thumb Code     4  termio.o(i.TERMIO_GetChar)
    TERMIO_Init                              0x000019a5   Thumb Code    62  termio.o(i.TERMIO_Init)
    TERMIO_PutChar                           0x000019f5   Thumb Code     8  termio.o(i.TERMIO_PutChar)
    UARTCharPut                              0x00001a01   Thumb Code    12  uart.o(i.UARTCharPut)
    UARTClockSourceSet                       0x00001a0d   Thumb Code     6  uart.o(i.UARTClockSourceSet)
    UARTStdioConfig                          0x00001a15   Thumb Code    82  uartstdio.o(i.UARTStdioConfig)
    UARTgetc                                 0x00001a71   Thumb Code    20  uartstdio.o(i.UARTgetc)
    _HW_Process_Pending_Ints                 0x00001a89   Thumb Code    26  es_port.o(i._HW_Process_Pending_Ints)
    _HW_Timer_Init                           0x00001aa9   Thumb Code    22  es_port.o(i._HW_Timer_Init)
    _sys_exit                                0x00001abf   Thumb Code     2  retarget.o(i._sys_exit)
    ferror                                   0x00001ac1   Thumb Code     6  retarget.o(i.ferror)
    fgetc                                    0x00001ac7   Thumb Code     4  retarget.o(i.fgetc)
    fputc                                    0x00001acb   Thumb Code    14  retarget.o(i.fputc)
    kbhit                                    0x00001ad9   Thumb Code    16  termio.o(i.kbhit)
    main                                     0x00001aed   Thumb Code    90  hsmtemplatemain.o(i.main)
    _get_lc_ctype                            0x00001c39   Thumb Code    44  lc_ctype_c.o(locale$$code)
    _fp_init                                 0x00001c65   Thumb Code    10  fpinit.o(x$fpl$fpinit)
    __fplib_config_fpu_vfp                   0x00001c6d   Thumb Code     0  fpinit.o(x$fpl$fpinit)
    __fplib_config_pureend_doubles           0x00001c6d   Thumb Code     0  fpinit.o(x$fpl$fpinit)
    BitNum2SetMask                           0x00001cd8   Data          32  es_lookuptables.o(.constdata)
    Nybble2MSBitNum                          0x00001cf8   Data          15  es_lookuptables.o(.constdata)
    Region$$Table$$Base                      0x00002158   Number         0  anon$$obj.o(Region$$Table)
    Region$$Table$$Limit                     0x00002178   Number         0  anon$$obj.o(Region$$Table)
    __ctype                                  0x00002185   Data           0  lc_ctype_c.o(locale$$data)
    errFlag                                  0x20000008   Data           1  can.o(.data)
    msgDataPtr                               0x2000000c   Data           4  can.o(.data)
    msgData                                  0x20000010   Data           8  can.o(.data)
    Ready                                    0x20000042   Data           2  es_framework.o(.data)
    _PRIMASK_temp                            0x2000004c   Data           4  es_queue.o(.data)
    __stdout                                 0x2000005c   Data           4  retarget.o(.data)
    __stdin                                  0x20000060   Data           4  retarget.o(.data)
    __libspace_start                         0x200000a8   Data          96  libspace.o(.bss)
    __temporary_stack_top$libspace           0x20000108   Data           0  libspace.o(.bss)



==============================================================================

Memory Map of the image

  Image Entry point : 0x0000026d

  Load Region LR_IROM1 (Base: 0x00000000, Size: 0x000022f4, Max: 0x00040000, ABSOLUTE)

    Execution Region ER_IROM1 (Base: 0x00000000, Size: 0x00002288, Max: 0x00040000, ABSOLUTE)

    Base Addr    Size         Type   Attr      Idx    E Section Name        Object

    0x00000000   0x00000288   Code   RO          615  * RESET               startup_rvmdk.o
    0x00000288   0x00000008   Code   RO         2339  * !!!main             c_w.l(__main.o)
    0x00000290   0x00000034   Code   RO         2513    !!!scatter          c_w.l(__scatter.o)
    0x000002c4   0x0000001a   Code   RO         2515    !!handler_copy      c_w.l(__scatter_copy.o)
    0x000002de   0x00000002   PAD
    0x000002e0   0x0000001c   Code   RO         2517    !!handler_zi        c_w.l(__scatter_zi.o)
    0x000002fc   0x00000000   Code   RO         2332    .ARM.Collect$$_printf_percent$$00000000  c_w.l(_printf_percent.o)
    0x000002fc   0x00000006   Code   RO         2330    .ARM.Collect$$_printf_percent$$00000014  c_w.l(_printf_s.o)
    0x00000302   0x00000004   Code   RO         2350    .ARM.Collect$$_printf_percent$$00000017  c_w.l(_printf_percent_end.o)
    0x00000306   0x00000002   Code   RO         2392    .ARM.Collect$$libinit$$00000000  c_w.l(libinit.o)
    0x00000308   0x00000004   Code   RO         2393    .ARM.Collect$$libinit$$00000001  c_w.l(libinit2.o)
    0x0000030c   0x00000000   Code   RO         2396    .ARM.Collect$$libinit$$00000004  c_w.l(libinit2.o)
    0x0000030c   0x00000000   Code   RO         2399    .ARM.Collect$$libinit$$0000000A  c_w.l(libinit2.o)
    0x0000030c   0x00000000   Code   RO         2401    .ARM.Collect$$libinit$$0000000C  c_w.l(libinit2.o)
    0x0000030c   0x00000000   Code   RO         2403    .ARM.Collect$$libinit$$0000000E  c_w.l(libinit2.o)
    0x0000030c   0x00000006   Code   RO         2404    .ARM.Collect$$libinit$$0000000F  c_w.l(libinit2.o)
    0x00000312   0x00000000   Code   RO         2406    .ARM.Collect$$libinit$$00000011  c_w.l(libinit2.o)
    0x00000312   0x0000000c   Code   RO         2407    .ARM.Collect$$libinit$$00000012  c_w.l(libinit2.o)
    0x0000031e   0x00000000   Code   RO         2408    .ARM.Collect$$libinit$$00000013  c_w.l(libinit2.o)
    0x0000031e   0x00000000   Code   RO         2410    .ARM.Collect$$libinit$$00000015  c_w.l(libinit2.o)
    0x0000031e   0x00000000   Code   RO         2412    .ARM.Collect$$libinit$$00000017  c_w.l(libinit2.o)
    0x0000031e   0x00000000   Code   RO         2414    .ARM.Collect$$libinit$$00000019  c_w.l(libinit2.o)
    0x0000031e   0x00000000   Code   RO         2416    .ARM.Collect$$libinit$$0000001B  c_w.l(libinit2.o)
    0x0000031e   0x00000000   Code   RO         2418    .ARM.Collect$$libinit$$0000001D  c_w.l(libinit2.o)
    0x0000031e   0x00000000   Code   RO         2420    .ARM.Collect$$libinit$$0000001F  c_w.l(libinit2.o)
    0x0000031e   0x00000000   Code   RO         2422    .ARM.Collect$$libinit$$00000021  c_w.l(libinit2.o)
    0x0000031e   0x00000000   Code   RO         2424    .ARM.Collect$$libinit$$00000023  c_w.l(libinit2.o)
    0x0000031e   0x00000000   Code   RO         2426    .ARM.Collect$$libinit$$00000025  c_w.l(libinit2.o)
    0x0000031e   0x00000000   Code   RO         2430    .ARM.Collect$$libinit$$0000002C  c_w.l(libinit2.o)
    0x0000031e   0x00000000   Code   RO         2432    .ARM.Collect$$libinit$$0000002E  c_w.l(libinit2.o)
    0x0000031e   0x00000000   Code   RO         2434    .ARM.Collect$$libinit$$00000030  c_w.l(libinit2.o)
    0x0000031e   0x00000000   Code   RO         2436    .ARM.Collect$$libinit$$00000032  c_w.l(libinit2.o)
    0x0000031e   0x00000002   Code   RO         2437    .ARM.Collect$$libinit$$00000033  c_w.l(libinit2.o)
    0x00000320   0x00000002   Code   RO         2465    .ARM.Collect$$libshutdown$$00000000  c_w.l(libshutdown.o)
    0x00000322   0x00000000   Code   RO         2474    .ARM.Collect$$libshutdown$$00000002  c_w.l(libshutdown2.o)
    0x00000322   0x00000000   Code   RO         2476    .ARM.Collect$$libshutdown$$00000004  c_w.l(libshutdown2.o)
    0x00000322   0x00000000   Code   RO         2479    .ARM.Collect$$libshutdown$$00000007  c_w.l(libshutdown2.o)
    0x00000322   0x00000000   Code   RO         2482    .ARM.Collect$$libshutdown$$0000000A  c_w.l(libshutdown2.o)
    0x00000322   0x00000000   Code   RO         2484    .ARM.Collect$$libshutdown$$0000000C  c_w.l(libshutdown2.o)
    0x00000322   0x00000000   Code   RO         2487    .ARM.Collect$$libshutdown$$0000000F  c_w.l(libshutdown2.o)
    0x00000322   0x00000002   Code   RO         2488    .ARM.Collect$$libshutdown$$00000010  c_w.l(libshutdown2.o)
    0x00000324   0x00000000   Code   RO         2341    .ARM.Collect$$rtentry$$00000000  c_w.l(__rtentry.o)
    0x00000324   0x00000000   Code   RO         2352    .ARM.Collect$$rtentry$$00000002  c_w.l(__rtentry2.o)
    0x00000324   0x00000006   Code   RO         2364    .ARM.Collect$$rtentry$$00000004  c_w.l(__rtentry4.o)
    0x0000032a   0x00000000   Code   RO         2354    .ARM.Collect$$rtentry$$00000009  c_w.l(__rtentry2.o)
    0x0000032a   0x00000004   Code   RO         2355    .ARM.Collect$$rtentry$$0000000A  c_w.l(__rtentry2.o)
    0x0000032e   0x00000000   Code   RO         2357    .ARM.Collect$$rtentry$$0000000C  c_w.l(__rtentry2.o)
    0x0000032e   0x00000008   Code   RO         2358    .ARM.Collect$$rtentry$$0000000D  c_w.l(__rtentry2.o)
    0x00000336   0x00000002   Code   RO         2438    .ARM.Collect$$rtexit$$00000000  c_w.l(rtexit.o)
    0x00000338   0x00000000   Code   RO         2445    .ARM.Collect$$rtexit$$00000002  c_w.l(rtexit2.o)
    0x00000338   0x00000004   Code   RO         2446    .ARM.Collect$$rtexit$$00000003  c_w.l(rtexit2.o)
    0x0000033c   0x00000006   Code   RO         2447    .ARM.Collect$$rtexit$$00000004  c_w.l(rtexit2.o)
    0x00000342   0x00000002   PAD
    0x00000344   0x00000006   Code   RO         1578    .emb_text           driverlib.lib(sysctl.o)
    0x0000034a   0x00000002   PAD
    0x0000034c   0x00000026   Code   RO         2284    .emb_text           driverlib.lib(cpu.o)
    0x00000372   0x00000002   PAD
    0x00000374   0x00000018   Code   RO          616    .text               startup_rvmdk.o
    0x0000038c   0x00000002   Code   RO         2296    .text               c_w.l(use_no_semi.o)
    0x0000038e   0x0000001e   Code   RO         2298    .text               c_w.l(toupper.o)
    0x000003ac   0x00000018   Code   RO         2302    .text               c_w.l(noretval__2printf.o)
    0x000003c4   0x00000068   Code   RO         2304    .text               c_w.l(__printf.o)
    0x0000042c   0x00000052   Code   RO         2306    .text               c_w.l(_printf_str.o)
    0x0000047e   0x00000004   Code   RO         2333    .text               c_w.l(getc.o)
    0x00000482   0x00000002   PAD
    0x00000484   0x0000002c   Code   RO         2335    .text               c_w.l(puts.o)
    0x000004b0   0x00000006   Code   RO         2337    .text               c_w.l(heapauxi.o)
    0x000004b6   0x00000002   PAD
    0x000004b8   0x00000010   Code   RO         2342    .text               c_w.l(rt_ctype_table.o)
    0x000004c8   0x0000002c   Code   RO         2346    .text               c_w.l(_printf_char.o)
    0x000004f4   0x00000024   Code   RO         2348    .text               c_w.l(_printf_char_file.o)
    0x00000518   0x00000008   Code   RO         2369    .text               c_w.l(rt_locale_intlibspace.o)
    0x00000520   0x00000030   Code   RO         2371    .text               c_w.l(_printf_char_common.o)
    0x00000550   0x00000008   Code   RO         2376    .text               c_w.l(libspace.o)
    0x00000558   0x0000004a   Code   RO         2379    .text               c_w.l(sys_stackheap_outer.o)
    0x000005a2   0x00000012   Code   RO         2383    .text               c_w.l(exit.o)
    0x000005b4   0x00000080   Code   RO         2385    .text               c_w.l(strcmpv7m.o)
    0x00000634   0x000000c8   Code   RO          327    i.ADC_MultiInit     admulti.o
    0x000006fc   0x0000002a   Code   RO         1027    i.CANIntClear       driverlib.lib(can.o)
    0x00000726   0x00000002   PAD
    0x00000728   0x00000064   Code   RO          363    i.CANIntHandler     can.o
    0x0000078c   0x00000020   Code   RO         1031    i.CANIntStatus      driverlib.lib(can.o)
    0x000007ac   0x00000044   Code   RO         1038    i.CANStatusGet      driverlib.lib(can.o)
    0x000007f0   0x00000008   Code   RO          745    i.CPUgetPRIMASK_cpsid  es_port.o
    0x000007f8   0x00000006   Code   RO          751    i.CPUsetPRIMASK     es_port.o
    0x000007fe   0x00000002   PAD
    0x00000800   0x0000013c   Code   RO           77    i.Check4Keystroke   eventcheckers.o
    0x0000093c   0x00000028   Code   RO          622    i.ES_CheckUserEvents  es_checkevents.o
    0x00000964   0x00000054   Code   RO          778    i.ES_DeQueue        es_queue.o
    0x000009b8   0x00000048   Code   RO          779    i.ES_EnQueueFIFO    es_queue.o
    0x00000a00   0x00000034   Code   RO          694    i.ES_GetMSBitSet    es_lookuptables.o
    0x00000a34   0x00000010   Code   RO          781    i.ES_InitQueue      es_queue.o
    0x00000a44   0x0000004c   Code   RO          648    i.ES_Initialize     es_framework.o
    0x00000a90   0x00000038   Code   RO          650    i.ES_PostToService  es_framework.o
    0x00000ac8   0x00000060   Code   RO          652    i.ES_Run            es_framework.o
    0x00000b28   0x00000004   Code   RO          821    i.ES_Timer_Init     es_timers.o
    0x00000b2c   0x0000006c   Code   RO          826    i.ES_Timer_Tick_Resp  es_timers.o
    0x00000b98   0x00000038   Code   RO          441    i.Encoder1A_ISR     encoders.o
    0x00000bd0   0x0000001c   Code   RO          442    i.Encoder1I_ISR     encoders.o
    0x00000bec   0x00000038   Code   RO          443    i.Encoder2A_ISR     encoders.o
    0x00000c24   0x0000001c   Code   RO          444    i.Encoder2I_ISR     encoders.o
    0x00000c40   0x00000028   Code   RO         1180    i.GPIODirModeSet    driverlib.lib(gpio.o)
    0x00000c68   0x00000138   Code   RO         1190    i.GPIOPadConfigSet  driverlib.lib(gpio.o)
    0x00000da0   0x00000044   Code   RO         1191    i.GPIOPinConfigure  driverlib.lib(gpio.o)
    0x00000de4   0x0000001c   Code   RO         1201    i.GPIOPinTypeGPIOInput  driverlib.lib(gpio.o)
    0x00000e00   0x0000001c   Code   RO         1214    i.GPIOPinTypeUART   driverlib.lib(gpio.o)
    0x00000e1c   0x00000024   Code   RO          494    i.InitAll           hardware.o
    0x00000e40   0x0000013c   Code   RO          447    i.InitEncoders      encoders.o
    0x00000f7c   0x0000000c   Code   RO          107    i.InitMapKeys       mapkeys.o
    0x00000f88   0x0000001c   Code   RO          198    i.InitMasterSM      masterhsm.o
    0x00000fa4   0x00000030   Code   RO          525    i.InitMotors        motors.o
    0x00000fd4   0x0000005c   Code   RO          495    i.InitPorts         hardware.o
    0x00001030   0x0000000e   Code   RO         1469    i.IntMasterEnable   driverlib.lib(interrupt.o)
    0x0000103e   0x00000022   Code   RO          526    i.Motor1Direction   motors.o
    0x00001060   0x00000022   Code   RO          527    i.Motor1Enable      motors.o
    0x00001082   0x00000002   PAD
    0x00001084   0x000000a0   Code   RO          560    i.PWM0_Init         pwm0_tiva.o
    0x00001124   0x00000080   Code   RO          561    i.PWM0_SetDuty      pwm0_tiva.o
    0x000011a4   0x000000ac   Code   RO          563    i.PWM1_Init         pwm0_tiva.o
    0x00001250   0x0000009c   Code   RO          564    i.PWM1_SetDuty      pwm0_tiva.o
    0x000012ec   0x000000a0   Code   RO          426    i.PortFunctionInit  enablepa25_pb23_pd7_pf0.o
    0x0000138c   0x00000010   Code   RO          199    i.PostMasterSM      masterhsm.o
    0x0000139c   0x000000d4   Code   RO          137    i.RunCalibratingSM  calibratinghsm.o
    0x00001470   0x0000005c   Code   RO          168    i.RunCrimpingSM     crimpinghsm.o
    0x000014cc   0x00000028   Code   RO          109    i.RunMapKeys        mapkeys.o
    0x000014f4   0x000001e8   Code   RO          200    i.RunMasterSM       masterhsm.o
    0x000016dc   0x0000005c   Code   RO          244    i.RunTestingSM      testinghsm.o
    0x00001738   0x0000005c   Code   RO          272    i.RunZeroingMotorsSM  zeroingmotorshsm.o
    0x00001794   0x0000003c   Code   RO          138    i.StartCalibratingSM  calibratinghsm.o
    0x000017d0   0x00000014   Code   RO          169    i.StartCrimpingSM   crimpinghsm.o
    0x000017e4   0x00000010   Code   RO          201    i.StartMasterSM     masterhsm.o
    0x000017f4   0x00000014   Code   RO          245    i.StartTestingSM    testinghsm.o
    0x00001808   0x00000014   Code   RO          273    i.StartZeroingMotorsSM  zeroingmotorshsm.o
    0x0000181c   0x00000120   Code   RO         1583    i.SysCtlClockSet    driverlib.lib(sysctl.o)
    0x0000193c   0x00000028   Code   RO         1612    i.SysCtlPeripheralEnable  driverlib.lib(sysctl.o)
    0x00001964   0x0000000e   Code   RO         1927    i.SysTickEnable     driverlib.lib(systick.o)
    0x00001972   0x0000000e   Code   RO         1929    i.SysTickIntEnable  driverlib.lib(systick.o)
    0x00001980   0x00000014   Code   RO          711    i.SysTickIntHandler  es_port.o
    0x00001994   0x0000000a   Code   RO         1933    i.SysTickPeriodSet  driverlib.lib(systick.o)
    0x0000199e   0x00000004   Code   RO          925    i.TERMIO_GetChar    termio.o
    0x000019a2   0x00000002   PAD
    0x000019a4   0x00000050   Code   RO          926    i.TERMIO_Init       termio.o
    0x000019f4   0x0000000c   Code   RO          927    i.TERMIO_PutChar    termio.o
    0x00001a00   0x0000000c   Code   RO         1997    i.UARTCharPut       driverlib.lib(uart.o)
    0x00001a0c   0x00000006   Code   RO         2001    i.UARTClockSourceSet  driverlib.lib(uart.o)
    0x00001a12   0x00000002   PAD
    0x00001a14   0x0000005c   Code   RO          968    i.UARTStdioConfig   uartstdio.o
    0x00001a70   0x00000018   Code   RO          969    i.UARTgetc          uartstdio.o
    0x00001a88   0x00000020   Code   RO          713    i._HW_Process_Pending_Ints  es_port.o
    0x00001aa8   0x00000016   Code   RO          714    i._HW_Timer_Init    es_port.o
    0x00001abe   0x00000002   Code   RO          872    i._sys_exit         retarget.o
    0x00001ac0   0x00000006   Code   RO          874    i.ferror            retarget.o
    0x00001ac6   0x00000004   Code   RO          875    i.fgetc             retarget.o
    0x00001aca   0x0000000e   Code   RO          876    i.fputc             retarget.o
    0x00001ad8   0x00000014   Code   RO          928    i.kbhit             termio.o
    0x00001aec   0x0000014c   Code   RO            1    i.main              hsmtemplatemain.o
    0x00001c38   0x0000002c   Code   RO         2374    locale$$code        c_w.l(lc_ctype_c.o)
    0x00001c64   0x0000000a   Code   RO         2442    x$fpl$fpinit        fz_wm.l(fpinit.o)
    0x00001c6e   0x00000002   PAD
    0x00001c70   0x00000004   Data   RO          139    .constdata          calibratinghsm.o
    0x00001c74   0x00000004   Data   RO          170    .constdata          crimpinghsm.o
    0x00001c78   0x00000004   Data   RO          202    .constdata          masterhsm.o
    0x00001c7c   0x00000004   Data   RO          246    .constdata          testinghsm.o
    0x00001c80   0x00000004   Data   RO          274    .constdata          zeroingmotorshsm.o
    0x00001c84   0x00000030   Data   RO          329    .constdata          admulti.o
    0x00001cb4   0x00000004   Data   RO          623    .constdata          es_checkevents.o
    0x00001cb8   0x00000020   Data   RO          655    .constdata          es_framework.o
    0x00001cd8   0x00000020   Data   RO          695    .constdata          es_lookuptables.o
    0x00001cf8   0x0000000f   Data   RO          696    .constdata          es_lookuptables.o
    0x00001d07   0x00000001   PAD
    0x00001d08   0x00000040   Data   RO          828    .constdata          es_timers.o
    0x00001d48   0x0000001c   Data   RO          974    .constdata          uartstdio.o
    0x00001d64   0x00000210   Data   RO         1221    .constdata          driverlib.lib(gpio.o)
    0x00001f74   0x000000a1   Data   RO          140    .conststring        calibratinghsm.o
    0x00002015   0x00000003   PAD
    0x00002018   0x0000004a   Data   RO          171    .conststring        crimpinghsm.o
    0x00002062   0x00000002   PAD
    0x00002064   0x00000048   Data   RO          247    .conststring        testinghsm.o
    0x000020ac   0x0000004e   Data   RO          275    .conststring        zeroingmotorshsm.o
    0x000020fa   0x00000002   PAD
    0x000020fc   0x00000045   Data   RO          566    .conststring        pwm0_tiva.o
    0x00002141   0x00000003   PAD
    0x00002144   0x00000011   Data   RO          975    .conststring        uartstdio.o
    0x00002155   0x00000003   PAD
    0x00002158   0x00000020   Data   RO         2511    Region$$Table       anon$$obj.o
    0x00002178   0x00000110   Data   RO         2373    locale$$data        c_w.l(lc_ctype_c.o)


    Execution Region RW_IRAM1 (Base: 0x20000000, Size: 0x00000908, Max: 0x00008000, ABSOLUTE)

    Base Addr    Size         Type   Attr      Idx    E Section Name        Object

    0x20000000   0x00000001   Data   RW          110    .data               mapkeys.o
    0x20000001   0x00000001   Data   RW          141    .data               calibratinghsm.o
    0x20000002   0x00000001   Data   RW          172    .data               crimpinghsm.o
    0x20000003   0x00000002   Data   RW          203    .data               masterhsm.o
    0x20000005   0x00000001   Data   RW          248    .data               testinghsm.o
    0x20000006   0x00000001   Data   RW          276    .data               zeroingmotorshsm.o
    0x20000007   0x00000001   Data   RW          330    .data               admulti.o
    0x20000008   0x00000008   Data   RW          368    .data               can.o
    0x20000010   0x00000008   Data   RW          369    .data               can.o
    0x20000018   0x00000028   Data   RW          448    .data               encoders.o
    0x20000040   0x00000002   Data   RW          567    .data               pwm0_tiva.o
    0x20000042   0x00000006   Data   RW          656    .data               es_framework.o
    0x20000048   0x00000004   Data   RW          715    .data               es_port.o
    0x2000004c   0x00000004   Data   RW          783    .data               es_queue.o
    0x20000050   0x0000000a   Data   RW          829    .data               es_timers.o
    0x2000005a   0x00000002   PAD
    0x2000005c   0x00000004   Data   RW          877    .data               retarget.o
    0x20000060   0x00000004   Data   RW          878    .data               retarget.o
    0x20000064   0x00000008   Data   RW          976    .data               uartstdio.o
    0x2000006c   0x0000000c   Zero   RW          653    .bss                es_framework.o
    0x20000078   0x00000010   Zero   RW          654    .bss                es_framework.o
    0x20000088   0x00000020   Zero   RW          827    .bss                es_timers.o
    0x200000a8   0x00000060   Zero   RW         2377    .bss                c_w.l(libspace.o)
    0x20000108   0x00000000   Zero   RW          614    HEAP                startup_rvmdk.o
    0x20000108   0x00000800   Zero   RW          613    STACK               startup_rvmdk.o


==============================================================================

Image component sizes


      Code (inc. data)   RO Data    RW Data    ZI Data      Debug   Object Name

       200         30         48          1          0       1428   admulti.o
       272        132        165          1          0       2460   calibratinghsm.o
       100         40          0         16          0       3952   can.o
       112         16         78          1          0       1846   crimpinghsm.o
       160         28          0          0          0        599   enablepa25_pb23_pd7_pf0.o
       484         82          0         40          0       3075   encoders.o
        40          6          4          0          0       1237   es_checkevents.o
       228         30         32          6         28       3076   es_framework.o
        52          4         47          0          0       1430   es_lookuptables.o
        88         10          0          4          0       3690   es_port.o
       172         10          0          4          0       2793   es_queue.o
       112         18         64         10         32       1885   es_timers.o
       316        148          0          0          0        774   eventcheckers.o
       128          4          0          0          0       1034   hardware.o
       332        242          0          0          0       9211   hsmtemplatemain.o
        52          4          0          1          0       1327   mapkeys.o
       548        200          4          2          0       5252   masterhsm.o
       116         10          0          0          0       1498   motors.o
       616        172         69          2          0       3126   pwm0_tiva.o
        26          0          0          8          0       3827   retarget.o
       672        636          0          0       2048        572   startup_rvmdk.o
       116         26          0          0          0       2024   termio.o
       112         16         76          1          0       1496   testinghsm.o
       116         14         45          8          0       2984   uartstdio.o
       112         16         82          1          0       1552   zeroingmotorshsm.o

    ----------------------------------------------------------------------
      5288       1894        760        108       2108      62148   Object Totals
         0          0         32          0          0          0   (incl. Generated)
         6          0         14          2          0          0   (incl. Padding)

    ----------------------------------------------------------------------

      Code (inc. data)   RO Data    RW Data    ZI Data      Debug   Library Member Name

         8          0          0          0          0         68   __main.o
       104          0          0          0          0         84   __printf.o
         0          0          0          0          0          0   __rtentry.o
        12          0          0          0          0          0   __rtentry2.o
         6          0          0          0          0          0   __rtentry4.o
        52          8          0          0          0          0   __scatter.o
        26          0          0          0          0          0   __scatter_copy.o
        28          0          0          0          0          0   __scatter_zi.o
        44          0          0          0          0        108   _printf_char.o
        48          6          0          0          0         96   _printf_char_common.o
        36          4          0          0          0         80   _printf_char_file.o
         0          0          0          0          0          0   _printf_percent.o
         4          0          0          0          0          0   _printf_percent_end.o
         6          0          0          0          0          0   _printf_s.o
        82          0          0          0          0         80   _printf_str.o
        18          0          0          0          0         80   exit.o
         4          0          0          0          0         68   getc.o
         6          0          0          0          0        152   heapauxi.o
        44         10        272          0          0         76   lc_ctype_c.o
         2          0          0          0          0          0   libinit.o
        24          0          0          0          0          0   libinit2.o
         2          0          0          0          0          0   libshutdown.o
         2          0          0          0          0          0   libshutdown2.o
         8          4          0          0         96         68   libspace.o
        24          4          0          0          0         84   noretval__2printf.o
        44          4          0          0          0         84   puts.o
        16          4          0          0          0         76   rt_ctype_table.o
         8          4          0          0          0         68   rt_locale_intlibspace.o
         2          0          0          0          0          0   rtexit.o
        10          0          0          0          0          0   rtexit2.o
       128          0          0          0          0         68   strcmpv7m.o
        74          0          0          0          0         80   sys_stackheap_outer.o
        30          0          0          0          0         76   toupper.o
         2          0          0          0          0         68   use_no_semi.o
       142          0          0          0          0       6668   can.o
        38          0          0          0          0        572   cpu.o
       476          8        528          0          0       4116   gpio.o
        14          0          0          0          0        518   interrupt.o
       334         22          0          0          0       1742   sysctl.o
        38          0          0          0          0       1410   systick.o
        18          0          0          0          0        999   uart.o
        10          0          0          0          0        116   fpinit.o

    ----------------------------------------------------------------------
      1992         78        800          0         96      17705   Library Totals
        18          0          0          0          0          0   (incl. Padding)

    ----------------------------------------------------------------------

      Code (inc. data)   RO Data    RW Data    ZI Data      Debug   Library Name

       904         48        272          0         96       1564   c_w.l
      1060         30        528          0          0      16025   driverlib.lib
        10          0          0          0          0        116   fz_wm.l

    ----------------------------------------------------------------------
      1992         78        800          0         96      17705   Library Totals

    ----------------------------------------------------------------------

==============================================================================


      Code (inc. data)   RO Data    RW Data    ZI Data      Debug   

      7280       1972       1560        108       2204      72173   Grand Totals
      7280       1972       1560        108       2204      72173   ELF Image Totals
      7280       1972       1560        108          0          0   ROM Totals

==============================================================================

    Total RO  Size (Code + RO Data)                 8840 (   8.63kB)
    Total RW  Size (RW Data + ZI Data)              2312 (   2.26kB)
    Total ROM Size (Code + RO Data + RW Data)       8948 (   8.74kB)

==============================================================================

