Component: ARM Compiler 5.06 update 3 (build 300) Tool: armlink [4d35c9]

==============================================================================

Section Cross References

    hsmtemplatemain.o(i.main) refers to _printf_percent.o(.ARM.Collect$$_printf_percent$$00000000) for _printf_percent
    hsmtemplatemain.o(i.main) refers to _printf_s.o(.ARM.Collect$$_printf_percent$$00000014) for _printf_s
    hsmtemplatemain.o(i.main) refers to _printf_str.o(.text) for _printf_str
    hsmtemplatemain.o(i.main) refers to sysctl.o(i.SysCtlClockSet) for SysCtlClockSet
    hsmtemplatemain.o(i.main) refers to termio.o(i.TERMIO_Init) for TERMIO_Init
    hsmtemplatemain.o(i.main) refers to puts.o(.text) for puts
    hsmtemplatemain.o(i.main) refers to noretval__2printf.o(.text) for __2printf
    hsmtemplatemain.o(i.main) refers to es_framework.o(i.ES_Initialize) for ES_Initialize
    hsmtemplatemain.o(i.main) refers to es_framework.o(i.ES_Run) for ES_Run
    eventcheckers.o(i.Check4Keystroke) refers to termio.o(i.kbhit) for kbhit
    eventcheckers.o(i.Check4Keystroke) refers to getc.o(.text) for getc
    eventcheckers.o(i.Check4Keystroke) refers to masterhsm.o(i.PostMasterSM) for PostMasterSM
    eventcheckers.o(i.Check4Keystroke) refers to retarget.o(.data) for __stdin
    mapkeys.o(i.InitMapKeys) refers to mapkeys.o(.data) for .data
    mapkeys.o(i.PostMapKeys) refers to es_framework.o(i.ES_PostToService) for ES_PostToService
    mapkeys.o(i.PostMapKeys) refers to mapkeys.o(.data) for .data
    mapkeys.o(i.RunMapKeys) refers to toupper.o(.text) for toupper
    mapkeys.o(i.RunMapKeys) refers to masterhsm.o(i.PostMasterSM) for PostMasterSM
    calibratinghsm.o(i.QueryCalibratingSM) refers to calibratinghsm.o(.data) for .data
    calibratinghsm.o(i.RunCalibratingSM) refers to puts.o(.text) for puts
    calibratinghsm.o(i.RunCalibratingSM) refers to calibratinghsm.o(.data) for .data
    calibratinghsm.o(i.RunCalibratingSM) refers to calibratinghsm.o(.constdata) for .constdata
    calibratinghsm.o(i.RunCalibratingSM) refers to calibratinghsm.o(.conststring) for .conststring
    calibratinghsm.o(i.StartCalibratingSM) refers to puts.o(.text) for puts
    calibratinghsm.o(i.StartCalibratingSM) refers to calibratinghsm.o(i.RunCalibratingSM) for RunCalibratingSM
    calibratinghsm.o(i.StartCalibratingSM) refers to calibratinghsm.o(.data) for .data
    crimpinghsm.o(i.QueryCrimpingSM) refers to crimpinghsm.o(.data) for .data
    crimpinghsm.o(i.RunCrimpingSM) refers to puts.o(.text) for puts
    crimpinghsm.o(i.RunCrimpingSM) refers to crimpinghsm.o(.data) for .data
    crimpinghsm.o(i.RunCrimpingSM) refers to crimpinghsm.o(.constdata) for .constdata
    crimpinghsm.o(i.RunCrimpingSM) refers to crimpinghsm.o(.conststring) for .conststring
    crimpinghsm.o(i.StartCrimpingSM) refers to crimpinghsm.o(i.RunCrimpingSM) for RunCrimpingSM
    crimpinghsm.o(i.StartCrimpingSM) refers to crimpinghsm.o(.data) for .data
    masterhsm.o(i.DuringCalibrating) refers to puts.o(.text) for puts
    masterhsm.o(i.DuringCalibrating) refers to calibratinghsm.o(i.RunCalibratingSM) for RunCalibratingSM
    masterhsm.o(i.DuringCalibrating) refers to calibratinghsm.o(i.StartCalibratingSM) for StartCalibratingSM
    masterhsm.o(i.DuringCalibrating) refers to masterhsm.o(.conststring) for .conststring
    masterhsm.o(i.InitMasterSM) refers to masterhsm.o(i.StartMasterSM) for StartMasterSM
    masterhsm.o(i.InitMasterSM) refers to masterhsm.o(.data) for .data
    masterhsm.o(i.PostMasterSM) refers to es_framework.o(i.ES_PostToService) for ES_PostToService
    masterhsm.o(i.PostMasterSM) refers to masterhsm.o(.data) for .data
    masterhsm.o(i.RunMasterSM) refers to _printf_percent.o(.ARM.Collect$$_printf_percent$$00000000) for _printf_percent
    masterhsm.o(i.RunMasterSM) refers to _printf_d.o(.ARM.Collect$$_printf_percent$$00000009) for _printf_d
    masterhsm.o(i.RunMasterSM) refers to _printf_dec.o(.text) for _printf_int_dec
    masterhsm.o(i.RunMasterSM) refers to puts.o(.text) for puts
    masterhsm.o(i.RunMasterSM) refers to masterhsm.o(i.DuringCalibrating) for DuringCalibrating
    masterhsm.o(i.RunMasterSM) refers to noretval__2printf.o(.text) for __2printf
    masterhsm.o(i.RunMasterSM) refers to masterhsm.o(.data) for .data
    masterhsm.o(i.RunMasterSM) refers to masterhsm.o(.constdata) for .constdata
    masterhsm.o(i.RunMasterSM) refers to masterhsm.o(.conststring) for .conststring
    masterhsm.o(i.StartMasterSM) refers to masterhsm.o(i.RunMasterSM) for RunMasterSM
    masterhsm.o(i.StartMasterSM) refers to masterhsm.o(.data) for .data
    testinghsm.o(i.QueryTestingSM) refers to testinghsm.o(.data) for .data
    testinghsm.o(i.RunTestingSM) refers to puts.o(.text) for puts
    testinghsm.o(i.RunTestingSM) refers to testinghsm.o(.data) for .data
    testinghsm.o(i.RunTestingSM) refers to testinghsm.o(.constdata) for .constdata
    testinghsm.o(i.StartTestingSM) refers to testinghsm.o(i.RunTestingSM) for RunTestingSM
[...]
    _printf_char_common.o(.text) refers to __printf.o(.text) for __printf
    lc_ctype_c.o(locale$$data) refers (Special) to libinit2.o(.ARM.Collect$$libinit$$00000012) for __rt_lib_init_lc_ctype_2
    lc_ctype_c.o(locale$$code) refers (Special) to libinit2.o(.ARM.Collect$$libinit$$00000012) for __rt_lib_init_lc_ctype_2
    lc_ctype_c.o(locale$$code) refers to strcmpv7m.o(.text) for strcmp
    lc_ctype_c.o(locale$$code) refers to lc_ctype_c.o(locale$$data) for __lcctype_c_name
    libspace.o(.text) refers to libspace.o(.bss) for __libspace_start
    sys_stackheap_outer.o(.text) refers to libspace.o(.text) for __user_perproc_libspace
    sys_stackheap_outer.o(.text) refers to startup_rvmdk.o(.text) for __user_initial_stackheap
    exit.o(.text) refers to rtexit.o(.ARM.Collect$$rtexit$$00000000) for __rt_exit
    libinit.o(.ARM.Collect$$libinit$$00000000) refers (Special) to libinit2.o(.ARM.Collect$$libinit$$0000002E) for __rt_lib_init_alloca_1
    libinit.o(.ARM.Collect$$libinit$$00000000) refers (Special) to libinit2.o(.ARM.Collect$$libinit$$0000002C) for __rt_lib_init_argv_1
    libinit.o(.ARM.Collect$$libinit$$00000000) refers (Special) to libinit2.o(.ARM.Collect$$libinit$$0000001B) for __rt_lib_init_atexit_1
    libinit.o(.ARM.Collect$$libinit$$00000000) refers (Special) to libinit2.o(.ARM.Collect$$libinit$$00000021) for __rt_lib_init_clock_1
    libinit.o(.ARM.Collect$$libinit$$00000000) refers (Special) to libinit2.o(.ARM.Collect$$libinit$$00000032) for __rt_lib_init_cpp_1
    libinit.o(.ARM.Collect$$libinit$$00000000) refers (Special) to libinit2.o(.ARM.Collect$$libinit$$00000030) for __rt_lib_init_exceptions_1
    libinit.o(.ARM.Collect$$libinit$$00000000) refers (Special) to libinit2.o(.ARM.Collect$$libinit$$00000001) for __rt_lib_init_fp_1
    libinit.o(.ARM.Collect$$libinit$$00000000) refers (Special) to libinit2.o(.ARM.Collect$$libinit$$0000001F) for __rt_lib_init_fp_trap_1
    libinit.o(.ARM.Collect$$libinit$$00000000) refers (Special) to libinit2.o(.ARM.Collect$$libinit$$00000023) for __rt_lib_init_getenv_1
    libinit.o(.ARM.Collect$$libinit$$00000000) refers (Special) to libinit2.o(.ARM.Collect$$libinit$$0000000A) for __rt_lib_init_heap_1
    libinit.o(.ARM.Collect$$libinit$$00000000) refers (Special) to libinit2.o(.ARM.Collect$$libinit$$00000011) for __rt_lib_init_lc_collate_1
    libinit.o(.ARM.Collect$$libinit$$00000000) refers (Special) to libinit2.o(.ARM.Collect$$libinit$$00000013) for __rt_lib_init_lc_ctype_1
    libinit.o(.ARM.Collect$$libinit$$00000000) refers (Special) to libinit2.o(.ARM.Collect$$libinit$$00000015) for __rt_lib_init_lc_monetary_1
    libinit.o(.ARM.Collect$$libinit$$00000000) refers (Special) to libinit2.o(.ARM.Collect$$libinit$$00000017) for __rt_lib_init_lc_numeric_1
    libinit.o(.ARM.Collect$$libinit$$00000000) refers (Special) to libinit2.o(.ARM.Collect$$libinit$$00000019) for __rt_lib_init_lc_time_1
    libinit.o(.ARM.Collect$$libinit$$00000000) refers (Special) to libinit2.o(.ARM.Collect$$libinit$$00000004) for __rt_lib_init_preinit_1
    libinit.o(.ARM.Collect$$libinit$$00000000) refers (Special) to libinit2.o(.ARM.Collect$$libinit$$0000000E) for __rt_lib_init_rand_1
    libinit.o(.ARM.Collect$$libinit$$00000000) refers (Special) to libinit2.o(.ARM.Collect$$libinit$$00000033) for __rt_lib_init_return
    libinit.o(.ARM.Collect$$libinit$$00000000) refers (Special) to libinit2.o(.ARM.Collect$$libinit$$0000001D) for __rt_lib_init_signal_1
    libinit.o(.ARM.Collect$$libinit$$00000000) refers (Special) to libinit2.o(.ARM.Collect$$libinit$$00000025) for __rt_lib_init_stdio_1
    libinit.o(.ARM.Collect$$libinit$$00000000) refers (Special) to libinit2.o(.ARM.Collect$$libinit$$0000000C) for __rt_lib_init_user_alloc_1
    libinit2.o(.ARM.Collect$$libinit$$00000001) refers to fpinit.o(x$fpl$fpinit) for _fp_init
    libinit2.o(.ARM.Collect$$libinit$$0000000F) refers (Weak) to rt_locale_intlibspace.o(.text) for __rt_locale
    libinit2.o(.ARM.Collect$$libinit$$00000010) refers to libinit2.o(.ARM.Collect$$libinit$$0000000F) for .ARM.Collect$$libinit$$0000000F
    libinit2.o(.ARM.Collect$$libinit$$00000012) refers to libinit2.o(.ARM.Collect$$libinit$$0000000F) for .ARM.Collect$$libinit$$0000000F
    libinit2.o(.ARM.Collect$$libinit$$00000012) refers (Weak) to lc_ctype_c.o(locale$$code) for _get_lc_ctype
    libinit2.o(.ARM.Collect$$libinit$$00000014) refers to libinit2.o(.ARM.Collect$$libinit$$0000000F) for .ARM.Collect$$libinit$$0000000F
    libinit2.o(.ARM.Collect$$libinit$$00000016) refers to libinit2.o(.ARM.Collect$$libinit$$0000000F) for .ARM.Collect$$libinit$$0000000F
    libinit2.o(.ARM.Collect$$libinit$$00000018) refers to libinit2.o(.ARM.Collect$$libinit$$0000000F) for .ARM.Collect$$libinit$$0000000F
    libinit2.o(.ARM.Collect$$libinit$$00000026) refers to argv_veneer.o(.emb_text) for __ARM_argv_veneer
    libinit2.o(.ARM.Collect$$libinit$$00000027) refers to argv_veneer.o(.emb_text) for __ARM_argv_veneer
    rtexit.o(.ARM.Collect$$rtexit$$00000000) refers (Special) to rtexit2.o(.ARM.Collect$$rtexit$$00000004) for __rt_exit_exit
    rtexit.o(.ARM.Collect$$rtexit$$00000000) refers (Special) to rtexit2.o(.ARM.Collect$$rtexit$$00000003) for __rt_exit_ls
    rtexit.o(.ARM.Collect$$rtexit$$00000000) refers (Special) to rtexit2.o(.ARM.Collect$$rtexit$$00000002) for __rt_exit_prels_1
    rtexit.o(.ARM.exidx) refers (Special) to rtexit2.o(.ARM.Collect$$rtexit$$00000004) for __rt_exit_exit
    rtexit.o(.ARM.exidx) refers (Special) to rtexit2.o(.ARM.Collect$$rtexit$$00000003) for __rt_exit_ls
    rtexit.o(.ARM.exidx) refers (Special) to rtexit2.o(.ARM.Collect$$rtexit$$00000002) for __rt_exit_prels_1
    rtexit.o(.ARM.exidx) refers to rtexit.o(.ARM.Collect$$rtexit$$00000000) for .ARM.Collect$$rtexit$$00000000
    argv_veneer.o(.emb_text) refers to no_argv.o(.text) for __ARM_get_argv
    rtexit2.o(.ARM.Collect$$rtexit$$00000003) refers to libshutdown.o(.ARM.Collect$$libshutdown$$00000000) for __rt_lib_shutdown
    rtexit2.o(.ARM.Collect$$rtexit$$00000004) refers to retarget.o(i._sys_exit) for _sys_exit
    rtexit2.o(.ARM.exidx) refers to rtexit2.o(.ARM.Collect$$rtexit$$00000001) for .ARM.Collect$$rtexit$$00000001
    rtexit2.o(.ARM.exidx) refers to rtexit2.o(.ARM.Collect$$rtexit$$00000003) for .ARM.Collect$$rtexit$$00000003
    rtexit2.o(.ARM.exidx) refers to rtexit2.o(.ARM.Collect$$rtexit$$00000004) for .ARM.Collect$$rtexit$$00000004
    _get_argv_nomalloc.o(.text) refers (Special) to hrguard.o(.text) for __heap_region$guard
    _get_argv_nomalloc.o(.text) refers to defsig_rtmem_outer.o(.text) for __rt_SIGRTMEM
    _get_argv_nomalloc.o(.text) refers to sys_command.o(.text) for _sys_command_string
    sys_command.o(.text) refers (Special) to use_no_semi.o(.text) for __I$use$semihosting
    sys_command.o(.text) refers (Special) to indicate_semi.o(.text) for __semihosting_library_function
    defsig_rtmem_outer.o(.text) refers to defsig_rtmem_inner.o(.text) for __rt_SIGRTMEM_inner
    defsig_rtmem_outer.o(.text) refers to defsig_exit.o(.text) for __sig_exit
    defsig_rtmem_formal.o(.text) refers to rt_raise.o(.text) for __rt_raise
    libshutdown.o(.ARM.Collect$$libshutdown$$00000000) refers (Special) to libshutdown2.o(.ARM.Collect$$libshutdown$$00000002) for __rt_lib_shutdown_cpp_1
    libshutdown.o(.ARM.Collect$$libshutdown$$00000000) refers (Special) to libshutdown2.o(.ARM.Collect$$libshutdown$$00000007) for __rt_lib_shutdown_fp_trap_1
    libshutdown.o(.ARM.Collect$$libshutdown$$00000000) refers (Special) to libshutdown2.o(.ARM.Collect$$libshutdown$$0000000F) for __rt_lib_shutdown_heap_1
    libshutdown.o(.ARM.Collect$$libshutdown$$00000000) refers (Special) to libshutdown2.o(.ARM.Collect$$libshutdown$$00000010) for __rt_lib_shutdown_return
    libshutdown.o(.ARM.Collect$$libshutdown$$00000000) refers (Special) to libshutdown2.o(.ARM.Collect$$libshutdown$$0000000A) for __rt_lib_shutdown_signal_1
    libshutdown.o(.ARM.Collect$$libshutdown$$00000000) refers (Special) to libshutdown2.o(.ARM.Collect$$libshutdown$$00000004) for __rt_lib_shutdown_stdio_1
    libshutdown.o(.ARM.Collect$$libshutdown$$00000000) refers (Special) to libshutdown2.o(.ARM.Collect$$libshutdown$$0000000C) for __rt_lib_shutdown_user_alloc_1
    rt_raise.o(.text) refers to __raise.o(.text) for __raise
    rt_raise.o(.text) refers to retarget.o(i._sys_exit) for _sys_exit
    defsig_exit.o(.text) refers to retarget.o(i._sys_exit) for _sys_exit
    defsig_rtmem_inner.o(.text) refers to defsig_general.o(.text) for __default_signal_display
    __raise.o(.text) refers to defsig.o(CL$$defsig) for __default_signal_handler
    defsig_general.o(.text) refers to retarget.o(i._ttywrch) for _ttywrch
    defsig.o(CL$$defsig) refers to defsig_rtmem_inner.o(.text) for __rt_SIGRTMEM_inner
    defsig_abrt_inner.o(.text) refers to defsig_general.o(.text) for __default_signal_display
    defsig_fpe_inner.o(.text) refers to defsig_general.o(.text) for __default_signal_display
    defsig_rtred_inner.o(.text) refers to defsig_general.o(.text) for __default_signal_display
    defsig_stak_inner.o(.text) refers to defsig_general.o(.text) for __default_signal_display
    defsig_pvfn_inner.o(.text) refers to defsig_general.o(.text) for __default_signal_display
    defsig_cppl_inner.o(.text) refers to defsig_general.o(.text) for __default_signal_display
    defsig_segv_inner.o(.text) refers to defsig_general.o(.text) for __default_signal_display
    defsig_other.o(.text) refers to defsig_general.o(.text) for __default_signal_display


==============================================================================

Removing Unused input sections from the image.

    Removing mapkeys.o(i.PostMapKeys), (16 bytes).
    Removing calibratinghsm.o(i.QueryCalibratingSM), (12 bytes).
    Removing crimpinghsm.o(i.QueryCrimpingSM), (12 bytes).
    Removing crimpinghsm.o(i.RunCrimpingSM), (96 bytes).
    Removing crimpinghsm.o(i.StartCrimpingSM), (20 bytes).
    Removing crimpinghsm.o(.constdata), (4 bytes).
    Removing crimpinghsm.o(.conststring), (65 bytes).
    Removing crimpinghsm.o(.data), (1 bytes).
    Removing testinghsm.o(i.QueryTestingSM), (12 bytes).
    Removing testinghsm.o(i.RunTestingSM), (156 bytes).
    Removing testinghsm.o(i.StartTestingSM), (20 bytes).
    Removing testinghsm.o(.constdata), (4 bytes).
    Removing testinghsm.o(.data), (1 bytes).
    Removing zeroingmotorshsm.o(i.QueryZeroingSM), (12 bytes).
    Removing zeroingmotorshsm.o(i.RunZeroingSM), (96 bytes).
    Removing zeroingmotorshsm.o(i.StartZeroingSM), (20 bytes).
    Removing zeroingmotorshsm.o(.constdata), (4 bytes).
    Removing zeroingmotorshsm.o(.conststring), (70 bytes).
    Removing zeroingmotorshsm.o(.data), (1 bytes).
    Removing waitingformodeselect.o(i.QueryTemplateSM), (12 bytes).
    Removing waitingformodeselect.o(i.RunWaitingForModeSelectSM), (96 bytes).
    Removing waitingformodeselect.o(i.StartWaitingForModeSelectSM), (20 bytes).
    Removing waitingformodeselect.o(.constdata), (4 bytes).
    Removing waitingformodeselect.o(.conststring), (74 bytes).
    Removing waitingformodeselect.o(.data), (1 bytes).
    Removing es_deferrecall.o(i.ES_RecallEvents), (44 bytes).
    Removing es_framework.o(i.ES_PostAll), (72 bytes).
    Removing es_framework.o(i.ES_PostToServiceLIFO), (56 bytes).
    Removing es_port.o(i.ConsoleInit), (80 bytes).
    Removing es_port.o(i._HW_GetTickCount), (12 bytes).
    Removing es_postlist.o(i.ES_PostList00), (48 bytes).
    Removing es_postlist.o(.constdata), (8 bytes).
    Removing es_queue.o(i.ES_EnQueueLIFO), (72 bytes).
    Removing es_queue.o(i.ES_IsQueueEmpty), (12 bytes).
    Removing es_timers.o(i.ES_Timer_GetTime), (4 bytes).
    Removing es_timers.o(i.ES_Timer_InitTimer), (60 bytes).
    Removing es_timers.o(i.ES_Timer_SetTimer), (40 bytes).
    Removing es_timers.o(i.ES_Timer_StartTimer), (48 bytes).
    Removing es_timers.o(i.ES_Timer_StopTimer), (36 bytes).
    Removing retarget.o(i._ttywrch), (6 bytes).
    Removing uartstdio.o(i.UARTgets), (132 bytes).
    Removing uartstdio.o(i.UARTprintf), (18 bytes).
    Removing uartstdio.o(i.UARTvprintf), (436 bytes).
    Removing uartstdio.o(i.UARTwrite), (60 bytes).
    Removing gpio.o(i.GPIOADCTriggerDisable), (14 bytes).
    Removing gpio.o(i.GPIOADCTriggerEnable), (12 bytes).
    Removing gpio.o(i.GPIODMATriggerDisable), (14 bytes).
    Removing gpio.o(i.GPIODMATriggerEnable), (12 bytes).
    Removing gpio.o(i.GPIODirModeGet), (34 bytes).
    Removing gpio.o(i.GPIOIntClear), (6 bytes).
    Removing gpio.o(i.GPIOIntDisable), (14 bytes).
    Removing gpio.o(i.GPIOIntEnable), (12 bytes).
    Removing gpio.o(i.GPIOIntRegister), (88 bytes).
    Removing gpio.o(i.GPIOIntStatus), (14 bytes).
    Removing gpio.o(i.GPIOIntTypeGet), (68 bytes).
    Removing gpio.o(i.GPIOIntTypeSet), (80 bytes).
    Removing gpio.o(i.GPIOIntUnregister), (88 bytes).
    Removing gpio.o(i.GPIOPadConfigGet), (204 bytes).
    Removing gpio.o(i.GPIOPinRead), (6 bytes).
    Removing gpio.o(i.GPIOPinTypeADC), (28 bytes).
    Removing gpio.o(i.GPIOPinTypeCAN), (28 bytes).
    Removing gpio.o(i.GPIOPinTypeComparator), (28 bytes).
    Removing gpio.o(i.GPIOPinTypeComparatorOutput), (28 bytes).
    Removing gpio.o(i.GPIOPinTypeDIVSCLK), (28 bytes).
    Removing gpio.o(i.GPIOPinTypeEPI), (28 bytes).
    Removing gpio.o(i.GPIOPinTypeEthernetLED), (28 bytes).
    Removing gpio.o(i.GPIOPinTypeEthernetMII), (28 bytes).
    Removing gpio.o(i.GPIOPinTypeGPIOInput), (28 bytes).
    Removing gpio.o(i.GPIOPinTypeGPIOOutput), (28 bytes).
    Removing gpio.o(i.GPIOPinTypeGPIOOutputOD), (28 bytes).
    Removing gpio.o(i.GPIOPinTypeHibernateRTCCLK), (28 bytes).
    Removing gpio.o(i.GPIOPinTypeI2C), (28 bytes).
    Removing gpio.o(i.GPIOPinTypeI2CSCL), (28 bytes).
    Removing gpio.o(i.GPIOPinTypeLCD), (28 bytes).
    Removing gpio.o(i.GPIOPinTypeOneWire), (28 bytes).
    Removing gpio.o(i.GPIOPinTypePWM), (28 bytes).
    Removing gpio.o(i.GPIOPinTypeQEI), (28 bytes).
    Removing gpio.o(i.GPIOPinTypeSSI), (28 bytes).
    Removing gpio.o(i.GPIOPinTypeTimer), (28 bytes).
    Removing gpio.o(i.GPIOPinTypeTrace), (28 bytes).
    Removing gpio.o(i.GPIOPinTypeUSBAnalog), (28 bytes).
    Removing gpio.o(i.GPIOPinTypeUSBDigital), (28 bytes).
    Removing gpio.o(i.GPIOPinTypeWakeHigh), (30 bytes).
    Removing gpio.o(i.GPIOPinTypeWakeLow), (30 bytes).
    Removing gpio.o(i.GPIOPinWakeStatus), (6 bytes).
    Removing gpio.o(i.GPIOPinWrite), (6 bytes).
    Removing interrupt.o(i.IntDisable), (100 bytes).
    Removing interrupt.o(i.IntEnable), (100 bytes).
    Removing interrupt.o(i.IntIsEnabled), (96 bytes).
    Removing interrupt.o(i.IntMasterDisable), (14 bytes).
    Removing interrupt.o(i.IntPendClear), (68 bytes).
    Removing interrupt.o(i.IntPendSet), (84 bytes).
    Removing interrupt.o(i.IntPriorityGet), (28 bytes).
    Removing interrupt.o(i.IntPriorityGroupingGet), (36 bytes).
    Removing interrupt.o(i.IntPriorityGroupingSet), (28 bytes).
    Removing interrupt.o(i.IntPriorityMaskGet), (4 bytes).
    Removing interrupt.o(i.IntPriorityMaskSet), (4 bytes).
    Removing interrupt.o(i.IntPrioritySet), (40 bytes).
    Removing interrupt.o(i.IntRegister), (52 bytes).
    Removing interrupt.o(i.IntTrigger), (12 bytes).
    Removing interrupt.o(i.IntUnregister), (20 bytes).
    Removing interrupt.o(i._IntDefaultHandler), (2 bytes).
    Removing interrupt.o(.constdata), (268 bytes).
    Removing interrupt.o(vtable), (620 bytes).
    Removing sysctl.o(i.SysCtlAltClkConfig), (12 bytes).
    Removing sysctl.o(i.SysCtlClockFreqSet), (708 bytes).
    Removing sysctl.o(i.SysCtlClockGet), (340 bytes).
    Removing sysctl.o(i.SysCtlClockOutConfig), (20 bytes).
    Removing sysctl.o(i.SysCtlDeepSleep), (32 bytes).
    Removing sysctl.o(i.SysCtlDeepSleepClockConfigSet), (112 bytes).
    Removing sysctl.o(i.SysCtlDeepSleepClockSet), (12 bytes).
    Removing sysctl.o(i.SysCtlDeepSleepPowerSet), (12 bytes).
    Removing sysctl.o(i.SysCtlFlashSectorSizeGet), (56 bytes).
    Removing sysctl.o(i.SysCtlFlashSizeGet), (56 bytes).
    Removing sysctl.o(i.SysCtlGPIOAHBDisable), (28 bytes).
    Removing sysctl.o(i.SysCtlGPIOAHBEnable), (24 bytes).
    Removing sysctl.o(i.SysCtlIntClear), (12 bytes).
    Removing sysctl.o(i.SysCtlIntDisable), (16 bytes).
    Removing sysctl.o(i.SysCtlIntEnable), (16 bytes).
    Removing sysctl.o(i.SysCtlIntRegister), (20 bytes).
    Removing sysctl.o(i.SysCtlIntStatus), (16 bytes).
    Removing sysctl.o(i.SysCtlIntUnregister), (18 bytes).
    Removing sysctl.o(i.SysCtlLDODeepSleepGet), (12 bytes).
    Removing sysctl.o(i.SysCtlLDODeepSleepSet), (12 bytes).
    Removing sysctl.o(i.SysCtlLDOSleepGet), (12 bytes).
    Removing sysctl.o(i.SysCtlLDOSleepSet), (12 bytes).
    Removing sysctl.o(i.SysCtlMOSCConfigSet), (12 bytes).
    Removing sysctl.o(i.SysCtlNMIClear), (16 bytes).
    Removing sysctl.o(i.SysCtlNMIStatus), (12 bytes).
    Removing sysctl.o(i.SysCtlPIOSCCalibrate), (76 bytes).
    Removing sysctl.o(i.SysCtlPWMClockGet), (24 bytes).
    Removing sysctl.o(i.SysCtlPWMClockSet), (20 bytes).
    Removing sysctl.o(i.SysCtlPeripheralClockGating), (68 bytes).
    Removing sysctl.o(i.SysCtlPeripheralDeepSleepDisable), (40 bytes).
    Removing sysctl.o(i.SysCtlPeripheralDeepSleepEnable), (40 bytes).
    Removing sysctl.o(i.SysCtlPeripheralDisable), (40 bytes).
    Removing sysctl.o(i.SysCtlPeripheralPowerOff), (40 bytes).
    Removing sysctl.o(i.SysCtlPeripheralPowerOn), (40 bytes).
    Removing sysctl.o(i.SysCtlPeripheralPresent), (44 bytes).
    Removing sysctl.o(i.SysCtlPeripheralReady), (44 bytes).
    Removing sysctl.o(i.SysCtlPeripheralReset), (60 bytes).
    Removing sysctl.o(i.SysCtlPeripheralSleepDisable), (40 bytes).
    Removing sysctl.o(i.SysCtlPeripheralSleepEnable), (40 bytes).
    Removing sysctl.o(i.SysCtlReset), (16 bytes).
    Removing sysctl.o(i.SysCtlResetBehaviorGet), (12 bytes).
    Removing sysctl.o(i.SysCtlResetBehaviorSet), (12 bytes).
    Removing sysctl.o(i.SysCtlResetCauseClear), (16 bytes).
    Removing sysctl.o(i.SysCtlResetCauseGet), (12 bytes).
    Removing sysctl.o(i.SysCtlSRAMSizeGet), (16 bytes).
    Removing sysctl.o(i.SysCtlSleep), (4 bytes).
    Removing sysctl.o(i.SysCtlSleepPowerSet), (12 bytes).
    Removing sysctl.o(i.SysCtlUSBPLLDisable), (16 bytes).
    Removing sysctl.o(i.SysCtlUSBPLLEnable), (16 bytes).
    Removing sysctl.o(i.SysCtlVCOGet), (120 bytes).
    Removing sysctl.o(i.SysCtlVoltageEventClear), (16 bytes).
    Removing sysctl.o(i.SysCtlVoltageEventConfig), (12 bytes).
    Removing sysctl.o(i.SysCtlVoltageEventStatus), (12 bytes).
    Removing sysctl.o(.constdata), (596 bytes).
    Removing systick.o(i.SysTickDisable), (14 bytes).
    Removing systick.o(i.SysTickIntDisable), (14 bytes).
    Removing systick.o(i.SysTickIntRegister), (24 bytes).
    Removing systick.o(i.SysTickIntUnregister), (18 bytes).
    Removing systick.o(i.SysTickPeriodGet), (10 bytes).
    Removing systick.o(i.SysTickValueGet), (8 bytes).
    Removing uart.o(i.UART9BitAddrSend), (38 bytes).
    Removing uart.o(i.UART9BitAddrSet), (10 bytes).
    Removing uart.o(i.UART9BitDisable), (14 bytes).
    Removing uart.o(i.UART9BitEnable), (14 bytes).
    Removing uart.o(i.UARTBreakCtl), (18 bytes).
    Removing uart.o(i.UARTBusy), (8 bytes).
    Removing uart.o(i.UARTCharGet), (12 bytes).
    Removing uart.o(i.UARTCharGetNonBlocking), (16 bytes).
    Removing uart.o(i.UARTCharPutNonBlocking), (16 bytes).
    Removing uart.o(i.UARTCharsAvail), (10 bytes).
    Removing uart.o(i.UARTClockSourceGet), (6 bytes).
    Removing uart.o(i.UARTConfigGetExpClk), (46 bytes).
    Removing uart.o(i.UARTConfigSetExpClk), (110 bytes).
    Removing uart.o(i.UARTDMADisable), (10 bytes).
    Removing uart.o(i.UARTDMAEnable), (8 bytes).
    Removing uart.o(i.UARTDisable), (30 bytes).
    Removing uart.o(i.UARTDisableSIR), (10 bytes).
    Removing uart.o(i.UARTEnable), (20 bytes).
    Removing uart.o(i.UARTEnableSIR), (18 bytes).
    Removing uart.o(i.UARTFIFODisable), (10 bytes).
    Removing uart.o(i.UARTFIFOEnable), (10 bytes).
    Removing uart.o(i.UARTFIFOLevelGet), (16 bytes).
    Removing uart.o(i.UARTFIFOLevelSet), (6 bytes).
    Removing uart.o(i.UARTFlowControlGet), (8 bytes).
    Removing uart.o(i.UARTFlowControlSet), (12 bytes).
    Removing uart.o(i.UARTIntClear), (4 bytes).
    Removing uart.o(i.UARTIntDisable), (10 bytes).
    Removing uart.o(i.UARTIntEnable), (8 bytes).
    Removing uart.o(i.UARTIntRegister), (88 bytes).
    Removing uart.o(i.UARTIntStatus), (10 bytes).
    Removing uart.o(i.UARTIntUnregister), (88 bytes).
    Removing uart.o(i.UARTLoopbackEnable), (10 bytes).
    Removing uart.o(i.UARTModemControlClear), (14 bytes).
    Removing uart.o(i.UARTModemControlGet), (8 bytes).
    Removing uart.o(i.UARTModemControlSet), (12 bytes).
    Removing uart.o(i.UARTModemStatusGet), (10 bytes).
    Removing uart.o(i.UARTParityModeGet), (8 bytes).
    Removing uart.o(i.UARTParityModeSet), (12 bytes).
    Removing uart.o(i.UARTRxErrorClear), (6 bytes).
    Removing uart.o(i.UARTRxErrorGet), (8 bytes).
    Removing uart.o(i.UARTSmartCardDisable), (10 bytes).
    Removing uart.o(i.UARTSmartCardEnable), (22 bytes).
    Removing uart.o(i.UARTSpaceAvail), (10 bytes).
    Removing uart.o(i.UARTTxIntModeGet), (8 bytes).
    Removing uart.o(i.UARTTxIntModeSet), (12 bytes).
    Removing uart.o(.constdata), (128 bytes).

210 unused section(s) (total 9183 bytes) removed from the image.

==============================================================================

Image Symbol Table

    Local Symbols

    Symbol Name                              Value     Ov Type        Size  Object(Section)

    RESET                                    0x00000000   Section      648  startup_rvmdk.o(RESET)
    ../clib/angel/boardlib.s                 0x00000000   Number         0  boardinit1.o ABSOLUTE
    ../clib/angel/boardlib.s                 0x00000000   Number         0  boardinit2.o ABSOLUTE
    ../clib/angel/boardlib.s                 0x00000000   Number         0  boardinit3.o ABSOLUTE
    ../clib/angel/boardlib.s                 0x00000000   Number         0  boardshut.o ABSOLUTE
    ../clib/angel/handlers.s                 0x00000000   Number         0  __scatter_zi.o ABSOLUTE
    ../clib/angel/handlers.s                 0x00000000   Number         0  __scatter_copy.o ABSOLUTE
    ../clib/angel/kernel.s                   0x00000000   Number         0  __rtentry2.o ABSOLUTE
    ../clib/angel/kernel.s                   0x00000000   Number         0  rtexit2.o ABSOLUTE
    ../clib/angel/kernel.s                   0x00000000   Number         0  rtexit.o ABSOLUTE
    ../clib/angel/kernel.s                   0x00000000   Number         0  __rtentry4.o ABSOLUTE
    ../clib/angel/kernel.s                   0x00000000   Number         0  __rtentry.o ABSOLUTE
    ../clib/angel/rt.s                       0x00000000   Number         0  rt_locale_intlibspace.o ABSOLUTE
    ../clib/angel/rt.s                       0x00000000   Number         0  rt_locale.o ABSOLUTE
    ../clib/angel/rt.s                       0x00000000   Number         0  rt_raise.o ABSOLUTE
    ../clib/angel/rt.s                       0x00000000   Number         0  rt_ctype_table.o ABSOLUTE
    ../clib/angel/scatter.s                  0x00000000   Number         0  __scatter.o ABSOLUTE
    ../clib/angel/startup.s                  0x00000000   Number         0  __main.o ABSOLUTE
    ../clib/angel/sys.s                      0x00000000   Number         0  indicate_semi.o ABSOLUTE
    ../clib/angel/sys.s                      0x00000000   Number         0  use_no_semi.o ABSOLUTE
    ../clib/angel/sys.s                      0x00000000   Number         0  sys_stackheap_outer.o ABSOLUTE
    ../clib/angel/sys.s                      0x00000000   Number         0  libspace.o ABSOLUTE
    ../clib/angel/sysapp.c                   0x00000000   Number         0  sys_command.o ABSOLUTE
    ../clib/armsys.c                         0x00000000   Number         0  argv_veneer.o ABSOLUTE
    ../clib/armsys.c                         0x00000000   Number         0  _get_argv_nomalloc.o ABSOLUTE
    ../clib/armsys.c                         0x00000000   Number         0  no_argv.o ABSOLUTE
    ../clib/armsys.c                         0x00000000   Number         0  argv_veneer.o ABSOLUTE
    ../clib/ctype.c                          0x00000000   Number         0  toupper.o ABSOLUTE
    ../clib/heapalloc.c                      0x00000000   Number         0  hrguard.o ABSOLUTE
    ../clib/heapaux.c                        0x00000000   Number         0  heapauxi.o ABSOLUTE
    ../clib/libinit.s                        0x00000000   Number         0  libinit.o ABSOLUTE
    ../clib/libinit.s                        0x00000000   Number         0  libshutdown2.o ABSOLUTE
    ../clib/libinit.s                        0x00000000   Number         0  libinit2.o ABSOLUTE
    ../clib/libinit.s                        0x00000000   Number         0  libshutdown.o ABSOLUTE
    ../clib/locale.s                         0x00000000   Number         0  lc_ctype_c.o ABSOLUTE
    ../clib/memcpset.s                       0x00000000   Number         0  strcmpv7m.o ABSOLUTE
    ../clib/printf.c                         0x00000000   Number         0  _printf_str.o ABSOLUTE
    ../clib/printf.c                         0x00000000   Number         0  __printf.o ABSOLUTE
    ../clib/printf.c                         0x00000000   Number         0  noretval__2printf.o ABSOLUTE
    ../clib/printf.c                         0x00000000   Number         0  __2printf.o ABSOLUTE
    ../clib/printf.c                         0x00000000   Number         0  __printf_nopercent.o ABSOLUTE
    ../clib/printf.c                         0x00000000   Number         0  _printf_char_common.o ABSOLUTE
    ../clib/printf.c                         0x00000000   Number         0  _printf_char_file.o ABSOLUTE
    ../clib/printf.c                         0x00000000   Number         0  _printf_char.o ABSOLUTE
    ../clib/printf.c                         0x00000000   Number         0  _printf_intcommon.o ABSOLUTE
    ../clib/printf.c                         0x00000000   Number         0  __printf_flags_ss_wp.o ABSOLUTE
    ../clib/printf.c                         0x00000000   Number         0  __printf_ss_wp.o ABSOLUTE
    ../clib/printf.c                         0x00000000   Number         0  __printf_flags_wp.o ABSOLUTE
    ../clib/printf.c                         0x00000000   Number         0  __printf_wp.o ABSOLUTE
    ../clib/printf.c                         0x00000000   Number         0  __printf_flags_ss.o ABSOLUTE
    ../clib/printf.c                         0x00000000   Number         0  __printf_ss.o ABSOLUTE
    ../clib/printf.c                         0x00000000   Number         0  __printf_flags.o ABSOLUTE
    ../clib/printf.c                         0x00000000   Number         0  _printf_dec.o ABSOLUTE
    ../clib/printf_percent.s                 0x00000000   Number         0  _printf_percent.o ABSOLUTE
    ../clib/printf_percent.s                 0x00000000   Number         0  _printf_percent_end.o ABSOLUTE
    ../clib/printf_percent.s                 0x00000000   Number         0  _printf_d.o ABSOLUTE
    ../clib/printf_percent.s                 0x00000000   Number         0  _printf_s.o ABSOLUTE
    ../clib/signal.c                         0x00000000   Number         0  defsig_general.o ABSOLUTE
    ../clib/signal.c                         0x00000000   Number         0  defsig_exit.o ABSOLUTE
    ../clib/signal.c                         0x00000000   Number         0  __raise.o ABSOLUTE
    ../clib/signal.c                         0x00000000   Number         0  defsig_rtmem_inner.o ABSOLUTE
    ../clib/signal.c                         0x00000000   Number         0  defsig_other.o ABSOLUTE
    ../clib/signal.c                         0x00000000   Number         0  defsig_segv_inner.o ABSOLUTE
    ../clib/signal.c                         0x00000000   Number         0  defsig_cppl_inner.o ABSOLUTE
    ../clib/signal.c                         0x00000000   Number         0  defsig_pvfn_inner.o ABSOLUTE
    ../clib/signal.c                         0x00000000   Number         0  defsig_stak_inner.o ABSOLUTE
    ../clib/signal.c                         0x00000000   Number         0  defsig_rtred_inner.o ABSOLUTE
    ../clib/signal.c                         0x00000000   Number         0  defsig_fpe_inner.o ABSOLUTE
    ../clib/signal.c                         0x00000000   Number         0  defsig_abrt_inner.o ABSOLUTE
    ../clib/signal.c                         0x00000000   Number         0  defsig_rtmem_outer.o ABSOLUTE
    ../clib/signal.c                         0x00000000   Number         0  defsig_rtmem_formal.o ABSOLUTE
    ../clib/signal.s                         0x00000000   Number         0  defsig.o ABSOLUTE
    ../clib/stdio.c                          0x00000000   Number         0  puts.o ABSOLUTE
    ../clib/stdio.c                          0x00000000   Number         0  getc.o ABSOLUTE
    ../clib/stdlib.c                         0x00000000   Number         0  exit.o ABSOLUTE
    ../fplib/fpinit.s                        0x00000000   Number         0  fpinit.o ABSOLUTE
    Source\CalibratingHSM.c                  0x00000000   Number         0  calibratinghsm.o ABSOLUTE
    Source\CrimpingHSM.c                     0x00000000   Number         0  crimpinghsm.o ABSOLUTE
    Source\ES_CheckEvents.c                  0x00000000   Number         0  es_checkevents.o ABSOLUTE
    Source\ES_DeferRecall.c                  0x00000000   Number         0  es_deferrecall.o ABSOLUTE
    Source\ES_Framework.c                    0x00000000   Number         0  es_framework.o ABSOLUTE
    Source\ES_LookupTables.c                 0x00000000   Number         0  es_lookuptables.o ABSOLUTE
    Source\ES_Port.c                         0x00000000   Number         0  es_port.o ABSOLUTE
    Source\ES_PostList.c                     0x00000000   Number         0  es_postlist.o ABSOLUTE
    Source\ES_Queue.c                        0x00000000   Number         0  es_queue.o ABSOLUTE
    Source\ES_Timers.c                       0x00000000   Number         0  es_timers.o ABSOLUTE
    Source\EventCheckers.c                   0x00000000   Number         0  eventcheckers.o ABSOLUTE
    Source\HSMTemplateMain.c                 0x00000000   Number         0  hsmtemplatemain.o ABSOLUTE
    Source\MapKeys.c                         0x00000000   Number         0  mapkeys.o ABSOLUTE
    Source\MasterHSM.c                       0x00000000   Number         0  masterhsm.o ABSOLUTE
    Source\TestingHSM.c                      0x00000000   Number         0  testinghsm.o ABSOLUTE
    Source\WaitingForModeSelect.c            0x00000000   Number         0  waitingformodeselect.o ABSOLUTE
    Source\ZeroingMotorsHSM.c                0x00000000   Number         0  zeroingmotorshsm.o ABSOLUTE
    Source\retarget.c                        0x00000000   Number         0  retarget.o ABSOLUTE
    Source\termio.c                          0x00000000   Number         0  termio.o ABSOLUTE
    Source\uartstdio.c                       0x00000000   Number         0  uartstdio.o ABSOLUTE
    StartUp\startup_rvmdk.S                  0x00000000   Number         0  startup_rvmdk.o ABSOLUTE
    cpu.c                                    0x00000000   Number         0  cpu.o ABSOLUTE
    cpu.c                                    0x00000000   Number         0  cpu.o ABSOLUTE
    dc.s                                     0x00000000   Number         0  dc.o ABSOLUTE
    gpio.c                                   0x00000000   Number         0  gpio.o ABSOLUTE
    interrupt.c                              0x00000000   Number         0  interrupt.o ABSOLUTE
    sysctl.c                                 0x00000000   Number         0  sysctl.o ABSOLUTE
    sysctl.c                                 0x00000000   Number         0  sysctl.o ABSOLUTE
    systick.c                                0x00000000   Number         0  systick.o ABSOLUTE
    uart.c                                   0x00000000   Number         0  uart.o ABSOLUTE
    $v0                                      0x0000026c   Number         0  startup_rvmdk.o(RESET)
    NmiSR                                    0x00000281   Thumb Code     0  startup_rvmdk.o(RESET)
    FaultISR                                 0x00000283   Thumb Code     0  startup_rvmdk.o(RESET)
    IntDefaultHandler                        0x00000285   Thumb Code     0  startup_rvmdk.o(RESET)
    !!!main                                  0x00000288   Section        8  __main.o(!!!main)
    !!!scatter                               0x00000290   Section       52  __scatter.o(!!!scatter)
    !!handler_copy                           0x000002c4   Section       26  __scatter_copy.o(!!handler_copy)
    !!handler_zi                             0x000002e0   Section       28  __scatter_zi.o(!!handler_zi)
    .ARM.Collect$$_printf_percent$$00000000  0x000002fc   Section        0  _printf_percent.o(.ARM.Collect$$_printf_percent$$00000000)
    .ARM.Collect$$_printf_percent$$00000009  0x000002fc   Section        6  _printf_d.o(.ARM.Collect$$_printf_percent$$00000009)
    .ARM.Collect$$_printf_percent$$00000014  0x00000302   Section        6  _printf_s.o(.ARM.Collect$$_printf_percent$$00000014)
    .ARM.Collect$$_printf_percent$$00000017  0x00000308   Section        4  _printf_percent_end.o(.ARM.Collect$$_printf_percent$$00000017)
    .ARM.Collect$$libinit$$00000000          0x0000030c   Section        2  libinit.o(.ARM.Collect$$libinit$$00000000)
    .ARM.Collect$$libinit$$00000001          0x0000030e   Section        4  libinit2.o(.ARM.Collect$$libinit$$00000001)
    .ARM.Collect$$libinit$$00000004          0x00000312   Section        0  libinit2.o(.ARM.Collect$$libinit$$00000004)
    .ARM.Collect$$libinit$$0000000A          0x00000312   Section        0  libinit2.o(.ARM.Collect$$libinit$$0000000A)
    .ARM.Collect$$libinit$$0000000C          0x00000312   Section        0  libinit2.o(.ARM.Collect$$libinit$$0000000C)
    .ARM.Collect$$libinit$$0000000E          0x00000312   Section        0  libinit2.o(.ARM.Collect$$libinit$$0000000E)
    .ARM.Collect$$libinit$$0000000F          0x00000312   Section        6  libinit2.o(.ARM.Collect$$libinit$$0000000F)
    .ARM.Collect$$libinit$$00000011          0x00000318   Section        0  libinit2.o(.ARM.Collect$$libinit$$00000011)
    .ARM.Collect$$libinit$$00000012          0x00000318   Section       12  libinit2.o(.ARM.Collect$$libinit$$00000012)
    .ARM.Collect$$libinit$$00000013          0x00000324   Section        0  libinit2.o(.ARM.Collect$$libinit$$00000013)
    .ARM.Collect$$libinit$$00000015          0x00000324   Section        0  libinit2.o(.ARM.Collect$$libinit$$00000015)
    .ARM.Collect$$libinit$$00000017          0x00000324   Section        0  libinit2.o(.ARM.Collect$$libinit$$00000017)
    .ARM.Collect$$libinit$$00000019          0x00000324   Section        0  libinit2.o(.ARM.Collect$$libinit$$00000019)
    .ARM.Collect$$libinit$$0000001B          0x00000324   Section        0  libinit2.o(.ARM.Collect$$libinit$$0000001B)
    .ARM.Collect$$libinit$$0000001D          0x00000324   Section        0  libinit2.o(.ARM.Collect$$libinit$$0000001D)
    .ARM.Collect$$libinit$$0000001F          0x00000324   Section        0  libinit2.o(.ARM.Collect$$libinit$$0000001F)
    .ARM.Collect$$libinit$$00000021          0x00000324   Section        0  libinit2.o(.ARM.Collect$$libinit$$00000021)
    .ARM.Collect$$libinit$$00000023          0x00000324   Section        0  libinit2.o(.ARM.Collect$$libinit$$00000023)
    .ARM.Collect$$libinit$$00000025          0x00000324   Section        0  libinit2.o(.ARM.Collect$$libinit$$00000025)
    .ARM.Collect$$libinit$$0000002C          0x00000324   Section        0  libinit2.o(.ARM.Collect$$libinit$$0000002C)
    .ARM.Collect$$libinit$$0000002E          0x00000324   Section        0  libinit2.o(.ARM.Collect$$libinit$$0000002E)
    .ARM.Collect$$libinit$$00000030          0x00000324   Section        0  libinit2.o(.ARM.Collect$$libinit$$00000030)
    .ARM.Collect$$libinit$$00000032          0x00000324   Section        0  libinit2.o(.ARM.Collect$$libinit$$00000032)
    .ARM.Collect$$libinit$$00000033          0x00000324   Section        2  libinit2.o(.ARM.Collect$$libinit$$00000033)
    .ARM.Collect$$libshutdown$$00000000      0x00000326   Section        2  libshutdown.o(.ARM.Collect$$libshutdown$$00000000)
    .ARM.Collect$$libshutdown$$00000002      0x00000328   Section        0  libshutdown2.o(.ARM.Collect$$libshutdown$$00000002)
    .ARM.Collect$$libshutdown$$00000004      0x00000328   Section        0  libshutdown2.o(.ARM.Collect$$libshutdown$$00000004)
    .ARM.Collect$$libshutdown$$00000007      0x00000328   Section        0  libshutdown2.o(.ARM.Collect$$libshutdown$$00000007)
    .ARM.Collect$$libshutdown$$0000000A      0x00000328   Section        0  libshutdown2.o(.ARM.Collect$$libshutdown$$0000000A)
    .ARM.Collect$$libshutdown$$0000000C      0x00000328   Section        0  libshutdown2.o(.ARM.Collect$$libshutdown$$0000000C)
    .ARM.Collect$$libshutdown$$0000000F      0x00000328   Section        0  libshutdown2.o(.ARM.Collect$$libshutdown$$0000000F)
    .ARM.Collect$$libshutdown$$00000010      0x00000328   Section        2  libshutdown2.o(.ARM.Collect$$libshutdown$$00000010)
    .ARM.Collect$$rtentry$$00000000          0x0000032a   Section        0  __rtentry.o(.ARM.Collect$$rtentry$$00000000)
    .ARM.Collect$$rtentry$$00000002          0x0000032a   Section        0  __rtentry2.o(.ARM.Collect$$rtentry$$00000002)
    .ARM.Collect$$rtentry$$00000004          0x0000032a   Section        6  __rtentry4.o(.ARM.Collect$$rtentry$$00000004)
    .ARM.Collect$$rtentry$$00000009          0x00000330   Section        0  __rtentry2.o(.ARM.Collect$$rtentry$$00000009)
    .ARM.Collect$$rtentry$$0000000A          0x00000330   Section        4  __rtentry2.o(.ARM.Collect$$rtentry$$0000000A)
    .ARM.Collect$$rtentry$$0000000C          0x00000334   Section        0  __rtentry2.o(.ARM.Collect$$rtentry$$0000000C)
    .ARM.Collect$$rtentry$$0000000D          0x00000334   Section        8  __rtentry2.o(.ARM.Collect$$rtentry$$0000000D)
    .ARM.Collect$$rtexit$$00000000           0x0000033c   Section        2  rtexit.o(.ARM.Collect$$rtexit$$00000000)
    .ARM.Collect$$rtexit$$00000002           0x0000033e   Section        0  rtexit2.o(.ARM.Collect$$rtexit$$00000002)
    .ARM.Collect$$rtexit$$00000003           0x0000033e   Section        4  rtexit2.o(.ARM.Collect$$rtexit$$00000003)
    .ARM.Collect$$rtexit$$00000004           0x00000342   Section        6  rtexit2.o(.ARM.Collect$$rtexit$$00000004)
    .emb_text                                0x00000348   Section        6  sysctl.o(.emb_text)
    $v0                                      0x00000348   Number         0  sysctl.o(.emb_text)
    .emb_text                                0x00000350   Section       38  cpu.o(.emb_text)
    $v0                                      0x00000350   Number         0  cpu.o(.emb_text)
    .text                                    0x00000378   Section       24  startup_rvmdk.o(.text)
    $v0                                      0x00000378   Number         0  startup_rvmdk.o(.text)
    .text                                    0x00000390   Section        2  use_no_semi.o(.text)
    .text                                    0x00000392   Section        0  toupper.o(.text)
    .text                                    0x000003b0   Section        0  noretval__2printf.o(.text)
    .text                                    0x000003c8   Section        0  __printf.o(.text)
    .text                                    0x00000430   Section        0  _printf_str.o(.text)
    .text                                    0x00000484   Section        0  _printf_dec.o(.text)
    .text                                    0x000004fc   Section        0  getc.o(.text)
    .text                                    0x00000500   Section        0  puts.o(.text)
    .text                                    0x0000052c   Section        0  heapauxi.o(.text)
    .text                                    0x00000534   Section       16  rt_ctype_table.o(.text)
    .text                                    0x00000544   Section        0  _printf_intcommon.o(.text)
    .text                                    0x000005f6   Section        0  _printf_char.o(.text)
    .text                                    0x00000624   Section        0  _printf_char_file.o(.text)
    .text                                    0x00000648   Section        8  rt_locale_intlibspace.o(.text)
    .text                                    0x00000650   Section        0  _printf_char_common.o(.text)
    _printf_input_char                       0x00000651   Thumb Code    10  _printf_char_common.o(.text)
    .text                                    0x00000680   Section        8  libspace.o(.text)
    .text                                    0x00000688   Section       74  sys_stackheap_outer.o(.text)
    .text                                    0x000006d2   Section        0  exit.o(.text)
    .text                                    0x000006e4   Section      128  strcmpv7m.o(.text)
    i.CPUgetPRIMASK_cpsid                    0x00000764   Section        0  es_port.o(i.CPUgetPRIMASK_cpsid)
    i.CPUsetPRIMASK                          0x0000076c   Section        0  es_port.o(i.CPUsetPRIMASK)
    i.Check4Keystroke                        0x00000774   Section        0  eventcheckers.o(i.Check4Keystroke)
    i.DuringCalibrating                      0x000007c8   Section        0  masterhsm.o(i.DuringCalibrating)
    DuringCalibrating                        0x000007c9   Thumb Code    70  masterhsm.o(i.DuringCalibrating)
    i.ES_CheckUserEvents                     0x00000844   Section        0  es_checkevents.o(i.ES_CheckUserEvents)
    i.ES_DeQueue                             0x0000086c   Section        0  es_queue.o(i.ES_DeQueue)
    i.ES_EnQueueFIFO                         0x000008c0   Section        0  es_queue.o(i.ES_EnQueueFIFO)
    i.ES_GetMSBitSet                         0x00000908   Section        0  es_lookuptables.o(i.ES_GetMSBitSet)
    i.ES_InitQueue                           0x0000093c   Section        0  es_queue.o(i.ES_InitQueue)
    i.ES_Initialize                          0x0000094c   Section        0  es_framework.o(i.ES_Initialize)
    i.ES_PostToService                       0x00000998   Section        0  es_framework.o(i.ES_PostToService)
    i.ES_Run                                 0x000009d0   Section        0  es_framework.o(i.ES_Run)
    i.ES_Timer_Init                          0x00000a30   Section        0  es_timers.o(i.ES_Timer_Init)
    i.ES_Timer_Tick_Resp                     0x00000a34   Section        0  es_timers.o(i.ES_Timer_Tick_Resp)
    i.GPIODirModeSet                         0x00000aa0   Section        0  gpio.o(i.GPIODirModeSet)
    i.GPIOPadConfigSet                       0x00000ac8   Section        0  gpio.o(i.GPIOPadConfigSet)
    i.GPIOPinConfigure                       0x00000c00   Section        0  gpio.o(i.GPIOPinConfigure)
    i.GPIOPinTypeUART                        0x00000c44   Section        0  gpio.o(i.GPIOPinTypeUART)
    i.InitMapKeys                            0x00000c60   Section        0  mapkeys.o(i.InitMapKeys)
    i.InitMasterSM                           0x00000c6c   Section        0  masterhsm.o(i.InitMasterSM)
    i.IntMasterEnable                        0x00000c88   Section        0  interrupt.o(i.IntMasterEnable)
    i.PostMasterSM                           0x00000c98   Section        0  masterhsm.o(i.PostMasterSM)
    i.RunCalibratingSM                       0x00000ca8   Section        0  calibratinghsm.o(i.RunCalibratingSM)
    i.RunMapKeys                             0x00000d80   Section        0  mapkeys.o(i.RunMapKeys)
    i.RunMasterSM                            0x00000da8   Section        0  masterhsm.o(i.RunMasterSM)
    i.StartCalibratingSM                     0x00000ff4   Section        0  calibratinghsm.o(i.StartCalibratingSM)
    i.StartMasterSM                          0x00001030   Section        0  masterhsm.o(i.StartMasterSM)
    i.SysCtlClockSet                         0x00001040   Section        0  sysctl.o(i.SysCtlClockSet)
    i.SysCtlPeripheralEnable                 0x00001160   Section        0  sysctl.o(i.SysCtlPeripheralEnable)
    i.SysTickEnable                          0x00001188   Section        0  systick.o(i.SysTickEnable)
    i.SysTickIntEnable                       0x00001196   Section        0  systick.o(i.SysTickIntEnable)
    i.SysTickIntHandler                      0x000011a4   Section        0  es_port.o(i.SysTickIntHandler)
    i.SysTickPeriodSet                       0x000011b8   Section        0  systick.o(i.SysTickPeriodSet)
    i.TERMIO_GetChar                         0x000011c2   Section        0  termio.o(i.TERMIO_GetChar)
    i.TERMIO_Init                            0x000011c8   Section        0  termio.o(i.TERMIO_Init)
    i.TERMIO_PutChar                         0x00001218   Section        0  termio.o(i.TERMIO_PutChar)
    i.UARTCharPut                            0x00001224   Section        0  uart.o(i.UARTCharPut)
    i.UARTClockSourceSet                     0x00001230   Section        0  uart.o(i.UARTClockSourceSet)
    i.UARTStdioConfig                        0x00001238   Section        0  uartstdio.o(i.UARTStdioConfig)
    i.UARTgetc                               0x00001294   Section        0  uartstdio.o(i.UARTgetc)
    i._HW_Process_Pending_Ints               0x000012ac   Section        0  es_port.o(i._HW_Process_Pending_Ints)
    i._HW_Timer_Init                         0x000012cc   Section        0  es_port.o(i._HW_Timer_Init)
    i._sys_exit                              0x000012e2   Section        0  retarget.o(i._sys_exit)
    i.ferror                                 0x000012e4   Section        0  retarget.o(i.ferror)
    i.fgetc                                  0x000012ea   Section        0  retarget.o(i.fgetc)
    i.fputc                                  0x000012ee   Section        0  retarget.o(i.fputc)
    i.kbhit                                  0x000012fc   Section        0  termio.o(i.kbhit)
    i.main                                   0x00001310   Section        0  hsmtemplatemain.o(i.main)
    locale$$code                             0x00001458   Section       44  lc_ctype_c.o(locale$$code)
    x$fpl$fpinit                             0x00001484   Section       10  fpinit.o(x$fpl$fpinit)
    $v0                                      0x00001484   Number         0  fpinit.o(x$fpl$fpinit)
    .constdata                               0x00001490   Section        4  calibratinghsm.o(.constdata)
    .constdata                               0x00001494   Section        4  masterhsm.o(.constdata)
    .constdata                               0x00001498   Section        4  es_checkevents.o(.constdata)
    ES_EventList                             0x00001498   Data           4  es_checkevents.o(.constdata)
    .constdata                               0x0000149c   Section       32  es_framework.o(.constdata)
    ServDescList                             0x0000149c   Data          16  es_framework.o(.constdata)
    EventQueues                              0x000014ac   Data          16  es_framework.o(.constdata)
    .constdata                               0x000014bc   Section       32  es_lookuptables.o(.constdata)
    .constdata                               0x000014dc   Section       15  es_lookuptables.o(.constdata)
    .constdata                               0x000014ec   Section       64  es_timers.o(.constdata)
    Timer2PostFunc                           0x000014ec   Data          64  es_timers.o(.constdata)
    .constdata                               0x0000152c   Section       28  uartstdio.o(.constdata)
    g_pcHex                                  0x0000152c   Data           4  uartstdio.o(.constdata)
    g_ui32UARTBase                           0x00001530   Data          12  uartstdio.o(.constdata)
    g_ui32UARTPeriph                         0x0000153c   Data          12  uartstdio.o(.constdata)
    .constdata                               0x00001548   Section      528  gpio.o(.constdata)
    g_ppui32GPIOIntMapBlizzard               0x00001548   Data         192  gpio.o(.constdata)
    g_ppui32GPIOIntMapSnowflake              0x00001608   Data         192  gpio.o(.constdata)
    g_pui32GPIOBaseAddrs                     0x000016c8   Data         144  gpio.o(.constdata)
    .conststring                             0x00001758   Section      137  calibratinghsm.o(.conststring)
    .conststring                             0x000017e4   Section      342  masterhsm.o(.conststring)
    .conststring                             0x0000193c   Section       17  uartstdio.o(.conststring)
    locale$$data                             0x00001970   Section      272  lc_ctype_c.o(locale$$data)
    __lcctype_c_name                         0x00001974   Data           2  lc_ctype_c.o(locale$$data)
    __lcctype_c_start                        0x0000197c   Data           0  lc_ctype_c.o(locale$$data)
    __lcctype_c_end                          0x00001a80   Data           0  lc_ctype_c.o(locale$$data)
    .data                                    0x20000000   Section        1  mapkeys.o(.data)
    MyPriority                               0x20000000   Data           1  mapkeys.o(.data)
    .data                                    0x20000001   Section        1  calibratinghsm.o(.data)
    CurrentState                             0x20000001   Data           1  calibratinghsm.o(.data)
    .data                                    0x20000002   Section        2  masterhsm.o(.data)
    CurrentState                             0x20000002   Data           1  masterhsm.o(.data)
    MyPriority                               0x20000003   Data           1  masterhsm.o(.data)
    .data                                    0x20000004   Section        6  es_framework.o(.data)
    ThisEvent                                0x20000006   Data           4  es_framework.o(.data)
    .data                                    0x2000000a   Section        4  es_port.o(.data)
    TickCount                                0x2000000a   Data           1  es_port.o(.data)
    SysTickCounter                           0x2000000c   Data           2  es_port.o(.data)
    .data                                    0x20000010   Section        4  es_queue.o(.data)
    .data                                    0x20000014   Section       10  es_timers.o(.data)
    NextTimer2Process                        0x20000014   Data           1  es_timers.o(.data)
    NeedsProcessing                          0x20000016   Data           2  es_timers.o(.data)
    TMR_ActiveFlags                          0x20000018   Data           2  es_timers.o(.data)
    NewEvent                                 0x2000001a   Data           4  es_timers.o(.data)
    .data                                    0x20000020   Section        4  retarget.o(.data)
    .data                                    0x20000024   Section        4  retarget.o(.data)
    .data                                    0x20000028   Section        8  uartstdio.o(.data)
    bLastWasCR                               0x20000028   Data           1  uartstdio.o(.data)
    g_ui32Base                               0x2000002c   Data           4  uartstdio.o(.data)
    .bss                                     0x20000030   Section       12  es_framework.o(.bss)
    Queue0                                   0x20000030   Data          12  es_framework.o(.bss)
    .bss                                     0x2000003c   Section       16  es_framework.o(.bss)
    Queue1                                   0x2000003c   Data          16  es_framework.o(.bss)
    .bss                                     0x2000004c   Section       32  es_timers.o(.bss)
    TMR_TimerArray                           0x2000004c   Data          32  es_timers.o(.bss)
    .bss                                     0x2000006c   Section       96  libspace.o(.bss)
    HEAP                                     0x200000d0   Section        0  startup_rvmdk.o(HEAP)
    STACK                                    0x200000d0   Section     2048  startup_rvmdk.o(STACK)
    HeapMem                                  0x200000d0   Data           0  startup_rvmdk.o(HEAP)
    StackMem                                 0x200000d0   Data           0  startup_rvmdk.o(STACK)

    Global Symbols

    Symbol Name                              Value     Ov Type        Size  Object(Section)

    BuildAttributes$$THM_ISAv4$E$P$D$K$B$S$7EM$VFPi3$EXTD16$VFPS$VFMA$PE$A:L22UL41UL21$X:L11$S22US41US21$IEEE1$IW$USESV6$~STKCKD$USESV7$~SHL$OTIME$ROPI$EBA8$UX$STANDARDLIB$REQ8$PRES8$EABIv2 0x00000000   Number         0  anon$$obj.o ABSOLUTE
    __ARM_use_no_argv                        0x00000000   Number         0  hsmtemplatemain.o ABSOLUTE
    __Vectors                                0x00000000   Data           0  startup_rvmdk.o(RESET)
    __ARM_exceptions_init                     - Undefined Weak Reference
    __alloca_initialize                       - Undefined Weak Reference
    __arm_preinit_                            - Undefined Weak Reference
    __cpp_initialize__aeabi_                  - Undefined Weak Reference
    __cxa_finalize                            - Undefined Weak Reference
    __sigvec_lookup                           - Undefined Weak Reference
    _atexit_init                              - Undefined Weak Reference
    _call_atexit_fns                          - Undefined Weak Reference
    _clock_init                               - Undefined Weak Reference
    _fp_trap_init                             - Undefined Weak Reference
    _fp_trap_shutdown                         - Undefined Weak Reference
    _get_lc_collate                           - Undefined Weak Reference
    _get_lc_monetary                          - Undefined Weak Reference
    _get_lc_numeric                           - Undefined Weak Reference
    _get_lc_time                              - Undefined Weak Reference
    _getenv_init                              - Undefined Weak Reference
    _handle_redirection                       - Undefined Weak Reference
    _init_alloc                               - Undefined Weak Reference
    _init_user_alloc                          - Undefined Weak Reference
    _initio                                   - Undefined Weak Reference
    _printf_mbtowc                            - Undefined Weak Reference
    _printf_post_padding                      - Undefined Weak Reference
    _printf_pre_padding                       - Undefined Weak Reference
    _printf_truncate_signed                   - Undefined Weak Reference
    _printf_truncate_unsigned                 - Undefined Weak Reference
    _rand_init                                - Undefined Weak Reference
    _signal_finish                            - Undefined Weak Reference
    _signal_init                              - Undefined Weak Reference
    _terminate_alloc                          - Undefined Weak Reference
    _terminate_user_alloc                     - Undefined Weak Reference
    _terminateio                              - Undefined Weak Reference
    Reset_Handler                            0x0000026d   Thumb Code     0  startup_rvmdk.o(RESET)
    __main                                   0x00000289   Thumb Code     8  __main.o(!!!main)
    __scatterload                            0x00000291   Thumb Code     0  __scatter.o(!!!scatter)
    __scatterload_rt2                        0x00000291   Thumb Code    44  __scatter.o(!!!scatter)
    __scatterload_rt2_thumb_only             0x00000291   Thumb Code     0  __scatter.o(!!!scatter)
    __scatterload_null                       0x0000029f   Thumb Code     0  __scatter.o(!!!scatter)
    __scatterload_copy                       0x000002c5   Thumb Code    26  __scatter_copy.o(!!handler_copy)
    __scatterload_zeroinit                   0x000002e1   Thumb Code    28  __scatter_zi.o(!!handler_zi)
    _printf_d                                0x000002fd   Thumb Code     0  _printf_d.o(.ARM.Collect$$_printf_percent$$00000009)
    _printf_percent                          0x000002fd   Thumb Code     0  _printf_percent.o(.ARM.Collect$$_printf_percent$$00000000)
    _printf_s                                0x00000303   Thumb Code     0  _printf_s.o(.ARM.Collect$$_printf_percent$$00000014)
    _printf_percent_end                      0x00000309   Thumb Code     0  _printf_percent_end.o(.ARM.Collect$$_printf_percent$$00000017)
    __rt_lib_init                            0x0000030d   Thumb Code     0  libinit.o(.ARM.Collect$$libinit$$00000000)
    __rt_lib_init_fp_1                       0x0000030f   Thumb Code     0  libinit2.o(.ARM.Collect$$libinit$$00000001)
    __rt_lib_init_heap_1                     0x00000313   Thumb Code     0  libinit2.o(.ARM.Collect$$libinit$$0000000A)
    __rt_lib_init_lc_common                  0x00000313   Thumb Code     0  libinit2.o(.ARM.Collect$$libinit$$0000000F)
    __rt_lib_init_preinit_1                  0x00000313   Thumb Code     0  libinit2.o(.ARM.Collect$$libinit$$00000004)
    __rt_lib_init_rand_1                     0x00000313   Thumb Code     0  libinit2.o(.ARM.Collect$$libinit$$0000000E)
    __rt_lib_init_user_alloc_1               0x00000313   Thumb Code     0  libinit2.o(.ARM.Collect$$libinit$$0000000C)
    __rt_lib_init_lc_collate_1               0x00000319   Thumb Code     0  libinit2.o(.ARM.Collect$$libinit$$00000011)
    __rt_lib_init_lc_ctype_2                 0x00000319   Thumb Code     0  libinit2.o(.ARM.Collect$$libinit$$00000012)
    __rt_lib_init_alloca_1                   0x00000325   Thumb Code     0  libinit2.o(.ARM.Collect$$libinit$$0000002E)
    __rt_lib_init_argv_1                     0x00000325   Thumb Code     0  libinit2.o(.ARM.Collect$$libinit$$0000002C)
    __rt_lib_init_atexit_1                   0x00000325   Thumb Code     0  libinit2.o(.ARM.Collect$$libinit$$0000001B)
    __rt_lib_init_clock_1                    0x00000325   Thumb Code     0  libinit2.o(.ARM.Collect$$libinit$$00000021)
    __rt_lib_init_cpp_1                      0x00000325   Thumb Code     0  libinit2.o(.ARM.Collect$$libinit$$00000032)
    __rt_lib_init_exceptions_1               0x00000325   Thumb Code     0  libinit2.o(.ARM.Collect$$libinit$$00000030)
    __rt_lib_init_fp_trap_1                  0x00000325   Thumb Code     0  libinit2.o(.ARM.Collect$$libinit$$0000001F)
    __rt_lib_init_getenv_1                   0x00000325   Thumb Code     0  libinit2.o(.ARM.Collect$$libinit$$00000023)
    __rt_lib_init_lc_ctype_1                 0x00000325   Thumb Code     0  libinit2.o(.ARM.Collect$$libinit$$00000013)
    __rt_lib_init_lc_monetary_1              0x00000325   Thumb Code     0  libinit2.o(.ARM.Collect$$libinit$$00000015)
    __rt_lib_init_lc_numeric_1               0x00000325   Thumb Code     0  libinit2.o(.ARM.Collect$$libinit$$00000017)
    __rt_lib_init_lc_time_1                  0x00000325   Thumb Code     0  libinit2.o(.ARM.Collect$$libinit$$00000019)
    __rt_lib_init_return                     0x00000325   Thumb Code     0  libinit2.o(.ARM.Collect$$libinit$$00000033)
    __rt_lib_init_signal_1                   0x00000325   Thumb Code     0  libinit2.o(.ARM.Collect$$libinit$$0000001D)
    __rt_lib_init_stdio_1                    0x00000325   Thumb Code     0  libinit2.o(.ARM.Collect$$libinit$$00000025)
    __rt_lib_shutdown                        0x00000327   Thumb Code     0  libshutdown.o(.ARM.Collect$$libshutdown$$00000000)
    __rt_lib_shutdown_cpp_1                  0x00000329   Thumb Code     0  libshutdown2.o(.ARM.Collect$$libshutdown$$00000002)
    __rt_lib_shutdown_fp_trap_1              0x00000329   Thumb Code     0  libshutdown2.o(.ARM.Collect$$libshutdown$$00000007)
    __rt_lib_shutdown_heap_1                 0x00000329   Thumb Code     0  libshutdown2.o(.ARM.Collect$$libshutdown$$0000000F)
    __rt_lib_shutdown_return                 0x00000329   Thumb Code     0  libshutdown2.o(.ARM.Collect$$libshutdown$$00000010)
    __rt_lib_shutdown_signal_1               0x00000329   Thumb Code     0  libshutdown2.o(.ARM.Collect$$libshutdown$$0000000A)
    __rt_lib_shutdown_stdio_1                0x00000329   Thumb Code     0  libshutdown2.o(.ARM.Collect$$libshutdown$$00000004)
    __rt_lib_shutdown_user_alloc_1           0x00000329   Thumb Code     0  libshutdown2.o(.ARM.Collect$$libshutdown$$0000000C)
    __rt_entry                               0x0000032b   Thumb Code     0  __rtentry.o(.ARM.Collect$$rtentry$$00000000)
    __rt_entry_presh_1                       0x0000032b   Thumb Code     0  __rtentry2.o(.ARM.Collect$$rtentry$$00000002)
    __rt_entry_sh                            0x0000032b   Thumb Code     0  __rtentry4.o(.ARM.Collect$$rtentry$$00000004)
    __rt_entry_li                            0x00000331   Thumb Code     0  __rtentry2.o(.ARM.Collect$$rtentry$$0000000A)
    __rt_entry_postsh_1                      0x00000331   Thumb Code     0  __rtentry2.o(.ARM.Collect$$rtentry$$00000009)
    __rt_entry_main                          0x00000335   Thumb Code     0  __rtentry2.o(.ARM.Collect$$rtentry$$0000000D)
    __rt_entry_postli_1                      0x00000335   Thumb Code     0  __rtentry2.o(.ARM.Collect$$rtentry$$0000000C)
    __rt_exit                                0x0000033d   Thumb Code     0  rtexit.o(.ARM.Collect$$rtexit$$00000000)
    __rt_exit_ls                             0x0000033f   Thumb Code     0  rtexit2.o(.ARM.Collect$$rtexit$$00000003)
    __rt_exit_prels_1                        0x0000033f   Thumb Code     0  rtexit2.o(.ARM.Collect$$rtexit$$00000002)
    __rt_exit_exit                           0x00000343   Thumb Code     0  rtexit2.o(.ARM.Collect$$rtexit$$00000004)
    SysCtlDelay                              0x00000349   Thumb Code     6  sysctl.o(.emb_text)
    CPUcpsid                                 0x00000351   Thumb Code     8  cpu.o(.emb_text)
    CPUprimask                               0x00000359   Thumb Code     6  cpu.o(.emb_text)
    CPUcpsie                                 0x0000035f   Thumb Code     8  cpu.o(.emb_text)
    CPUwfi                                   0x00000367   Thumb Code     4  cpu.o(.emb_text)
    CPUbasepriSet                            0x0000036b   Thumb Code     6  cpu.o(.emb_text)
    CPUbasepriGet                            0x00000371   Thumb Code     6  cpu.o(.emb_text)
    __user_initial_stackheap                 0x00000379   Thumb Code     0  startup_rvmdk.o(.text)
    __I$use$semihosting                      0x00000391   Thumb Code     0  use_no_semi.o(.text)
    __use_no_semihosting_swi                 0x00000391   Thumb Code     2  use_no_semi.o(.text)
    toupper                                  0x00000393   Thumb Code    30  toupper.o(.text)
    __2printf                                0x000003b1   Thumb Code    20  noretval__2printf.o(.text)
    __printf                                 0x000003c9   Thumb Code   104  __printf.o(.text)
    _printf_str                              0x00000431   Thumb Code    82  _printf_str.o(.text)
    _printf_int_dec                          0x00000485   Thumb Code   104  _printf_dec.o(.text)
    getc                                     0x000004fd   Thumb Code     4  getc.o(.text)
    puts                                     0x00000501   Thumb Code    40  puts.o(.text)
    __use_two_region_memory                  0x0000052d   Thumb Code     2  heapauxi.o(.text)
    __rt_heap_escrow$2region                 0x0000052f   Thumb Code     2  heapauxi.o(.text)
    __rt_heap_expand$2region                 0x00000531   Thumb Code     2  heapauxi.o(.text)
    __rt_ctype_table                         0x00000535   Thumb Code    16  rt_ctype_table.o(.text)
    _printf_int_common                       0x00000545   Thumb Code   178  _printf_intcommon.o(.text)
    _printf_cs_common                        0x000005f7   Thumb Code    20  _printf_char.o(.text)
    _printf_char                             0x0000060b   Thumb Code    16  _printf_char.o(.text)
    _printf_string                           0x0000061b   Thumb Code     8  _printf_char.o(.text)
    _printf_char_file                        0x00000625   Thumb Code    32  _printf_char_file.o(.text)
    __rt_locale                              0x00000649   Thumb Code     8  rt_locale_intlibspace.o(.text)
    _printf_char_common                      0x0000065b   Thumb Code    32  _printf_char_common.o(.text)
    __user_libspace                          0x00000681   Thumb Code     8  libspace.o(.text)
    __user_perproc_libspace                  0x00000681   Thumb Code     0  libspace.o(.text)
    __user_perthread_libspace                0x00000681   Thumb Code     0  libspace.o(.text)
    __user_setup_stackheap                   0x00000689   Thumb Code    74  sys_stackheap_outer.o(.text)
    exit                                     0x000006d3   Thumb Code    18  exit.o(.text)
    strcmp                                   0x000006e5   Thumb Code   128  strcmpv7m.o(.text)
    CPUgetPRIMASK_cpsid                      0x00000765   Thumb Code     8  es_port.o(i.CPUgetPRIMASK_cpsid)
    CPUsetPRIMASK                            0x0000076d   Thumb Code     6  es_port.o(i.CPUsetPRIMASK)
    Check4Keystroke                          0x00000775   Thumb Code    80  eventcheckers.o(i.Check4Keystroke)
    ES_CheckUserEvents                       0x00000845   Thumb Code    34  es_checkevents.o(i.ES_CheckUserEvents)
    ES_DeQueue                               0x0000086d   Thumb Code    80  es_queue.o(i.ES_DeQueue)
    ES_EnQueueFIFO                           0x000008c1   Thumb Code    66  es_queue.o(i.ES_EnQueueFIFO)
    ES_GetMSBitSet                           0x00000909   Thumb Code    48  es_lookuptables.o(i.ES_GetMSBitSet)
    ES_InitQueue                             0x0000093d   Thumb Code    16  es_queue.o(i.ES_InitQueue)
    ES_Initialize                            0x0000094d   Thumb Code    72  es_framework.o(i.ES_Initialize)
    ES_PostToService                         0x00000999   Thumb Code    42  es_framework.o(i.ES_PostToService)
    ES_Run                                   0x000009d1   Thumb Code    84  es_framework.o(i.ES_Run)
    ES_Timer_Init                            0x00000a31   Thumb Code     4  es_timers.o(i.ES_Timer_Init)
    ES_Timer_Tick_Resp                       0x00000a35   Thumb Code    90  es_timers.o(i.ES_Timer_Tick_Resp)
    GPIODirModeSet                           0x00000aa1   Thumb Code    40  gpio.o(i.GPIODirModeSet)
    GPIOPadConfigSet                         0x00000ac9   Thumb Code   312  gpio.o(i.GPIOPadConfigSet)
    GPIOPinConfigure                         0x00000c01   Thumb Code    60  gpio.o(i.GPIOPinConfigure)
    GPIOPinTypeUART                          0x00000c45   Thumb Code    28  gpio.o(i.GPIOPinTypeUART)
    InitMapKeys                              0x00000c61   Thumb Code     8  mapkeys.o(i.InitMapKeys)
    InitMasterSM                             0x00000c6d   Thumb Code    22  masterhsm.o(i.InitMasterSM)
    IntMasterEnable                          0x00000c89   Thumb Code    14  interrupt.o(i.IntMasterEnable)
    PostMasterSM                             0x00000c99   Thumb Code    10  masterhsm.o(i.PostMasterSM)
    RunCalibratingSM                         0x00000ca9   Thumb Code   110  calibratinghsm.o(i.RunCalibratingSM)
    RunMapKeys                               0x00000d81   Thumb Code    40  mapkeys.o(i.RunMapKeys)
    RunMasterSM                              0x00000da9   Thumb Code   244  masterhsm.o(i.RunMasterSM)
    StartCalibratingSM                       0x00000ff5   Thumb Code    32  calibratinghsm.o(i.StartCalibratingSM)
    StartMasterSM                            0x00001031   Thumb Code    10  masterhsm.o(i.StartMasterSM)
    SysCtlClockSet                           0x00001041   Thumb Code   270  sysctl.o(i.SysCtlClockSet)
    SysCtlPeripheralEnable                   0x00001161   Thumb Code    36  sysctl.o(i.SysCtlPeripheralEnable)
    SysTickEnable                            0x00001189   Thumb Code    14  systick.o(i.SysTickEnable)
    SysTickIntEnable                         0x00001197   Thumb Code    14  systick.o(i.SysTickIntEnable)
    SysTickIntHandler                        0x000011a5   Thumb Code    16  es_port.o(i.SysTickIntHandler)
    SysTickPeriodSet                         0x000011b9   Thumb Code    10  systick.o(i.SysTickPeriodSet)
    TERMIO_GetChar                           0x000011c3   Thumb Code     4  termio.o(i.TERMIO_GetChar)
    TERMIO_Init                              0x000011c9   Thumb Code    62  termio.o(i.TERMIO_Init)
    TERMIO_PutChar                           0x00001219   Thumb Code     8  termio.o(i.TERMIO_PutChar)
    UARTCharPut                              0x00001225   Thumb Code    12  uart.o(i.UARTCharPut)
    UARTClockSourceSet                       0x00001231   Thumb Code     6  uart.o(i.UARTClockSourceSet)
    UARTStdioConfig                          0x00001239   Thumb Code    82  uartstdio.o(i.UARTStdioConfig)
    UARTgetc                                 0x00001295   Thumb Code    20  uartstdio.o(i.UARTgetc)
    _HW_Process_Pending_Ints                 0x000012ad   Thumb Code    26  es_port.o(i._HW_Process_Pending_Ints)
    _HW_Timer_Init                           0x000012cd   Thumb Code    22  es_port.o(i._HW_Timer_Init)
    _sys_exit                                0x000012e3   Thumb Code     2  retarget.o(i._sys_exit)
    ferror                                   0x000012e5   Thumb Code     6  retarget.o(i.ferror)
    fgetc                                    0x000012eb   Thumb Code     4  retarget.o(i.fgetc)
    fputc                                    0x000012ef   Thumb Code    14  retarget.o(i.fputc)
    kbhit                                    0x000012fd   Thumb Code    16  termio.o(i.kbhit)
    main                                     0x00001311   Thumb Code    86  hsmtemplatemain.o(i.main)
    _get_lc_ctype                            0x00001459   Thumb Code    44  lc_ctype_c.o(locale$$code)
    _fp_init                                 0x00001485   Thumb Code    10  fpinit.o(x$fpl$fpinit)
    __fplib_config_fpu_vfp                   0x0000148d   Thumb Code     0  fpinit.o(x$fpl$fpinit)
    __fplib_config_pureend_doubles           0x0000148d   Thumb Code     0  fpinit.o(x$fpl$fpinit)
    BitNum2SetMask                           0x000014bc   Data          32  es_lookuptables.o(.constdata)
    Nybble2MSBitNum                          0x000014dc   Data          15  es_lookuptables.o(.constdata)
    Region$$Table$$Base                      0x00001950   Number         0  anon$$obj.o(Region$$Table)
    Region$$Table$$Limit                     0x00001970   Number         0  anon$$obj.o(Region$$Table)
    __ctype                                  0x0000197d   Data           0  lc_ctype_c.o(locale$$data)
    Ready                                    0x20000004   Data           2  es_framework.o(.data)
    _PRIMASK_temp                            0x20000010   Data           4  es_queue.o(.data)
    __stdout                                 0x20000020   Data           4  retarget.o(.data)
    __stdin                                  0x20000024   Data           4  retarget.o(.data)
    __libspace_start                         0x2000006c   Data          96  libspace.o(.bss)
    __temporary_stack_top$libspace           0x200000cc   Data           0  libspace.o(.bss)



==============================================================================

Memory Map of the image

  Image Entry point : 0x0000026d

  Load Region LR_IROM1 (Base: 0x00000000, Size: 0x00001ab0, Max: 0x00040000, ABSOLUTE)

    Execution Region ER_IROM1 (Base: 0x00000000, Size: 0x00001a80, Max: 0x00040000, ABSOLUTE)

    Base Addr    Size         Type   Attr      Idx    E Section Name        Object

    0x00000000   0x00000288   Code   RO          325  * RESET               startup_rvmdk.o
    0x00000288   0x00000008   Code   RO         1948  * !!!main             c_w.l(__main.o)
    0x00000290   0x00000034   Code   RO         2122    !!!scatter          c_w.l(__scatter.o)
    0x000002c4   0x0000001a   Code   RO         2124    !!handler_copy      c_w.l(__scatter_copy.o)
    0x000002de   0x00000002   PAD
    0x000002e0   0x0000001c   Code   RO         2126    !!handler_zi        c_w.l(__scatter_zi.o)
    0x000002fc   0x00000000   Code   RO         1941    .ARM.Collect$$_printf_percent$$00000000  c_w.l(_printf_percent.o)
    0x000002fc   0x00000006   Code   RO         1940    .ARM.Collect$$_printf_percent$$00000009  c_w.l(_printf_d.o)
    0x00000302   0x00000006   Code   RO         1939    .ARM.Collect$$_printf_percent$$00000014  c_w.l(_printf_s.o)
    0x00000308   0x00000004   Code   RO         1959    .ARM.Collect$$_printf_percent$$00000017  c_w.l(_printf_percent_end.o)
    0x0000030c   0x00000002   Code   RO         2001    .ARM.Collect$$libinit$$00000000  c_w.l(libinit.o)
    0x0000030e   0x00000004   Code   RO         2002    .ARM.Collect$$libinit$$00000001  c_w.l(libinit2.o)
    0x00000312   0x00000000   Code   RO         2005    .ARM.Collect$$libinit$$00000004  c_w.l(libinit2.o)
    0x00000312   0x00000000   Code   RO         2008    .ARM.Collect$$libinit$$0000000A  c_w.l(libinit2.o)
    0x00000312   0x00000000   Code   RO         2010    .ARM.Collect$$libinit$$0000000C  c_w.l(libinit2.o)
    0x00000312   0x00000000   Code   RO         2012    .ARM.Collect$$libinit$$0000000E  c_w.l(libinit2.o)
    0x00000312   0x00000006   Code   RO         2013    .ARM.Collect$$libinit$$0000000F  c_w.l(libinit2.o)
    0x00000318   0x00000000   Code   RO         2015    .ARM.Collect$$libinit$$00000011  c_w.l(libinit2.o)
    0x00000318   0x0000000c   Code   RO         2016    .ARM.Collect$$libinit$$00000012  c_w.l(libinit2.o)
    0x00000324   0x00000000   Code   RO         2017    .ARM.Collect$$libinit$$00000013  c_w.l(libinit2.o)
    0x00000324   0x00000000   Code   RO         2019    .ARM.Collect$$libinit$$00000015  c_w.l(libinit2.o)
    0x00000324   0x00000000   Code   RO         2021    .ARM.Collect$$libinit$$00000017  c_w.l(libinit2.o)
    0x00000324   0x00000000   Code   RO         2023    .ARM.Collect$$libinit$$00000019  c_w.l(libinit2.o)
    0x00000324   0x00000000   Code   RO         2025    .ARM.Collect$$libinit$$0000001B  c_w.l(libinit2.o)
    0x00000324   0x00000000   Code   RO         2027    .ARM.Collect$$libinit$$0000001D  c_w.l(libinit2.o)
    0x00000324   0x00000000   Code   RO         2029    .ARM.Collect$$libinit$$0000001F  c_w.l(libinit2.o)
    0x00000324   0x00000000   Code   RO         2031    .ARM.Collect$$libinit$$00000021  c_w.l(libinit2.o)
    0x00000324   0x00000000   Code   RO         2033    .ARM.Collect$$libinit$$00000023  c_w.l(libinit2.o)
    0x00000324   0x00000000   Code   RO         2035    .ARM.Collect$$libinit$$00000025  c_w.l(libinit2.o)
    0x00000324   0x00000000   Code   RO         2039    .ARM.Collect$$libinit$$0000002C  c_w.l(libinit2.o)
    0x00000324   0x00000000   Code   RO         2041    .ARM.Collect$$libinit$$0000002E  c_w.l(libinit2.o)
    0x00000324   0x00000000   Code   RO         2043    .ARM.Collect$$libinit$$00000030  c_w.l(libinit2.o)
    0x00000324   0x00000000   Code   RO         2045    .ARM.Collect$$libinit$$00000032  c_w.l(libinit2.o)
    0x00000324   0x00000002   Code   RO         2046    .ARM.Collect$$libinit$$00000033  c_w.l(libinit2.o)
    0x00000326   0x00000002   Code   RO         2074    .ARM.Collect$$libshutdown$$00000000  c_w.l(libshutdown.o)
    0x00000328   0x00000000   Code   RO         2083    .ARM.Collect$$libshutdown$$00000002  c_w.l(libshutdown2.o)
    0x00000328   0x00000000   Code   RO         2085    .ARM.Collect$$libshutdown$$00000004  c_w.l(libshutdown2.o)
    0x00000328   0x00000000   Code   RO         2088    .ARM.Collect$$libshutdown$$00000007  c_w.l(libshutdown2.o)
    0x00000328   0x00000000   Code   RO         2091    .ARM.Collect$$libshutdown$$0000000A  c_w.l(libshutdown2.o)
    0x00000328   0x00000000   Code   RO         2093    .ARM.Collect$$libshutdown$$0000000C  c_w.l(libshutdown2.o)
    0x00000328   0x00000000   Code   RO         2096    .ARM.Collect$$libshutdown$$0000000F  c_w.l(libshutdown2.o)
    0x00000328   0x00000002   Code   RO         2097    .ARM.Collect$$libshutdown$$00000010  c_w.l(libshutdown2.o)
    0x0000032a   0x00000000   Code   RO         1950    .ARM.Collect$$rtentry$$00000000  c_w.l(__rtentry.o)
    0x0000032a   0x00000000   Code   RO         1961    .ARM.Collect$$rtentry$$00000002  c_w.l(__rtentry2.o)
    0x0000032a   0x00000006   Code   RO         1973    .ARM.Collect$$rtentry$$00000004  c_w.l(__rtentry4.o)
    0x00000330   0x00000000   Code   RO         1963    .ARM.Collect$$rtentry$$00000009  c_w.l(__rtentry2.o)
    0x00000330   0x00000004   Code   RO         1964    .ARM.Collect$$rtentry$$0000000A  c_w.l(__rtentry2.o)
    0x00000334   0x00000000   Code   RO         1966    .ARM.Collect$$rtentry$$0000000C  c_w.l(__rtentry2.o)
    0x00000334   0x00000008   Code   RO         1967    .ARM.Collect$$rtentry$$0000000D  c_w.l(__rtentry2.o)
    0x0000033c   0x00000002   Code   RO         2047    .ARM.Collect$$rtexit$$00000000  c_w.l(rtexit.o)
    0x0000033e   0x00000000   Code   RO         2054    .ARM.Collect$$rtexit$$00000002  c_w.l(rtexit2.o)
    0x0000033e   0x00000004   Code   RO         2055    .ARM.Collect$$rtexit$$00000003  c_w.l(rtexit2.o)
    0x00000342   0x00000006   Code   RO         2056    .ARM.Collect$$rtexit$$00000004  c_w.l(rtexit2.o)
    0x00000348   0x00000006   Code   RO         1187    .emb_text           driverlib.lib(sysctl.o)
    0x0000034e   0x00000002   PAD
    0x00000350   0x00000026   Code   RO         1893    .emb_text           driverlib.lib(cpu.o)
    0x00000376   0x00000002   PAD
    0x00000378   0x00000018   Code   RO          326    .text               startup_rvmdk.o
    0x00000390   0x00000002   Code   RO         1905    .text               c_w.l(use_no_semi.o)
    0x00000392   0x0000001e   Code   RO         1907    .text               c_w.l(toupper.o)
    0x000003b0   0x00000018   Code   RO         1911    .text               c_w.l(noretval__2printf.o)
    0x000003c8   0x00000068   Code   RO         1913    .text               c_w.l(__printf.o)
    0x00000430   0x00000052   Code   RO         1915    .text               c_w.l(_printf_str.o)
    0x00000482   0x00000002   PAD
    0x00000484   0x00000078   Code   RO         1917    .text               c_w.l(_printf_dec.o)
    0x000004fc   0x00000004   Code   RO         1942    .text               c_w.l(getc.o)
    0x00000500   0x0000002c   Code   RO         1944    .text               c_w.l(puts.o)
    0x0000052c   0x00000006   Code   RO         1946    .text               c_w.l(heapauxi.o)
    0x00000532   0x00000002   PAD
    0x00000534   0x00000010   Code   RO         1951    .text               c_w.l(rt_ctype_table.o)
    0x00000544   0x000000b2   Code   RO         1953    .text               c_w.l(_printf_intcommon.o)
    0x000005f6   0x0000002c   Code   RO         1955    .text               c_w.l(_printf_char.o)
    0x00000622   0x00000002   PAD
    0x00000624   0x00000024   Code   RO         1957    .text               c_w.l(_printf_char_file.o)
    0x00000648   0x00000008   Code   RO         1978    .text               c_w.l(rt_locale_intlibspace.o)
    0x00000650   0x00000030   Code   RO         1980    .text               c_w.l(_printf_char_common.o)
    0x00000680   0x00000008   Code   RO         1985    .text               c_w.l(libspace.o)
    0x00000688   0x0000004a   Code   RO         1988    .text               c_w.l(sys_stackheap_outer.o)
    0x000006d2   0x00000012   Code   RO         1992    .text               c_w.l(exit.o)
    0x000006e4   0x00000080   Code   RO         1994    .text               c_w.l(strcmpv7m.o)
    0x00000764   0x00000008   Code   RO          461    i.CPUgetPRIMASK_cpsid  es_port.o
    0x0000076c   0x00000006   Code   RO          467    i.CPUsetPRIMASK     es_port.o
    0x00000772   0x00000002   PAD
    0x00000774   0x00000054   Code   RO           74    i.Check4Keystroke   eventcheckers.o
    0x000007c8   0x0000007c   Code   RO          192    i.DuringCalibrating  masterhsm.o
    0x00000844   0x00000028   Code   RO          332    i.ES_CheckUserEvents  es_checkevents.o
    0x0000086c   0x00000054   Code   RO          509    i.ES_DeQueue        es_queue.o
    0x000008c0   0x00000048   Code   RO          510    i.ES_EnQueueFIFO    es_queue.o
    0x00000908   0x00000034   Code   RO          410    i.ES_GetMSBitSet    es_lookuptables.o
    0x0000093c   0x00000010   Code   RO          512    i.ES_InitQueue      es_queue.o
    0x0000094c   0x0000004c   Code   RO          364    i.ES_Initialize     es_framework.o
    0x00000998   0x00000038   Code   RO          366    i.ES_PostToService  es_framework.o
    0x000009d0   0x00000060   Code   RO          368    i.ES_Run            es_framework.o
    0x00000a30   0x00000004   Code   RO          552    i.ES_Timer_Init     es_timers.o
    0x00000a34   0x0000006c   Code   RO          557    i.ES_Timer_Tick_Resp  es_timers.o
    0x00000aa0   0x00000028   Code   RO          762    i.GPIODirModeSet    driverlib.lib(gpio.o)
    0x00000ac8   0x00000138   Code   RO          772    i.GPIOPadConfigSet  driverlib.lib(gpio.o)
    0x00000c00   0x00000044   Code   RO          773    i.GPIOPinConfigure  driverlib.lib(gpio.o)
    0x00000c44   0x0000001c   Code   RO          796    i.GPIOPinTypeUART   driverlib.lib(gpio.o)
    0x00000c60   0x0000000c   Code   RO           98    i.InitMapKeys       mapkeys.o
    0x00000c6c   0x0000001c   Code   RO          193    i.InitMasterSM      masterhsm.o
    0x00000c88   0x0000000e   Code   RO         1075    i.IntMasterEnable   driverlib.lib(interrupt.o)
    0x00000c96   0x00000002   PAD
    0x00000c98   0x00000010   Code   RO          194    i.PostMasterSM      masterhsm.o
    0x00000ca8   0x000000d8   Code   RO          131    i.RunCalibratingSM  calibratinghsm.o
    0x00000d80   0x00000028   Code   RO          100    i.RunMapKeys        mapkeys.o
    0x00000da8   0x0000024c   Code   RO          195    i.RunMasterSM       masterhsm.o
    0x00000ff4   0x0000003c   Code   RO          132    i.StartCalibratingSM  calibratinghsm.o
    0x00001030   0x00000010   Code   RO          196    i.StartMasterSM     masterhsm.o
    0x00001040   0x00000120   Code   RO         1192    i.SysCtlClockSet    driverlib.lib(sysctl.o)
    0x00001160   0x00000028   Code   RO         1221    i.SysCtlPeripheralEnable  driverlib.lib(sysctl.o)
    0x00001188   0x0000000e   Code   RO         1536    i.SysTickEnable     driverlib.lib(systick.o)
    0x00001196   0x0000000e   Code   RO         1538    i.SysTickIntEnable  driverlib.lib(systick.o)
    0x000011a4   0x00000014   Code   RO          427    i.SysTickIntHandler  es_port.o
    0x000011b8   0x0000000a   Code   RO         1542    i.SysTickPeriodSet  driverlib.lib(systick.o)
    0x000011c2   0x00000004   Code   RO          656    i.TERMIO_GetChar    termio.o
    0x000011c6   0x00000002   PAD
    0x000011c8   0x00000050   Code   RO          657    i.TERMIO_Init       termio.o
    0x00001218   0x0000000c   Code   RO          658    i.TERMIO_PutChar    termio.o
    0x00001224   0x0000000c   Code   RO         1606    i.UARTCharPut       driverlib.lib(uart.o)
    0x00001230   0x00000006   Code   RO         1610    i.UARTClockSourceSet  driverlib.lib(uart.o)
    0x00001236   0x00000002   PAD
    0x00001238   0x0000005c   Code   RO          702    i.UARTStdioConfig   uartstdio.o
    0x00001294   0x00000018   Code   RO          703    i.UARTgetc          uartstdio.o
    0x000012ac   0x00000020   Code   RO          429    i._HW_Process_Pending_Ints  es_port.o
    0x000012cc   0x00000016   Code   RO          430    i._HW_Timer_Init    es_port.o
    0x000012e2   0x00000002   Code   RO          603    i._sys_exit         retarget.o
    0x000012e4   0x00000006   Code   RO          605    i.ferror            retarget.o
    0x000012ea   0x00000004   Code   RO          606    i.fgetc             retarget.o
    0x000012ee   0x0000000e   Code   RO          607    i.fputc             retarget.o
    0x000012fc   0x00000014   Code   RO          659    i.kbhit             termio.o
    0x00001310   0x00000148   Code   RO            1    i.main              hsmtemplatemain.o
    0x00001458   0x0000002c   Code   RO         1983    locale$$code        c_w.l(lc_ctype_c.o)
    0x00001484   0x0000000a   Code   RO         2051    x$fpl$fpinit        fz_wm.l(fpinit.o)
    0x0000148e   0x00000002   PAD
    0x00001490   0x00000004   Data   RO          133    .constdata          calibratinghsm.o
    0x00001494   0x00000004   Data   RO          197    .constdata          masterhsm.o
    0x00001498   0x00000004   Data   RO          333    .constdata          es_checkevents.o
    0x0000149c   0x00000020   Data   RO          371    .constdata          es_framework.o
    0x000014bc   0x00000020   Data   RO          411    .constdata          es_lookuptables.o
    0x000014dc   0x0000000f   Data   RO          412    .constdata          es_lookuptables.o
    0x000014eb   0x00000001   PAD
    0x000014ec   0x00000040   Data   RO          559    .constdata          es_timers.o
    0x0000152c   0x0000001c   Data   RO          708    .constdata          uartstdio.o
    0x00001548   0x00000210   Data   RO          803    .constdata          driverlib.lib(gpio.o)
    0x00001758   0x00000089   Data   RO          134    .conststring        calibratinghsm.o
    0x000017e1   0x00000003   PAD
    0x000017e4   0x00000156   Data   RO          198    .conststring        masterhsm.o
    0x0000193a   0x00000002   PAD
    0x0000193c   0x00000011   Data   RO          709    .conststring        uartstdio.o
    0x0000194d   0x00000003   PAD
    0x00001950   0x00000020   Data   RO         2120    Region$$Table       anon$$obj.o
    0x00001970   0x00000110   Data   RO         1982    locale$$data        c_w.l(lc_ctype_c.o)


    Execution Region RW_IRAM1 (Base: 0x20000000, Size: 0x000008d0, Max: 0x00008000, ABSOLUTE)

    Base Addr    Size         Type   Attr      Idx    E Section Name        Object

    0x20000000   0x00000001   Data   RW          101    .data               mapkeys.o
    0x20000001   0x00000001   Data   RW          135    .data               calibratinghsm.o
    0x20000002   0x00000002   Data   RW          199    .data               masterhsm.o
    0x20000004   0x00000006   Data   RW          372    .data               es_framework.o
    0x2000000a   0x00000004   Data   RW          431    .data               es_port.o
    0x2000000e   0x00000002   PAD
    0x20000010   0x00000004   Data   RW          514    .data               es_queue.o
    0x20000014   0x0000000a   Data   RW          560    .data               es_timers.o
    0x2000001e   0x00000002   PAD
    0x20000020   0x00000004   Data   RW          608    .data               retarget.o
    0x20000024   0x00000004   Data   RW          609    .data               retarget.o
    0x20000028   0x00000008   Data   RW          710    .data               uartstdio.o
    0x20000030   0x0000000c   Zero   RW          369    .bss                es_framework.o
    0x2000003c   0x00000010   Zero   RW          370    .bss                es_framework.o
    0x2000004c   0x00000020   Zero   RW          558    .bss                es_timers.o
    0x2000006c   0x00000060   Zero   RW         1986    .bss                c_w.l(libspace.o)
    0x200000cc   0x00000004   PAD
    0x200000d0   0x00000000   Zero   RW          324    HEAP                startup_rvmdk.o
    0x200000d0   0x00000800   Zero   RW          323    STACK               startup_rvmdk.o


==============================================================================

Image component sizes


      Code (inc. data)   RO Data    RW Data    ZI Data      Debug   Object Name

       276        134        141          1          0       2500   calibratinghsm.o
        40          6          4          0          0       1273   es_checkevents.o
       228         30         32          6         28       3140   es_framework.o
        52          4         47          0          0       1470   es_lookuptables.o
        88         10          0          4          0       3786   es_port.o
       172         10          0          4          0       2857   es_queue.o
       112         18         64         10         32       1933   es_timers.o
        84          4          0          0          0       1082   eventcheckers.o
       328        242          0          0          0       9287   hsmtemplatemain.o
        52          4          0          1          0       1363   mapkeys.o
       772        422        346          2          0       4320   masterhsm.o
        26          0          0          8          0       3907   retarget.o
       672        636          0          0       2048        604   startup_rvmdk.o
       116         26          0          0          0       2080   termio.o
       116         14         45          8          0       3052   uartstdio.o

    ----------------------------------------------------------------------
      3138       1560        720         48       2108      42654   Object Totals
         0          0         32          0          0          0   (incl. Generated)
         4          0          9          4          0          0   (incl. Padding)

    ----------------------------------------------------------------------

      Code (inc. data)   RO Data    RW Data    ZI Data      Debug   Library Member Name

         8          0          0          0          0         68   __main.o
       104          0          0          0          0         84   __printf.o
         0          0          0          0          0          0   __rtentry.o
        12          0          0          0          0          0   __rtentry2.o
         6          0          0          0          0          0   __rtentry4.o
        52          8          0          0          0          0   __scatter.o
        26          0          0          0          0          0   __scatter_copy.o
        28          0          0          0          0          0   __scatter_zi.o
        44          0          0          0          0        108   _printf_char.o
        48          6          0          0          0         96   _printf_char_common.o
        36          4          0          0          0         80   _printf_char_file.o
         6          0          0          0          0          0   _printf_d.o
       120         16          0          0          0         92   _printf_dec.o
       178          0          0          0          0         88   _printf_intcommon.o
         0          0          0          0          0          0   _printf_percent.o
         4          0          0          0          0          0   _printf_percent_end.o
         6          0          0          0          0          0   _printf_s.o
        82          0          0          0          0         80   _printf_str.o
        18          0          0          0          0         80   exit.o
         4          0          0          0          0         68   getc.o
         6          0          0          0          0        152   heapauxi.o
        44         10        272          0          0         76   lc_ctype_c.o
         2          0          0          0          0          0   libinit.o
        24          0          0          0          0          0   libinit2.o
         2          0          0          0          0          0   libshutdown.o
         2          0          0          0          0          0   libshutdown2.o
         8          4          0          0         96         68   libspace.o
        24          4          0          0          0         84   noretval__2printf.o
        44          4          0          0          0         84   puts.o
        16          4          0          0          0         76   rt_ctype_table.o
         8          4          0          0          0         68   rt_locale_intlibspace.o
         2          0          0          0          0          0   rtexit.o
        10          0          0          0          0          0   rtexit2.o
       128          0          0          0          0         68   strcmpv7m.o
        74          0          0          0          0         80   sys_stackheap_outer.o
        30          0          0          0          0         76   toupper.o
         2          0          0          0          0         68   use_no_semi.o
        38          0          0          0          0        572   cpu.o
       448          8        528          0          0       6617   gpio.o
        14          0          0          0          0        518   interrupt.o
       334         22          0          0          0       1742   sysctl.o
        38          0          0          0          0       1410   systick.o
        18          0          0          0          0        999   uart.o
        10          0          0          0          0        116   fpinit.o

    ----------------------------------------------------------------------
      2126         94        800          0        100      13718   Library Totals
        18          0          0          0          4          0   (incl. Padding)

    ----------------------------------------------------------------------

      Code (inc. data)   RO Data    RW Data    ZI Data      Debug   Library Name

      1208         64        272          0         96       1744   c_w.l
       890         30        528          0          0      11858   driverlib.lib
        10          0          0          0          0        116   fz_wm.l

    ----------------------------------------------------------------------
      2126         94        800          0        100      13718   Library Totals

    ----------------------------------------------------------------------

==============================================================================


      Code (inc. data)   RO Data    RW Data    ZI Data      Debug   

      5264       1654       1520         48       2208      51188   Grand Totals
      5264       1654       1520         48       2208      51188   ELF Image Totals
      5264       1654       1520         48          0          0   ROM Totals

==============================================================================

    Total RO  Size (Code + RO Data)                 6784 (   6.63kB)
    Total RW  Size (RW Data + ZI Data)              2256 (   2.20kB)
    Total ROM Size (Code + RO Data + RW Data)       6832 (   6.67kB)

==============================================================================

